      -----------------------------------------------------------      
     |                   =====================                   |     
     |                           x T B                           |     
     |                   =====================                   |     
     |                         S. Grimme                         |     
     |          Mulliken Center for Theoretical Chemistry        |     
     |                    University of Bonn                     |     
      -----------------------------------------------------------      

   * xtb version 6.5.1 (579679a) compiled by 'ehlert@majestix' on 2022-07-11

   xtb is free software: you can redistribute it and/or modify it under
   the terms of the GNU Lesser General Public License as published by
   the Free Software Foundation, either version 3 of the License, or
   (at your option) any later version.
   
   xtb is distributed in the hope that it will be useful,
   but WITHOUT ANY WARRANTY; without even the implied warranty of
   MERCHANTABILITY or FITNESS FOR A PARTICULAR PURPOSE.  See the
   GNU Lesser General Public License for more details.
   
   Cite this work as:
   * C. Bannwarth, E. Caldeweyher, S. Ehlert, A. Hansen, P. Pracht,
     J. Seibert, S. Spicher, S. Grimme, WIREs Comput. Mol. Sci., 2020, 11,
     e01493. DOI: 10.1002/wcms.1493
   
   for GFN2-xTB:
   * C. Bannwarth, S. Ehlert and S. Grimme., J. Chem. Theory Comput., 2019,
     15, 1652-1671. DOI: 10.1021/acs.jctc.8b01176
   for GFN1-xTB:
   * S. Grimme, C. Bannwarth, P. Shushkov, J. Chem. Theory Comput., 2017,
     13, 1989-2009. DOI: 10.1021/acs.jctc.7b00118
   for GFN0-xTB:
   * P. Pracht, E. Caldeweyher, S. Ehlert, S. Grimme, ChemRxiv, 2019, preprint.
     DOI: 10.26434/chemrxiv.8326202.v1
   for GFN-FF:
   * S. Spicher and S. Grimme, Angew. Chem. Int. Ed., 2020, 59, 15665-15673.
     DOI: 10.1002/anie.202004239
   
   for ALPB and GBSA implicit solvation:
   * S. Ehlert, M. Stahn, S. Spicher, S. Grimme, J. Chem. Theory Comput.,
     2021, 17, 4250-4261. DOI: 10.1021/acs.jctc.1c00471
   
   for DFT-D4:
   * E. Caldeweyher, C. Bannwarth and S. Grimme, J. Chem. Phys., 2017,
     147, 034112. DOI: 10.1063/1.4993215
   * E. Caldeweyher, S. Ehlert, A. Hansen, H. Neugebauer, S. Spicher,
     C. Bannwarth and S. Grimme, J. Chem. Phys., 2019, 150, 154122.
     DOI: 10.1063/1.5090222
   * E. Caldeweyher, J.-M. Mewes, S. Ehlert and S. Grimme, Phys. Chem. Chem. Phys.
     2020, 22, 8499-8512. DOI: 10.1039/D0CP00502A
   
   for sTDA-xTB:
   * S. Grimme and C. Bannwarth, J. Chem. Phys., 2016, 145, 054103.
     DOI: 10.1063/1.4959605
   
   in the mass-spec context:
   * V. Asgeirsson, C. Bauer and S. Grimme, Chem. Sci., 2017, 8, 4879.
     DOI: 10.1039/c7sc00601b
   * J. Koopman and S. Grimme, ACS Omega 2019, 4, 12, 15120-15133.
     DOI: 10.1021/acsomega.9b02011
   
   for metadynamics refer to:
   * S. Grimme, J. Chem. Theory Comput., 2019, 155, 2847-2862
     DOI: 10.1021/acs.jctc.9b00143
   
   for SPH calculations refer to:
   * S. Spicher and S. Grimme, J. Chem. Theory Comput., 2021, 17, 1701-1714
     DOI: 10.1021/acs.jctc.0c01306
   
   with help from (in alphabetical order)
   P. Atkinson, C. Bannwarth, F. Bohle, G. Brandenburg, E. Caldeweyher
   M. Checinski, S. Dohm, S. Ehlert, S. Ehrlich, I. Gerasimov, C. Hölzer
   A. Katbashev, J. Koopman, C. Lavigne, S. Lehtola, F. März, M. Müller,
   F. Musil, H. Neugebauer, J. Pisarek, C. Plett, P. Pracht, F. Pultar,
   J. Seibert, P. Shushkov, S. Spicher, M. Stahn, M. Steiner, T. Strunk,
   J. Stückrath, T. Rose, and J. Unsleber
   
 * started run on 2022/09/05 at 12:22:27.383     

           -------------------------------------------------
          |                Calculation Setup                |
           -------------------------------------------------

          program call               : xtb in.xyz --opt tight --uhf 2
          hostname                   : web
          coordinate file            : in.xyz
          omp threads                :                    16

   ID    Z sym.   atoms
    1    6 C      1, 3
    2    1 H      2, 4, 5
    3    8 O      6

           -------------------------------------------------
          |                 G F N 2 - x T B                 |
           -------------------------------------------------

        Reference                      10.1021/acs.jctc.8b01176
      * Hamiltonian:
        H0-scaling (s, p, d)           1.850000    2.230000    2.230000
        zeta-weighting                 0.500000
      * Dispersion:
        s8                             2.700000
        a1                             0.520000
        a2                             5.000000
        s9                             5.000000
      * Repulsion:
        kExp                           1.500000    1.000000
        rExp                           1.000000
      * Coulomb:
        alpha                          2.000000
        third order                    shell-resolved
        anisotropic                    true
        a3                             3.000000
        a5                             4.000000
        cn-shift                       1.200000
        cn-exp                         4.000000
        max-rad                        5.000000


          ...................................................
          :                      SETUP                      :
          :.................................................:
          :  # basis functions                  15          :
          :  # atomic orbitals                  15          :
          :  # shells                            9          :
          :  # electrons                        17          :
          :  max. iterations                   250          :
          :  Hamiltonian                  GFN2-xTB          :
          :  restarted?                      false          :
          :  GBSA solvation                  false          :
          :  PC potential                    false          :
          :  electronic temp.          300.0000000     K    :
          :  accuracy                    1.0000000          :
          :  -> integral cutoff          0.2500000E+02      :
          :  -> integral neglect         0.1000000E-07      :
          :  -> SCF convergence          0.1000000E-05 Eh   :
          :  -> wf. convergence          0.1000000E-03 e    :
          :  Broyden damping             0.4000000          :
          ...................................................

 iter      E             dE          RMSdq      gap      omega  full diag
   1     -9.7713711 -0.977137E+01  0.738E+00    4.96       0.0  T
   2     -9.6859943  0.853768E-01  0.491E+00    3.51       1.0  T
   3     -9.7794123 -0.934180E-01  0.502E+00    4.73       1.0  T
   4     -9.8270832 -0.476709E-01  0.275E+00    4.72       1.0  T
   5     -9.8402761 -0.131929E-01  0.188E+00    4.54       1.0  T
   6     -9.8390781  0.119801E-02  0.217E+00    4.53       1.0  T
   7     -9.8470771 -0.799907E-02  0.551E-01    4.45       1.0  T
   8     -9.8471835 -0.106389E-03  0.390E-01    4.45       1.0  T
   9     -9.8473268 -0.143323E-03  0.384E-02    4.44       1.1  T
  10     -9.8473276 -0.751675E-06  0.176E-02    4.44       2.3  T
  11     -9.8473282 -0.564109E-06  0.930E-03    4.44       4.4  T
  12     -9.8473282 -0.630454E-08  0.892E-04    4.44      45.7  T
  13     -9.8473282 -0.294644E-10  0.169E-04    4.44     241.0  T

   *** convergence criteria satisfied after 13 iterations ***

         #    Occupation            Energy/Eh            Energy/eV
      -------------------------------------------------------------
         1        2.0000           -0.6826575             -18.5761
       ...           ...                  ...                  ...
         3        2.0000           -0.5942962             -16.1716
         4        2.0000           -0.5570728             -15.1587
         5        2.0000           -0.5293351             -14.4039
         6        2.0000           -0.5065714             -13.7845
         7        2.0000           -0.4928996             -13.4125
         8        1.9915           -0.4247688             -11.5585
         9        1.0085           -0.4157180             -11.3123 (HOMO)
        10                         -0.2523858              -6.8678 (LUMO)
        11                          0.0229244               0.6238
        12                          0.1255550               3.4165
        13                          0.1523792               4.1465
        14                          0.3759740              10.2308
        15                          0.4477945              12.1851
      -------------------------------------------------------------
                  HL-Gap            0.1633322 Eh            4.4445 eV
             Fermi-level           -0.3771476 Eh          -10.2627 eV
 
 transition dipole moment (au) for excitation:           8           9
     X       Y       Z   
   0.0000   0.0000   0.0283  total (au/Debye):    0.028   0.072
 dE (eV)             :    0.246
 oscillator strength :  0.68321E-05

 SCC (total)                   0 d,  0 h,  0 min,  0.002 sec
 SCC setup                      ...        0 min,  0.000 sec (  4.950%)
 Dispersion                     ...        0 min,  0.000 sec (  2.153%)
 classical contributions        ...        0 min,  0.000 sec (  0.601%)
 integral evaluation            ...        0 min,  0.000 sec (  8.796%)
 iterations                     ...        0 min,  0.001 sec ( 40.013%)
 molecular gradient             ...        0 min,  0.000 sec ( 21.219%)
 printout                       ...        0 min,  0.000 sec ( 21.591%)

         :::::::::::::::::::::::::::::::::::::::::::::::::::::
         ::                     SUMMARY                     ::
         :::::::::::::::::::::::::::::::::::::::::::::::::::::
         :: total energy              -9.740655674040 Eh    ::
         :: gradient norm              0.171321666424 Eh/a0 ::
         :: HOMO-LUMO gap              4.444495901130 eV    ::
         ::.................................................::
         :: SCC energy                -9.847328157525 Eh    ::
         :: -> isotropic ES            0.026523853580 Eh    ::
         :: -> anisotropic ES          0.000036807576 Eh    ::
         :: -> anisotropic XC          0.005910092169 Eh    ::
         :: -> dispersion             -0.001703880702 Eh    ::
         :: repulsion energy           0.106672411799 Eh    ::
         :: add. restraining           0.000000000000 Eh    ::
         :: total charge              -0.000000000000 e     ::
         :::::::::::::::::::::::::::::::::::::::::::::::::::::

      ----------------------------------------------------------- 
     |                   =====================                   |
     |                        A N C O P T                        |
     |                   =====================                   |
     |               Approximate Normal Coordinate               |
     |                Rational Function Optimizer                |
      ----------------------------------------------------------- 

          ...................................................
          :                      SETUP                      :
          :.................................................:
          :   optimization level             tight          :
          :   max. optcycles                   200          :
          :   ANC micro-cycles                  20          :
          :   degrees of freedom                12          :
          :.................................................:
          :   RF solver                   davidson          :
          :   write xtbopt.log                true          :
          :   linear?                        false          :
          :   energy convergence         0.1000000E-05 Eh   :
          :   grad. convergence          0.8000000E-03 Eh/α :
          :   maximium RF displ.         1.0000000          :
          :   Hlow (freq-cutoff)         0.1000000E-01      :
          :   Hmax (freq-cutoff)         5.0000000          :
          :   S6 in model hess.         20.0000000          :
          ...................................................

generating ANC from model Hessian ...
Using Lindh-Hessian (1995)
 Shifting diagonal of input Hessian by   0.000000000000000E+000
 Lowest  eigenvalues of input Hessian
    0.000000    0.000000    0.000000    0.000000    0.000000    0.000000
    0.018835    0.029702    0.066385    0.075069    0.115774    0.200463
    0.231903    0.392112    0.812666    1.201681    1.541372    1.824195
 Highest eigenvalues
    0.231903    0.392112    0.812666    1.201681    1.541372    1.824195
 

........................................................................
.............................. CYCLE    1 ..............................
........................................................................
   1     -9.8473282 -0.984733E+01  0.103E-04    4.44       0.0  T
   2     -9.8473282 -0.111910E-12  0.621E-05    4.44     657.7  T
   3     -9.8473282  0.287770E-12  0.889E-06    4.44    4590.6  T
     SCC iter.                  ...        0 min,  0.000 sec
     gradient                   ...        0 min,  0.000 sec
 * total energy  :    -9.7406557 Eh     change       -0.1104414E-09 Eh
   gradient norm :     0.1713215 Eh/α   predicted     0.0000000E+00 (-100.00%)
   displ. norm   :     0.2071352 α      lambda       -0.2769997E-01
   maximum displ.:     0.1201736 α      in ANC's #7, #8, #10, ...

........................................................................
.............................. CYCLE    2 ..............................
........................................................................
   1     -9.8738236 -0.987382E+01  0.654E-01    4.86       0.0  T
   2     -9.8743005 -0.476893E-03  0.437E-01    4.71       1.0  T
   3     -9.8746306 -0.330079E-03  0.239E-01    4.77       1.0  T
   4     -9.8746121  0.184952E-04  0.171E-01    4.77       1.0  T
   5     -9.8747303 -0.118220E-03  0.314E-02    4.76       1.3  T
   6     -9.8747316 -0.127444E-05  0.104E-02    4.76       3.9  T
   7     -9.8747316 -0.555109E-07  0.164E-03    4.76      24.9  T
   8     -9.8747316 -0.203145E-08  0.337E-04    4.76     121.2  T
   9     -9.8747316 -0.957243E-10  0.450E-05    4.76     907.8  T
     SCC iter.                  ...        0 min,  0.000 sec
     gradient                   ...        0 min,  0.000 sec
 * total energy  :    -9.7629214 Eh     change       -0.2226573E-01 Eh
   gradient norm :     0.1108856 Eh/α   predicted    -0.1444422E-01 ( -35.13%)
   displ. norm   :     0.2282742 α      lambda       -0.2151473E-01
   maximum displ.:     0.1018360 α      in ANC's #10, #11, #9, ...

........................................................................
.............................. CYCLE    3 ..............................
........................................................................
   1     -9.8639404 -0.986394E+01  0.291E+00    5.62       0.0  T
   2     -9.8647772 -0.836817E-03  0.261E+00    4.71       1.0  T
   3     -9.8974423 -0.326651E-01  0.922E-01    5.13       1.0  T
   4     -9.8994868 -0.204458E-02  0.519E-01    5.22       1.0  T
   5     -9.8998857 -0.398812E-03  0.252E-01    5.29       1.0  T
   6     -9.9000285 -0.142878E-03  0.393E-02    5.33       1.0  T
   7     -9.9000309 -0.239787E-05  0.747E-03    5.32       5.5  T
   8     -9.9000311 -0.138490E-06  0.310E-03    5.32      13.2  T
   9     -9.9000311 -0.661178E-08  0.390E-04    5.32     104.5  T
  10     -9.9000311 -0.231253E-09  0.120E-04    5.32     339.7  T
     SCC iter.                  ...        0 min,  0.000 sec
     gradient                   ...        0 min,  0.000 sec
 * total energy  :    -9.7627382 Eh     change        0.1832228E-03 Eh
   gradient norm :     0.1491482 Eh/α   predicted    -0.1131792E-01 (*******%)
   displ. norm   :     0.1460118 α      lambda       -0.1947591E-01
   maximum displ.:     0.0710467 α      in ANC's #8, #7, #10, ...

........................................................................
.............................. CYCLE    4 ..............................
........................................................................
   1     -9.8801888 -0.988019E+01  0.639E-01    4.71       0.0  T
   2     -9.8796192  0.569640E-03  0.689E-01    4.92       1.0  T
   3     -9.8817582 -0.213906E-02  0.261E-01    4.83       1.0  T
   4     -9.8818808 -0.122565E-03  0.151E-01    4.82       1.0  T
   5     -9.8818964 -0.156317E-04  0.420E-02    4.84       1.0  T
   6     -9.8818977 -0.129487E-05  0.104E-02    4.84       3.9  T
   7     -9.8818978 -0.110195E-06  0.450E-03    4.84       9.1  T
   8     -9.8818978 -0.112995E-07  0.262E-04    4.84     155.8  T
   9     -9.8818978  0.859757E-11  0.160E-04    4.84     254.5  T
     SCC iter.                  ...        0 min,  0.000 sec
     gradient                   ...        0 min,  0.000 sec
 * total energy  :    -9.7697249 Eh     change       -0.6986690E-02 Eh
   gradient norm :     0.0350054 Eh/α   predicted    -0.9945559E-02 (  42.35%)
   displ. norm   :     0.0300027 α      lambda       -0.8032977E-03
   maximum displ.:     0.0158535 α      in ANC's #3, #12, #11, ...

........................................................................
.............................. CYCLE    5 ..............................
........................................................................
   1     -9.8836791 -0.988368E+01  0.150E-01    4.89       0.0  T
   2     -9.8837012 -0.220813E-04  0.103E-01    4.85       1.0  T
   3     -9.8837370 -0.358292E-04  0.500E-02    4.87       1.0  T
   4     -9.8837390 -0.194060E-05  0.170E-02    4.87       2.4  T
   5     -9.8837396 -0.612767E-06  0.390E-03    4.87      10.5  T
   6     -9.8837396 -0.154742E-07  0.953E-04    4.87      42.8  T
   7     -9.8837396 -0.221345E-08  0.299E-04    4.87     136.4  T
     SCC iter.                  ...        0 min,  0.000 sec
     gradient                   ...        0 min,  0.000 sec
 * total energy  :    -9.7702851 Eh     change       -0.5602028E-03 Eh
   gradient norm :     0.0128989 Eh/α   predicted    -0.4020095E-03 ( -28.24%)
   displ. norm   :     0.0312593 α      lambda       -0.2333482E-03
   maximum displ.:     0.0213321 α      in ANC's #3, #7, #5, ...

........................................................................
.............................. CYCLE    6 ..............................
........................................................................
   1     -9.8843926 -0.988439E+01  0.121E-01    4.89       0.0  T
   2     -9.8844027 -0.101223E-04  0.748E-02    4.86       1.0  T
   3     -9.8844133 -0.105879E-04  0.456E-02    4.88       1.0  T
   4     -9.8844165 -0.324752E-05  0.921E-03    4.87       4.4  T
   5     -9.8844167 -0.220178E-06  0.236E-03    4.87      17.3  T
   6     -9.8844167 -0.823441E-08  0.383E-04    4.87     106.6  T
   7     -9.8844167 -0.145537E-09  0.825E-05    4.87     495.0  T
     SCC iter.                  ...        0 min,  0.000 sec
     gradient                   ...        0 min,  0.000 sec
 * total energy  :    -9.7704048 Eh     change       -0.1197160E-03 Eh
   gradient norm :     0.0029290 Eh/α   predicted    -0.1167878E-03 (  -2.45%)
   displ. norm   :     0.0081682 α      lambda       -0.9850215E-05
   maximum displ.:     0.0067668 α      in ANC's #3, #5, #7, ...

........................................................................
.............................. CYCLE    7 ..............................
........................................................................
   1     -9.8841597 -0.988416E+01  0.162E-02    4.86       0.0  T
   2     -9.8841597 -0.335106E-07  0.994E-03    4.87       4.1  T
   3     -9.8841596  0.797009E-07  0.425E-03    4.86       9.6  T
   4     -9.8841597 -0.987775E-07  0.877E-04    4.87      46.5  T
   5     -9.8841597 -0.203576E-08  0.341E-04    4.87     119.7  T
     SCC iter.                  ...        0 min,  0.000 sec
     gradient                   ...        0 min,  0.000 sec
 * total energy  :    -9.7704116 Eh     change       -0.6836422E-05 Eh
   gradient norm :     0.0011852 Eh/α   predicted    -0.4926888E-05 ( -27.93%)
   displ. norm   :     0.0096140 α      lambda       -0.2895715E-05
   maximum displ.:     0.0084324 α      in ANC's #3, #5, #7, ...

........................................................................
.............................. CYCLE    8 ..............................
........................................................................
   1     -9.8839669 -0.988397E+01  0.144E-02    4.86       0.0  T
   2     -9.8839669 -0.400322E-07  0.896E-03    4.86       4.6  T
   3     -9.8839668  0.721340E-07  0.458E-03    4.86       8.9  T
   4     -9.8839669 -0.100022E-06  0.912E-04    4.86      44.8  T
   5     -9.8839669 -0.211400E-08  0.331E-04    4.86     123.2  T
     SCC iter.                  ...        0 min,  0.000 sec
     gradient                   ...        0 min,  0.000 sec
 * total energy  :    -9.7704130 Eh     change       -0.1387479E-05 Eh
   gradient norm :     0.0006910 Eh/α   predicted    -0.1446921E-05 (   4.28%)
   displ. norm   :     0.0017652 α      lambda       -0.4373317E-06
   maximum displ.:     0.0009590 α      in ANC's #3, #7, #5, ...

........................................................................
.............................. CYCLE    9 ..............................
........................................................................
   1     -9.8840562 -0.988406E+01  0.534E-03    4.86       0.0  T
   2     -9.8840562 -0.470220E-08  0.334E-03    4.86      12.2  T
   3     -9.8840562  0.107125E-07  0.170E-03    4.86      24.1  T
   4     -9.8840563 -0.144149E-07  0.302E-04    4.86     135.4  T
   5     -9.8840563 -0.269475E-09  0.102E-04    4.86     401.2  T
     SCC iter.                  ...        0 min,  0.000 sec
     gradient                   ...        0 min,  0.000 sec
 * total energy  :    -9.7704134 Eh     change       -0.3662977E-06 Eh
   gradient norm :     0.0001140 Eh/α   predicted    -0.2174657E-06 ( -40.63%)
   displ. norm   :     0.0006627 α      lambda       -0.2469778E-07
   maximum displ.:     0.0005491 α      in ANC's #3, #6, #7, ...

   *** GEOMETRY OPTIMIZATION CONVERGED AFTER 9 ITERATIONS ***

------------------------------------------------------------------------
 total energy gain   :        -0.0297577 Eh      -18.6732 kcal/mol
 total RMSD          :         0.1256962 a0        0.0665 Å
 total power (kW/mol):        -8.6809835 (step)-8192.1990 (real)
------------------------------------------------------------------------

 ANCopt (total)                0 d,  0 h,  0 min,  0.010 sec
 optimizer setup                ...        0 min,  0.000 sec (  0.492%)
 model hessian                  ...        0 min,  0.000 sec (  2.264%)
 ANC generation                 ...        0 min,  0.000 sec (  0.460%)
 coordinate transformation      ...        0 min,  0.000 sec (  0.272%)
 single point calculation       ...        0 min,  0.009 sec ( 90.766%)
 optimization log               ...        0 min,  0.000 sec (  1.841%)
 hessian update                 ...        0 min,  0.000 sec (  0.447%)
 rational function              ...        0 min,  0.000 sec (  1.549%)

================
 final structure:
================
6
 xtb: 6.5.1 (579679a)
C           -0.81840529254308       -1.85599781867967       -0.00000001913257
H           -0.23292631824591       -2.79286111644567       -0.00000001451887
C           -0.06168102947488       -0.66578244755666        0.00000000331551
H           -0.56720554757170        0.28522155646501       -0.00000002331016
H            1.01289962184602       -0.68480089785713        0.00000002693566
O           -2.04438143401045       -1.89797927592588        0.00000002671044
 
 Bond Distances (Angstroems)
 ---------------------------
C1-H2=1.1048         C1-C3=1.4104         C1-O6=1.2267         H2-C1=1.1048         C3-C1=1.4104         C3-H4=1.0770         
C3-H5=1.0747         H4-C3=1.0770         H5-C3=1.0747         O6-C1=1.2267         
 C  H  Rav=1.0855 sigma=0.0136  Rmin=1.0747  Rmax=1.1048     3
 C  C  Rav=1.4104 sigma=0.0000  Rmin=1.4104  Rmax=1.4104     1
 O  C  Rav=1.2267 sigma=0.0000  Rmin=1.2267  Rmax=1.2267     1
 
 selected bond angles (degree)
 --------------------
C3-C1-H2=115.55                O6-C1-H2=120.04                O6-C1-C3=124.41                H4-C3-C1=119.56                
H5-C3-C1=121.43                H5-C3-H4=119.01                
 
 selected dihedral angles (degree)
 ---------------------------------
H4-C3-C1-H2=180.00            H4-C3-C1-O6=  0.00            H5-C3-C1-H2=  0.00            H5-C3-C1-O6=180.00            
           -------------------------------------------------
          |                Final Singlepoint                |
           -------------------------------------------------

          ...................................................
          :                      SETUP                      :
          :.................................................:
          :  # basis functions                  15          :
          :  # atomic orbitals                  15          :
          :  # shells                            9          :
          :  # electrons                        17          :
          :  max. iterations                   250          :
          :  Hamiltonian                  GFN2-xTB          :
          :  restarted?                      false          :
          :  GBSA solvation                  false          :
          :  PC potential                    false          :
          :  electronic temp.          300.0000000     K    :
          :  accuracy                    1.0000000          :
          :  -> integral cutoff          0.2500000E+02      :
          :  -> integral neglect         0.1000000E-07      :
          :  -> SCF convergence          0.1000000E-05 Eh   :
          :  -> wf. convergence          0.1000000E-03 e    :
          :  Broyden damping             0.4000000          :
          ...................................................

 iter      E             dE          RMSdq      gap      omega  full diag
   1     -9.8840563 -0.988406E+01  0.394E-05    4.86       0.0  T
   2     -9.8840563 -0.389022E-12  0.245E-05    4.86    1664.5  T
   3     -9.8840563  0.383693E-12  0.148E-05    4.86    2753.5  T

   *** convergence criteria satisfied after 3 iterations ***

         #    Occupation            Energy/Eh            Energy/eV
      -------------------------------------------------------------
         1        2.0000           -0.7138638             -19.4252
       ...           ...                  ...                  ...
         3        2.0000           -0.5980584             -16.2740
         4        2.0000           -0.5622469             -15.2995
         5        2.0000           -0.5367542             -14.6058
         6        2.0000           -0.5330840             -14.5060
         7        2.0000           -0.4958443             -13.4926
         8        1.9928           -0.4138696             -11.2620
         9        1.0072           -0.4045013             -11.0070 (HOMO)
        10                         -0.2258771              -6.1464 (LUMO)
        11                          0.0944484               2.5701
        12                          0.1328331               3.6146
        13                          0.2351835               6.3997
        14                          0.3586232               9.7586
        15                          0.5614917              15.2790
      -------------------------------------------------------------
                  HL-Gap            0.1786242 Eh            4.8606 eV
             Fermi-level           -0.3621873 Eh           -9.8556 eV
 
 transition dipole moment (au) for excitation:           8           9
     X       Y       Z   
   0.0000   0.0000   0.0518  total (au/Debye):    0.052   0.132
 dE (eV)             :    0.255
 oscillator strength :  0.23686E-04

 SCC (total)                   0 d,  0 h,  0 min,  0.001 sec
 SCC setup                      ...        0 min,  0.000 sec (  3.223%)
 Dispersion                     ...        0 min,  0.000 sec (  1.420%)
 classical contributions        ...        0 min,  0.000 sec (  0.563%)
 integral evaluation            ...        0 min,  0.000 sec ( 20.600%)
 iterations                     ...        0 min,  0.000 sec ( 15.123%)
 molecular gradient             ...        0 min,  0.000 sec ( 39.892%)
 printout                       ...        0 min,  0.000 sec ( 18.233%)

         :::::::::::::::::::::::::::::::::::::::::::::::::::::
         ::                     SUMMARY                     ::
         :::::::::::::::::::::::::::::::::::::::::::::::::::::
         :: total energy              -9.770413381952 Eh    ::
         :: gradient norm              0.000114485566 Eh/a0 ::
         :: HOMO-LUMO gap              4.860611955332 eV    ::
         ::.................................................::
         :: SCC energy                -9.884056251682 Eh    ::
         :: -> isotropic ES            0.022331229830 Eh    ::
         :: -> anisotropic ES          0.000743197389 Eh    ::
         :: -> anisotropic XC          0.004746080859 Eh    ::
         :: -> dispersion             -0.001747380900 Eh    ::
         :: repulsion energy           0.113642804033 Eh    ::
         :: add. restraining           0.000000000000 Eh    ::
         :: total charge               0.000000000000 e     ::
         :::::::::::::::::::::::::::::::::::::::::::::::::::::

           -------------------------------------------------
          |                Property Printout                |
           -------------------------------------------------

    * Orbital Energies and Occupations

         #    Occupation            Energy/Eh            Energy/eV
      -------------------------------------------------------------
         1        2.0000           -0.7138638             -19.4252
         2        2.0000           -0.6522428             -17.7484
         3        2.0000           -0.5980584             -16.2740
         4        2.0000           -0.5622469             -15.2995
         5        2.0000           -0.5367542             -14.6058
         6        2.0000           -0.5330840             -14.5060
         7        2.0000           -0.4958443             -13.4926
         8        1.9928           -0.4138696             -11.2620
         9        1.0072           -0.4045013             -11.0070 (HOMO)
        10                         -0.2258771              -6.1464 (LUMO)
        11                          0.0944484               2.5701
        12                          0.1328331               3.6146
        13                          0.2351835               6.3997
        14                          0.3586232               9.7586
        15                          0.5614917              15.2790
      -------------------------------------------------------------
                  HL-Gap            0.1786242 Eh            4.8606 eV
             Fermi-level           -0.3621873 Eh           -9.8556 eV

     #   Z          covCN         q      C6AA      α(0)
     1   6 C        2.758     0.197    23.794     7.988
     2   1 H        0.922     0.024     2.672     2.556
     3   6 C        2.834    -0.069    29.711     8.932
     4   1 H        0.926     0.096     1.820     2.110
     5   1 H        0.926     0.080     1.983     2.202
     6   8 O        0.857    -0.328    20.295     6.040

 Mol. C6AA /au·bohr⁶  :        367.351807
 Mol. C8AA /au·bohr⁸  :       8243.017966
 Mol. α(0) /au        :         29.828374


Wiberg/Mayer (AO) data.
largest (>0.10) Wiberg bond orders for each atom

 ---------------------------------------------------------------------------
     #   Z sym  total        # sym  WBO       # sym  WBO       # sym  WBO
 ---------------------------------------------------------------------------
     1   6 C    3.910 --     6 O    1.694     3 C    1.281     2 H    0.934
     2   1 H    0.997 --     1 C    0.934
     3   6 C    3.274 --     1 C    1.281     5 H    0.980     4 H    0.973
     4   1 H    0.991 --     3 C    0.973
     5   1 H    0.994 --     3 C    0.980
     6   8 O    1.785 --     1 C    1.694
 ---------------------------------------------------------------------------

Topologies differ in total number of bonds
Writing topology from bond orders to xtbtopo.mol

molecular dipole:
                 x           y           z       tot (Debye)
 q only:        1.009       0.393      -0.000
   full:        1.238       0.409      -0.000       3.313
molecular quadrupole (traceless):
                xx          xy          yy          xz          yz          zz
 q only:       -3.483      -5.524       0.939       0.000       0.000       2.544
  q+dip:       -4.585      -7.166       2.411       0.000       0.000       2.174
   full:       -5.216      -7.038       1.513       0.000       0.000       3.703

           -------------------------------------------------
          |                Geometry Summary                 |
           -------------------------------------------------

      molecular mass/u    :       43.0446990
   center of mass at/Å    :       -1.0004697      -1.4838708       0.0000000
  moments of inertia/u·Å² :        0.7248944E+01   0.4400927E+02   0.5125821E+02
rotational constants/cm⁻¹ :        0.2325530E+01   0.3830473E+00   0.3288767E+00

 * 4 selected distances

     #   Z          #   Z                                           value/Å
     1   6 C        3   6 C                                       1.4104058 (max)
     3   6 C        4   1 H                                       1.0770162
     3   6 C        5   1 H                                       1.0747490 (min)
     1   6 C        6   8 O                                       1.2266948

 * 3 distinct bonds (by element types)

   Z      Z             #   av. dist./Å        max./Å        min./Å
   1 H    6 C           2     1.0758826     1.0770162     1.0747490
   6 C    6 C           1     1.4104058     1.4104058     1.4104058
   6 C    8 O           1     1.2266948     1.2266948     1.2266948


optimized geometry written to: xtbopt.xyz


           -------------------------------------------------
          | TOTAL ENERGY               -9.770413381952 Eh   |
          | GRADIENT NORM               0.000114485566 Eh/α |
          | HOMO-LUMO GAP               4.860611955332 eV   |
           -------------------------------------------------

------------------------------------------------------------------------
 * finished run on 2022/09/05 at 12:22:27.453     
------------------------------------------------------------------------
 total:
 * wall-time:     0 d,  0 h,  0 min,  0.070 sec
 *  cpu-time:     0 d,  0 h,  0 min,  0.823 sec
 * ratio c/w:    11.783 speedup
 SCF:
 * wall-time:     0 d,  0 h,  0 min,  0.002 sec
 *  cpu-time:     0 d,  0 h,  0 min,  0.036 sec
 * ratio c/w:    15.905 speedup
 ANC optimizer:
 * wall-time:     0 d,  0 h,  0 min,  0.011 sec
 *  cpu-time:     0 d,  0 h,  0 min,  0.174 sec
 * ratio c/w:    16.003 speedup

normal termination of xtb
