
                                 *****************
                                 * O   R   C   A *
                                 *****************

                                            #,                                       
                                            ###                                      
                                            ####                                     
                                            #####                                    
                                            ######                                   
                                           ########,                                 
                                     ,,################,,,,,                         
                               ,,#################################,,                 
                          ,,##########################################,,             
                       ,#########################################, ''#####,          
                    ,#############################################,,   '####,        
                  ,##################################################,,,,####,       
                ,###########''''           ''''###############################       
              ,#####''   ,,,,##########,,,,          '''####'''          '####       
            ,##' ,,,,###########################,,,                        '##       
           ' ,,###''''                  '''############,,,                           
         ,,##''                                '''############,,,,        ,,,,,,###''
      ,#''                                            '''#######################'''  
     '                                                          ''''####''''         
             ,#######,   #######,   ,#######,      ##                                
            ,#'     '#,  ##    ##  ,#'     '#,    #''#        ######   ,####,        
            ##       ##  ##   ,#'  ##            #'  '#       #        #'  '#        
            ##       ##  #######   ##           ,######,      #####,   #    #        
            '#,     ,#'  ##    ##  '#,     ,#' ,#      #,         ##   #,  ,#        
             '#######'   ##     ##  '#######'  #'      '#     #####' # '####'        



                  #######################################################
                  #                        -***-                        #
                  #          Department of theory and spectroscopy      #
                  #    Directorship and core code : Frank Neese         #
                  #        Max Planck Institute fuer Kohlenforschung    #
                  #                Kaiser Wilhelm Platz 1               #
                  #                 D-45470 Muelheim/Ruhr               #
                  #                      Germany                        #
                  #                                                     #
                  #                  All rights reserved                #
                  #                        -***-                        #
                  #######################################################


                         Program Version 5.0.3 -  RELEASE  -


 With contributions from (in alphabetic order):
   Daniel Aravena         : Magnetic Suceptibility
   Michael Atanasov       : Ab Initio Ligand Field Theory (pilot matlab implementation)
   Alexander A. Auer      : GIAO ZORA, VPT2 properties, NMR spectrum
   Ute Becker             : Parallelization
   Giovanni Bistoni       : ED, misc. LED, open-shell LED, HFLD
   Martin Brehm           : Molecular dynamics
   Dmytro Bykov           : SCF Hessian
   Vijay G. Chilkuri      : MRCI spin determinant printing, contributions to CSF-ICE
   Dipayan Datta          : RHF DLPNO-CCSD density
   Achintya Kumar Dutta   : EOM-CC, STEOM-CC
   Dmitry Ganyushin       : Spin-Orbit,Spin-Spin,Magnetic field MRCI
   Miquel Garcia          : C-PCM and meta-GGA Hessian, CC/C-PCM, Gaussian charge scheme
   Yang Guo               : DLPNO-NEVPT2, F12-NEVPT2, CIM, IAO-localization
   Andreas Hansen         : Spin unrestricted coupled pair/coupled cluster methods
   Benjamin Helmich-Paris : MC-RPA, TRAH-SCF, COSX integrals
   Lee Huntington         : MR-EOM, pCC
   Robert Izsak           : Overlap fitted RIJCOSX, COSX-SCS-MP3, EOM
   Marcus Kettner         : VPT2
   Christian Kollmar      : KDIIS, OOCD, Brueckner-CCSD(T), CCSD density, CASPT2, CASPT2-K
   Simone Kossmann        : Meta GGA functionals, TD-DFT gradient, OOMP2, MP2 Hessian
   Martin Krupicka        : Initial AUTO-CI
   Lucas Lang             : DCDCAS
   Marvin Lechner         : AUTO-CI (C++ implementation), FIC-MRCC
   Dagmar Lenk            : GEPOL surface, SMD
   Dimitrios Liakos       : Extrapolation schemes; Compound Job, initial MDCI parallelization
   Dimitrios Manganas     : Further ROCIS development; embedding schemes
   Dimitrios Pantazis     : SARC Basis sets
   Anastasios Papadopoulos: AUTO-CI, single reference methods and gradients
   Taras Petrenko         : DFT Hessian,TD-DFT gradient, ASA, ECA, R-Raman, ABS, FL, XAS/XES, NRVS
   Peter Pinski           : DLPNO-MP2, DLPNO-MP2 Gradient
   Christoph Reimann      : Effective Core Potentials
   Marius Retegan         : Local ZFS, SOC
   Christoph Riplinger    : Optimizer, TS searches, QM/MM, DLPNO-CCSD(T), (RO)-DLPNO pert. Triples
   Tobias Risthaus        : Range-separated hybrids, TD-DFT gradient, RPA, STAB
   Michael Roemelt        : Original ROCIS implementation
   Masaaki Saitow         : Open-shell DLPNO-CCSD energy and density
   Barbara Sandhoefer     : DKH picture change effects
   Avijit Sen             : IP-ROCIS
   Kantharuban Sivalingam : CASSCF convergence, NEVPT2, FIC-MRCI
   Bernardo de Souza      : ESD, SOC TD-DFT
   Georgi Stoychev        : AutoAux, RI-MP2 NMR, DLPNO-MP2 response
   Willem Van den Heuvel  : Paramagnetic NMR
   Boris Wezisla          : Elementary symmetry handling
   Frank Wennmohs         : Technical directorship


 We gratefully acknowledge several colleagues who have allowed us to
 interface, adapt or use parts of their codes:
   Stefan Grimme, W. Hujo, H. Kruse, P. Pracht,  : VdW corrections, initial TS optimization,
                  C. Bannwarth, S. Ehlert          DFT functionals, gCP, sTDA/sTD-DF
   Ed Valeev, F. Pavosevic, A. Kumar             : LibInt (2-el integral package), F12 methods
   Garnet Chan, S. Sharma, J. Yang, R. Olivares  : DMRG
   Ulf Ekstrom                                   : XCFun DFT Library
   Mihaly Kallay                                 : mrcc  (arbitrary order and MRCC methods)
   Jiri Pittner, Ondrej Demel                    : Mk-CCSD
   Frank Weinhold                                : gennbo (NPA and NBO analysis)
   Christopher J. Cramer and Donald G. Truhlar   : smd solvation model
   Lars Goerigk                                  : TD-DFT with DH, B97 family of functionals
   V. Asgeirsson, H. Jonsson                     : NEB implementation
   FAccTs GmbH                                   : IRC, NEB, NEB-TS, DLPNO-Multilevel, CI-OPT
                                                   MM, QMMM, 2- and 3-layer-ONIOM, Crystal-QMMM,
                                                   LR-CPCM, SF, NACMEs, symmetry and pop. for TD-DFT,
                                                   nearIR, NL-DFT gradient (VV10), updates on ESD,
                                                   ML-optimized integration grids
   S Lehtola, MJT Oliveira, MAL Marques          : LibXC Library
   Liviu Ungur et al                             : ANISO software


 Your calculation uses the libint2 library for the computation of 2-el integrals
 For citations please refer to: http://libint.valeyev.net

 Your ORCA version has been built with support for libXC version: 5.1.0
 For citations please refer to: https://tddft.org/programs/libxc/

 This ORCA versions uses:
   CBLAS   interface :  Fast vector & matrix operations
   LAPACKE interface :  Fast linear algebra routines
   SCALAPACK package :  Parallel linear algebra routines
   Shared memory     :  Shared parallel matrices
   BLAS/LAPACK       :  OpenBLAS 0.3.15  USE64BITINT DYNAMIC_ARCH NO_AFFINITY Zen SINGLE_THREADED
        Core in use  :  Zen
   Copyright (c) 2011-2014, The OpenBLAS Project


Your calculation utilizes the geometrical counterpoise correction gCP
Please cite in your paper:
H.Kruse, S. Grimme J.Chem.Phys., 136, (2012), 154101 
   

Your calculation utilizes the atom-pairwise dispersion correction
with the Becke-Johnson damping scheme (D3BJ)
Cite in your paper:
S.Grimme, S.Ehrlich, L.Goerigk, J Comput Chem, (2011), 32, 1456â€“1465 
S.Grimme, J.Antony, S.Ehrlich and H.Krieg, J.Chem.Phys., 132, (2010), 154104 
   

Your calculation employs the composite approach PBEh-3c.
Please cite in your paper:
S. Grimme, J. G. Brandenburg, C. Bannwarth, A. Hansen J.Chem.Phys., 143, (2015), 054107 
   

================================================================================

----- Orbital basis set information -----
Your calculation utilizes the basis: def2-mSVP

----- AuxJ basis set information -----
Your calculation utilizes the auxiliary basis: def2/J
   F. Weigend, Phys. Chem. Chem. Phys. 8, 1057 (2006).

================================================================================
                                        WARNINGS
                       Please study these warnings very carefully!
================================================================================


INFO   : the flag for use of the SHARK integral package has been found!

================================================================================
                                       INPUT FILE
================================================================================
NAME = calc.inp
|  1> !SP PBEh-3c
|  2> *xyz 0 1
|  3> C    4.29180000   3.65880000   0.00000000
|  4> H    4.64850000   2.65000000   0.00000000
|  5> H    4.64850000   4.16320000   0.87070000
|  6> H    4.64850000   4.16320000  -0.87970000
|  7> H    3.22180000   3.65880000   0.00000000
|  8> *
|  9> %MaxCore 500
| 10> %pal
| 11> nprocs 4
| 12> endd                         ****END OF INPUT****
================================================================================

                       ****************************
                       * Single Point Calculation *
                       ****************************

---------------------------------
CARTESIAN COORDINATES (ANGSTROEM)
---------------------------------
  C      4.291800    3.658800    0.000000
  H      4.648500    2.650000    0.000000
  H      4.648500    4.163200    0.870700
  H      4.648500    4.163200   -0.879700
  H      3.221800    3.658800    0.000000

----------------------------
CARTESIAN COORDINATES (A.U.)
----------------------------
  NO LB      ZA    FRAG     MASS         X           Y           Z
   0 C     6.0000    0    12.011    8.110327    6.914130    0.000000
   1 H     1.0000    0     1.008    8.784392    5.007774    0.000000
   2 H     1.0000    0     1.008    8.784392    7.867308    1.645385
   3 H     1.0000    0     1.008    8.784392    7.867308   -1.662392
   4 H     1.0000    0     1.008    6.088320    6.914130    0.000000

--------------------------------
INTERNAL COORDINATES (ANGSTROEM)
--------------------------------
 C      0   0   0     0.000000000000     0.00000000     0.00000000
 H      1   0   0     1.070005761667     0.00000000     0.00000000
 H      1   2   0     1.067601395653   109.51505982     0.00000000
 H      1   2   3     1.074954110648   109.37622264   120.08276913
 H      1   2   3     1.070000000000   109.47300474   239.91392657

---------------------------
INTERNAL COORDINATES (A.U.)
---------------------------
 C      0   0   0     0.000000000000     0.00000000     0.00000000
 H      1   0   0     2.022017851268     0.00000000     0.00000000
 H      1   2   0     2.017474257976   109.51505982     0.00000000
 H      1   2   3     2.031368875658   109.37622264   120.08276913
 H      1   2   3     2.022006963296   109.47300474   239.91392657

---------------------
BASIS SET INFORMATION
---------------------
There are 2 groups of distinct atoms

 Group   1 Type C   : 8s4p1d contracted to 4s2p1d pattern {5111/31/1}
 Group   2 Type H   : 4s contracted to 2s pattern {31}

Atom   0C    basis set group =>   1
Atom   1H    basis set group =>   2
Atom   2H    basis set group =>   2
Atom   3H    basis set group =>   2
Atom   4H    basis set group =>   2
---------------------------------
AUXILIARY/J BASIS SET INFORMATION
---------------------------------
There are 2 groups of distinct atoms

 Group   1 Type C   : 12s5p4d2f1g contracted to 6s4p3d1f1g pattern {711111/2111/211/2/1}
 Group   2 Type H   : 5s2p1d contracted to 3s1p1d pattern {311/2/1}

Atom   0C    basis set group =>   1
Atom   1H    basis set group =>   2
Atom   2H    basis set group =>   2
Atom   3H    basis set group =>   2
Atom   4H    basis set group =>   2


           ************************************************************
           *        Program running with 4 parallel MPI-processes     *
           *              working on a common directory               *
           ************************************************************
------------------------------------------------------------------------------
                           ORCA GTO INTEGRAL CALCULATION
                           -- RI-GTO INTEGRALS CHOSEN --
------------------------------------------------------------------------------
------------------------------------------------------------------------------
                   ___                                                        
                  /   \      - P O W E R E D   B Y -                         
                 /     \                                                     
                 |  |  |   _    _      __       _____    __    __             
                 |  |  |  | |  | |    /  \     |  _  \  |  |  /  |          
                  \  \/   | |  | |   /    \    | | | |  |  | /  /          
                 / \  \   | |__| |  /  /\  \   | |_| |  |  |/  /          
                |  |  |   |  __  | /  /__\  \  |    /   |      \           
                |  |  |   | |  | | |   __   |  |    \   |  |\   \          
                \     /   | |  | | |  |  |  |  | |\  \  |  | \   \       
                 \___/    |_|  |_| |__|  |__|  |_| \__\ |__|  \__/        
                                                                              
                      - O R C A' S   B I G   F R I E N D -                    
                                      &                                       
                       - I N T E G R A L  F E E D E R -                       
                                                                              
 v1 FN, 2020, v2 2021                                                         
------------------------------------------------------------------------------


Reading SHARK input file calc.SHARKINP.tmp ... ok
----------------------
SHARK INTEGRAL PACKAGE
----------------------

Number of atoms                             ...      5
Number of basis functions                   ...     23
Number of shells                            ...     15
Maximum angular momentum                    ...      2
Integral batch strategy                     ... SHARK/LIBINT Hybrid
RI-J (if used) integral strategy            ... SPLIT-RIJ (Revised 2003 algorithm where possible)
Printlevel                                  ...      1
Contraction scheme used                     ... SEGMENTED contraction
Coulomb Range Separation                    ... NOT USED
Exchange Range Separation                   ... NOT USED
Finite Nucleus Model                        ... NOT USED
Auxiliary Coulomb fitting basis             ... AVAILABLE
   # of basis functions in Aux-J            ...     93
   # of shells in Aux-J                     ...     35
   Maximum angular momentum in Aux-J        ...      4
Auxiliary J/K fitting basis                 ... NOT available
Auxiliary Correlation fitting basis         ... NOT available
Auxiliary 'external' fitting basis          ... NOT available
Integral threshold                          ...     1.000000e-10
Primitive cut-off                           ...     1.000000e-11
Primitive pair pre-selection threshold      ...     1.000000e-11

Calculating pre-screening integrals         ... done (  0.0 sec) Dimension = 15
Organizing shell pair data                  ... done (  0.0 sec)
Shell pair information
Total number of shell pairs                 ...       120
Shell pairs after pre-screening             ...       120
Total number of primitive shell pairs       ...       460
Primitive shell pairs kept                  ...       422
          la=0 lb=0:     78 shell pairs
          la=1 lb=0:     24 shell pairs
          la=1 lb=1:      3 shell pairs
          la=2 lb=0:     12 shell pairs
          la=2 lb=1:      2 shell pairs
          la=2 lb=2:      1 shell pairs

Calculating one electron integrals          ... done (  0.0 sec)
Calculating RI/J V-Matrix + Cholesky decomp.... done (  0.0 sec)
Calculating Nuclear repulsion               ... done (  0.0 sec) ENN=     13.678408659377 Eh

SHARK setup successfully completed in   0.1 seconds

Maximum memory used throughout the entire GTOINT-calculation: 8.8 MB


           ************************************************************
           *        Program running with 4 parallel MPI-processes     *
           *              working on a common directory               *
           ************************************************************
-------------------------------------------------------------------------------
                                 ORCA SCF
-------------------------------------------------------------------------------

------------
SCF SETTINGS
------------
Hamiltonian:
 Density Functional     Method          .... DFT(GTOs)
 Exchange Functional    Exchange        .... PBE
   PBE kappa parameter   XKappa         ....  1.024500
   PBE mue parameter    XMuePBE         ....  0.123457
 Correlation Functional Correlation     .... PBE
   PBE beta parameter  CBetaPBE         ....  0.030000
 LDA part of GGA corr.  LDAOpt          .... PW91-LDA
 Gradients option       PostSCFGGA      .... off
 Hybrid DFT is turned on
   Fraction HF Exchange ScalHFX         ....  0.420000
   Scaling of DF-GGA-X  ScalDFX         ....  0.580000
   Scaling of DF-GGA-C  ScalDFC         ....  1.000000
   Scaling of DF-LDA-C  ScalLDAC        ....  1.000000
   Perturbative correction              ....  0.000000
   Density functional embedding theory  .... OFF
 RI-approximation to the Coulomb term is turned on
   Number of AuxJ basis functions       .... 93
   RIJ-ON(X) (HFX calculated with O(N)) .... on
   Number of AuxJ basis functions       .... 93
   RIJ-COSX (HFX calculated with COS-X)).... on


General Settings:
 Integral files         IntName         .... calc
 Hartree-Fock type      HFTyp           .... RHF
 Total Charge           Charge          ....    0
 Multiplicity           Mult            ....    1
 Number of Electrons    NEL             ....   10
 Basis Dimension        Dim             ....   23
 Nuclear Repulsion      ENuc            ....     13.6784086594 Eh

Convergence Acceleration:
 DIIS                   CNVDIIS         .... on
   Start iteration      DIISMaxIt       ....    12
   Startup error        DIISStart       ....  0.200000
   # of expansion vecs  DIISMaxEq       ....     5
   Bias factor          DIISBfac        ....   1.050
   Max. coefficient     DIISMaxC        ....  10.000
 Trust-Rad. Augm. Hess. CNVTRAH         .... auto
   Auto Start mean grad. ratio tolernc. ....  1.125000
   Auto Start start iteration           ....    20
   Auto Start num. interpolation iter.  ....    10
   Max. Number of Micro iterations      ....    16
   Max. Number of Macro iterations      .... Maxiter - #DIIS iter
   Number of Davidson start vectors     ....     2
   Converg. threshold I  (grad. norm)   ....   5.000e-05
   Converg. threshold II (energy diff.) ....   1.000e-06
   Grad. Scal. Fac. for Micro threshold ....   0.100
   Minimum threshold for Micro iter.    ....   0.010
   NR start threshold (gradient norm)   ....   0.001
   Initial trust radius                 ....   0.400
   Minimum AH scaling param. (alpha)    ....   1.000
   Maximum AH scaling param. (alpha)    .... 1000.000
   Orbital update algorithm             .... Taylor
   White noise on init. David. guess    .... on
   Maximum white noise                  ....   0.010
   Quad. conv. algorithm                .... NR
   COSX micro iterations for RIJONX calc.... off
 SOSCF                  CNVSOSCF        .... on
   Start iteration      SOSCFMaxIt      ....   150
   Startup grad/error   SOSCFStart      ....  0.003300
 Level Shifting         CNVShift        .... on
   Level shift para.    LevelShift      ....    0.2500
   Turn off err/grad.   ShiftErr        ....    0.0010
 Zerner damping         CNVZerner       .... off
 Static damping         CNVDamp         .... on
   Fraction old density DampFac         ....    0.7000
   Max. Damping (<1)    DampMax         ....    0.9800
   Min. Damping (>=0)   DampMin         ....    0.0000
   Turn off err/grad.   DampErr         ....    0.1000
 Fernandez-Rico         CNVRico         .... off

SCF Procedure:
 Maximum # iterations   MaxIter         ....   125
 SCF integral mode      SCFMode         .... Direct
   Integral package                     .... SHARK and LIBINT hybrid scheme
 Reset frequency        DirectResetFreq ....    20
 Integral Threshold     Thresh          ....  1.000e-10 Eh
 Primitive CutOff       TCut            ....  1.000e-11 Eh

Convergence Tolerance:
 Convergence Check Mode ConvCheckMode   .... Total+1el-Energy
 Convergence forced     ConvForced      .... 0
 Energy Change          TolE            ....  1.000e-06 Eh
 1-El. energy change                    ....  1.000e-03 Eh
 Orbital Gradient       TolG            ....  5.000e-05
 Orbital Rotation angle TolX            ....  5.000e-05
 DIIS Error             TolErr          ....  1.000e-06


Diagonalization of the overlap matrix:
Smallest eigenvalue                        ... 1.885e-02
Time for diagonalization                   ...    0.000 sec
Threshold for overlap eigenvalues          ... 1.000e-08
Number of eigenvalues below threshold      ... 0
Time for construction of square roots      ...    0.001 sec
Total time needed                          ...    0.001 sec

--------------------------------
INITIAL GUESS: MINIMAL BASIS EHT
--------------------------------
The minimal basis has 9 functions
EHT matrix was diagonalized
Basis set overlap was calculated now projecting the orbitals
Using GuessMode=FMatrix for the initial guess
C*T matrix was formed
Effective Fockian was calculated
Effective Fockian was diagonalized
Initial density was built
                      ------------------
                      INITIAL GUESS DONE
                      ------------------
-------------------
DFT GRID GENERATION
-------------------

General Integration Accuracy     IntAcc      ... 4.159
Radial Grid Type                 RadialGrid  ... OptM3 with GC (2021)
Angular Grid (max. ang.)         AngularGrid ... 3 (Lebedev-194)
Angular grid pruning method      GridPruning ... 4 (adaptive)
Weight generation scheme         WeightScheme... Becke
Basis function cutoff            BFCut       ... 1.0000e-10
Integration weight cutoff        WCut        ... 1.0000e-14
Angular grids for H and He will be reduced by one unit
Partially contracted basis set               ... off
Rotationally invariant grid construction     ... off

Total number of grid points                  ...     9197
Total number of batches                      ...      146
Average number of points per batch           ...       62
Average number of grid points per atom       ...     1839
Time for grid setup =    0.019 sec

--------------------
COSX GRID GENERATION
--------------------

GRIDX 1
-------
General Integration Accuracy     IntAcc      ... 3.816
Radial Grid Type                 RadialGrid  ... OptM3 with GC (2021)
Angular Grid (max. ang.)         AngularGrid ... 1 (Lebedev-50)
Angular grid pruning method      GridPruning ... 4 (adaptive)
Weight generation scheme         WeightScheme... Becke
Basis function cutoff            BFCut       ... 1.0000e-10
Integration weight cutoff        WCut        ... 1.0000e-14
Angular grids for H and He will be reduced by one unit
Partially contracted basis set               ... on
Rotationally invariant grid construction     ... off

Total number of grid points                  ...     2520
Total number of batches                      ...       42
Average number of points per batch           ...       60
Average number of grid points per atom       ...      504
UseSFitting                                  ... on

GRIDX 2
-------
General Integration Accuracy     IntAcc      ... 4.020
Radial Grid Type                 RadialGrid  ... OptM3 with GC (2021)
Angular Grid (max. ang.)         AngularGrid ... 2 (Lebedev-110)
Angular grid pruning method      GridPruning ... 4 (adaptive)
Weight generation scheme         WeightScheme... Becke
Basis function cutoff            BFCut       ... 1.0000e-10
Integration weight cutoff        WCut        ... 1.0000e-14
Angular grids for H and He will be reduced by one unit
Partially contracted basis set               ... on
Rotationally invariant grid construction     ... off

Total number of grid points                  ...     5072
Total number of batches                      ...       81
Average number of points per batch           ...       62
Average number of grid points per atom       ...     1014
UseSFitting                                  ... on

GRIDX 3
-------
General Integration Accuracy     IntAcc      ... 4.338
Radial Grid Type                 RadialGrid  ... OptM3 with GC (2021)
Angular Grid (max. ang.)         AngularGrid ... 3 (Lebedev-194)
Angular grid pruning method      GridPruning ... 4 (adaptive)
Weight generation scheme         WeightScheme... Becke
Basis function cutoff            BFCut       ... 1.0000e-10
Integration weight cutoff        WCut        ... 1.0000e-14
Angular grids for H and He will be reduced by one unit
Partially contracted basis set               ... on
Rotationally invariant grid construction     ... off

Total number of grid points                  ...    11157
Total number of batches                      ...      176
Average number of points per batch           ...       63
Average number of grid points per atom       ...     2231
UseSFitting                                  ... on

Time for X-Grid setup             =    0.023 sec

--------------
SCF ITERATIONS
--------------
ITER       Energy         Delta-E        Max-DP      RMS-DP      [F,P]     Damp
               ***  Starting incremental Fock matrix formation  ***
  0    -40.3410133967   0.000000000000 0.02210722  0.00406159  0.4343150 0.7000
  1    -40.3660656771  -0.025052280384 0.01626307  0.00305646  0.3081986 0.7000
                      *** Initiating the SOSCF procedure ***
                      *** Re-Reading the Fockian *** 
                      *** Removing any level shift *** 
ITER      Energy       Delta-E        Grad      Rot      Max-DP    RMS-DP
  2    -40.38386864  -0.0178029649  0.003214  0.003214  0.038254  0.007427
               *** Restarting incremental Fock matrix formation ***
  3    -40.42620944  -0.0423408015  0.007619  0.004253  0.007762  0.000945
  4    -40.42629002  -0.0000805769  0.002036  0.001443  0.003018  0.000393
  5    -40.42632406  -0.0000340424  0.000914  0.000131  0.000221  0.000035
                 **** Energy Check signals convergence ****
              ***Rediagonalizing the Fockian in SOSCF/NRSCF***

               *****************************************************
               *                     SUCCESS                       *
               *           SCF CONVERGED AFTER   6 CYCLES          *
               *****************************************************

Old exchange energy                            =     -2.774290230 Eh
New exchange energy                            =     -2.774286684 Eh
Exchange energy change after final integration =      0.000003546 Eh
Total energy after final integration           =    -40.426320855 Eh
Final COS-X integration done in                =     0.023 sec

----------------
TOTAL SCF ENERGY
----------------

Total Energy       :          -40.42632085 Eh           -1100.05612 eV

Components:
Nuclear Repulsion  :           13.67840866 Eh             372.20842 eV
Electronic Energy  :          -54.10472951 Eh           -1472.26454 eV
One Electron Energy:          -80.26680569 Eh           -2184.17082 eV
Two Electron Energy:           26.16207618 Eh             711.90629 eV
Max COSX asymmetry :            0.00000253 Eh               0.00007 eV

Virial components:
Potential Energy   :          -80.59405865 Eh           -2193.07583 eV
Kinetic Energy     :           40.16773780 Eh            1093.01971 eV
Virial Ratio       :            2.00643758


DFT components:
N(Alpha)           :        4.999994682029 electrons
N(Beta)            :        4.999994682029 electrons
N(Total)           :        9.999989364057 electrons
E(X)               :       -3.667191264791 Eh       
E(C)               :       -0.400259221779 Eh       
E(XC)              :       -4.067450486570 Eh       
DFET-embed. en.    :        0.000000000000 Eh       

---------------
SCF CONVERGENCE
---------------

  Last Energy change         ...   -3.3760e-07  Tolerance :   1.0000e-06
  Last MAX-Density change    ...    2.2204e-16  Tolerance :   1.0000e-05
  Last RMS-Density change    ...    3.8726e-17  Tolerance :   1.0000e-06
  Last Orbital Gradient      ...    7.2837e-05  Tolerance :   5.0000e-05
  Last Orbital Rotation      ...    1.8568e-05  Tolerance :   5.0000e-05

             **** THE GBW FILE WAS UPDATED (calc.gbw) ****
             **** DENSITY calc.scfp WAS UPDATED ****
             **** ENERGY FILE WAS UPDATED (calc.en.tmp) ****
             **** THE GBW FILE WAS UPDATED (calc.gbw) ****
             **** DENSITY calc.scfp WAS UPDATED ****
----------------
ORBITAL ENERGIES
----------------

  NO   OCC          E(Eh)            E(eV) 
   0   2.0000     -10.406571      -283.1772 
   1   2.0000      -0.780726       -21.2446 
   2   2.0000      -0.449247       -12.2246 
   3   2.0000      -0.448661       -12.2087 
   4   2.0000      -0.447631       -12.1807 
   5   0.0000       0.179365         4.8808 
   6   0.0000       0.223657         6.0860 
   7   0.0000       0.224923         6.1205 
   8   0.0000       0.225500         6.1362 
   9   0.0000       0.502768        13.6810 
  10   0.0000       0.503400        13.6982 
  11   0.0000       0.504576        13.7302 
  12   0.0000       1.047961        28.5165 
  13   0.0000       1.050977        28.5985 
  14   0.0000       1.052439        28.6383 
  15   0.0000       1.085019        29.5249 
  16   0.0000       1.108584        30.1661 
  17   0.0000       1.709486        46.5175 
  18   0.0000       1.709602        46.5206 
  19   0.0000       2.336737        63.5859 
  20   0.0000       2.341559        63.7171 
  21   0.0000       2.343622        63.7732 
  22   0.0000      13.717479       373.2716 

                    ********************************
                    * MULLIKEN POPULATION ANALYSIS *
                    ********************************

-----------------------
MULLIKEN ATOMIC CHARGES
-----------------------
   0 C :   -0.888953
   1 H :    0.222376
   2 H :    0.223173
   3 H :    0.220946
   4 H :    0.222458
Sum of atomic charges:    0.0000000

--------------------------------
MULLIKEN REDUCED ORBITAL CHARGES
--------------------------------
  0 C s       :     3.426185  s :     3.426185
      pz      :     1.143981  p :     3.432512
      px      :     1.144327
      py      :     1.144204
      dz2     :     0.007589  d :     0.030257
      dxz     :     0.003351
      dyz     :     0.006698
      dx2y2   :     0.009267
      dxy     :     0.003352
  1 H s       :     0.777624  s :     0.777624
  2 H s       :     0.776827  s :     0.776827
  3 H s       :     0.779054  s :     0.779054
  4 H s       :     0.777542  s :     0.777542


                     *******************************
                     * LOEWDIN POPULATION ANALYSIS *
                     *******************************

----------------------
LOEWDIN ATOMIC CHARGES
----------------------
   0 C :   -0.523565
   1 H :    0.130855
   2 H :    0.130911
   3 H :    0.130905
   4 H :    0.130894

-------------------------------
LOEWDIN REDUCED ORBITAL CHARGES
-------------------------------
  0 C s       :     2.987843  s :     2.987843
      pz      :     1.161769  p :     3.486045
      px      :     1.162156
      py      :     1.162120
      dz2     :     0.012456  d :     0.049677
      dxz     :     0.005503
      dyz     :     0.011003
      dx2y2   :     0.015205
      dxy     :     0.005510
  1 H s       :     0.869145  s :     0.869145
  2 H s       :     0.869089  s :     0.869089
  3 H s       :     0.869095  s :     0.869095
  4 H s       :     0.869106  s :     0.869106


                      *****************************
                      * MAYER POPULATION ANALYSIS *
                      *****************************

  NA   - Mulliken gross atomic population
  ZA   - Total nuclear charge
  QA   - Mulliken gross atomic charge
  VA   - Mayer's total valence
  BVA  - Mayer's bonded valence
  FA   - Mayer's free valence

  ATOM       NA         ZA         QA         VA         BVA        FA
  0 C      6.8890     6.0000    -0.8890     3.7492     3.7492     0.0000
  1 H      0.7776     1.0000     0.2224     0.9143     0.9143     0.0000
  2 H      0.7768     1.0000     0.2232     0.9138     0.9138    -0.0000
  3 H      0.7791     1.0000     0.2209     0.9154     0.9154     0.0000
  4 H      0.7775     1.0000     0.2225     0.9142     0.9142     0.0000

  Mayer bond orders larger than 0.100000
B(  0-C ,  1-H ) :   0.9372 B(  0-C ,  2-H ) :   0.9367 B(  0-C ,  3-H ) :   0.9381 
B(  0-C ,  4-H ) :   0.9372 

-------
TIMINGS
-------

Total SCF time: 0 days 0 hours 0 min 0 sec 

Total time                  ....       0.299 sec
Sum of individual times     ....       0.254 sec  ( 85.2%)

Fock matrix formation       ....       0.207 sec  ( 69.3%)
  Split-RI-J                ....       0.060 sec  ( 29.1% of F)
  Chain of spheres X        ....       0.126 sec  ( 60.7% of F)
  XC integration            ....       0.018 sec  (  8.6% of F)
    Basis function eval.    ....       0.006 sec  ( 31.6% of XC)
    Density eval.           ....       0.003 sec  ( 15.9% of XC)
    XC-Functional eval.     ....       0.004 sec  ( 24.1% of XC)
    XC-Potential eval.      ....       0.002 sec  (  9.9% of XC)
Diagonalization             ....       0.001 sec  (  0.4%)
Density matrix formation    ....       0.000 sec  (  0.0%)
Population analysis         ....       0.001 sec  (  0.3%)
Initial guess               ....       0.001 sec  (  0.2%)
Orbital Transformation      ....       0.000 sec  (  0.0%)
Orbital Orthonormalization  ....       0.000 sec  (  0.0%)
DIIS solution               ....       0.001 sec  (  0.4%)
SOSCF solution              ....       0.002 sec  (  0.6%)
Grid generation             ....       0.042 sec  ( 13.9%)

Maximum memory used throughout the entire SCF-calculation: 43.3 MB


-------------------------------------------------------------------------------
                          DFT DISPERSION CORRECTION                            
                                                                               
                              DFTD3 V3.1  Rev 1                                
                          USING Becke-Johnson damping                          
-------------------------------------------------------------------------------
The PBEh-3c composite method is recognized
Using three-body term ABC
Active option DFTDOPT                   ...         4   

molecular C6(AA) [au] = 127.603470 


            DFT-D V3
 parameters
 s6 scaling factor         :     1.0000 
 a1 scaling factor         :     0.4860 
 s8 scaling factor         :     0.0000 
 a2 scaling factor         :     4.5000 
 Damping factor alpha9(ATM):    16.0000 
 ad hoc parameters k1-k3   :    16.0000     1.3333    -4.0000 

 Edisp/kcal,au: -0.428753769115  -0.000683262550 
 E6   /kcal   :  -0.428773520 
 E8   /kcal   :  -0.000000000 
 E6(ABC)      :   0.000019751 
 % E8         :   0.000000000 
 % E6(ABC)    :  -0.004606511 

-------------------------   ----------------
Dispersion correction           -0.000683263
-------------------------   ----------------

------------------   -----------------
gCP correction             0.001099235
------------------   -----------------

-------------------------   --------------------
FINAL SINGLE POINT ENERGY       -40.425904882894
-------------------------   --------------------


                            ***************************************
                            *     ORCA property calculations      *
                            ***************************************

                                    ---------------------
                                    Active property flags
                                    ---------------------
   (+) Dipole Moment


------------------------------------------------------------------------------
                       ORCA ELECTRIC PROPERTIES CALCULATION
------------------------------------------------------------------------------

Dipole Moment Calculation                       ... on
Quadrupole Moment Calculation                   ... off
Polarizability Calculation                      ... off
GBWName                                         ... calc.gbw
Electron density                                ... calc.scfp
The origin for moment calculation is the CENTER OF MASS  = ( 8.110338,  6.914130 -0.001069)

-------------
DIPOLE MOMENT
-------------
                                X             Y             Z
Electronic contribution:     -0.00044      -0.00038       0.00704
Nuclear contribution   :      0.00007      -0.00000      -0.00632
                        -----------------------------------------
Total Dipole Moment    :     -0.00037      -0.00038       0.00072
                        -----------------------------------------
Magnitude (a.u.)       :      0.00090
Magnitude (Debye)      :      0.00228



--------------------
Rotational spectrum 
--------------------
 
Rotational constants in cm-1:     5.483858     5.467937     5.461687 
Rotational constants in MHz : 164401.934052 163924.627668 163737.263034 

 Dipole components along the rotational axes: 
x,y,z [a.u.] :     0.000892     0.000082     0.000063 
x,y,z [Debye]:     0.002266     0.000209     0.000160 

 

Timings for individual modules:

Sum of individual times         ...        1.046 sec (=   0.017 min)
GTO integral calculation        ...        0.428 sec (=   0.007 min)  40.9 %
SCF iterations                  ...        0.618 sec (=   0.010 min)  59.1 %
                             ****ORCA TERMINATED NORMALLY****
TOTAL RUN TIME: 0 days 0 hours 0 minutes 1 seconds 422 msec
