 Entering Gaussian System
 *********************************************
 Gaussian 98:
 frequency output generated by the xtb code
 *********************************************
                         Standard orientation:
 --------------------------------------------------------------------
  Center     Atomic     Atomic              Coordinates (Angstroms)
  Number     Number      Type              X           Y           Z
 --------------------------------------------------------------------
    1          6             0       -2.997082    1.915392    0.000007
    2          1             0       -2.476962    2.099084    0.955210
    3          1             0       -4.036348    1.547707    0.000011
    4          1             0       -2.476969    2.099081   -0.955200
 --------------------------------------------------------------------
     1 basis functions        1 primitive gaussians
     1 alpha electrons        1 beta electrons
 
 Harmonic frequencies (cm**-1), IR intensities (km*mol⁻¹),
 Raman scattering activities (A**4/amu), Raman depolarization ratios,
 reduced masses (AMU), force constants (mDyne/A) and normal coordinates:
                      1                      2                      3
                        a                      a                      a 
 Frequencies --  1038.0566              1138.3748              1139.4399
 Red. masses --     3.2209                 2.0375                 2.0370
 Frc consts  --     0.0000                 0.0000                 0.0000
 IR Inten    --    32.6983                97.5228                97.8031
 Raman Activ --     0.0000                 0.0000                 0.0000
 Depolar     --     0.0000                 0.0000                 0.0000
 Atom AN      X      Y      Z        X      Y      Z        X      Y      Z
   1   6     0.15  -0.42   0.00     0.00   0.00  -0.31     0.29   0.10   0.00
   2   1    -0.17   0.49   0.00    -0.34  -0.12   0.14    -0.53  -0.19   0.37
   3   1    -0.17   0.49  -0.00     0.00   0.00   0.77     0.07   0.02  -0.00
   4   1    -0.17   0.49  -0.00     0.34   0.12   0.14    -0.53  -0.19  -0.37
                      4                      5                      6
                        a                      a                      a 
 Frequencies --  2830.5770              2876.6922              2880.9146
 Red. masses --     1.0113                 2.1913                 2.1884
 Frc consts  --     0.0000                 0.0000                 0.0000
 IR Inten    --     0.6296               219.6909               219.0922
 Raman Activ --     0.0000                 0.0000                 0.0000
 Depolar     --     0.0000                 0.0000                 0.0000
 Atom AN      X      Y      Z        X      Y      Z        X      Y      Z
   1   6     0.02   0.01   0.00    -0.00  -0.00  -0.33     0.31   0.11  -0.00
   2   1    -0.28  -0.10  -0.52     0.32   0.11   0.57    -0.16  -0.05  -0.31
   3   1     0.50   0.18  -0.00     0.00   0.00  -0.02    -0.76  -0.27   0.00
   4   1    -0.28  -0.10   0.52    -0.32  -0.11   0.57    -0.16  -0.05   0.31
