      -----------------------------------------------------------      
     |                   =====================                   |     
     |                           x T B                           |     
     |                   =====================                   |     
     |                         S. Grimme                         |     
     |          Mulliken Center for Theoretical Chemistry        |     
     |                    University of Bonn                     |     
      -----------------------------------------------------------      

   * xtb version 6.5.1 (579679a) compiled by 'ehlert@majestix' on 2022-07-11

   xtb is free software: you can redistribute it and/or modify it under
   the terms of the GNU Lesser General Public License as published by
   the Free Software Foundation, either version 3 of the License, or
   (at your option) any later version.
   
   xtb is distributed in the hope that it will be useful,
   but WITHOUT ANY WARRANTY; without even the implied warranty of
   MERCHANTABILITY or FITNESS FOR A PARTICULAR PURPOSE.  See the
   GNU Lesser General Public License for more details.
   
   Cite this work as:
   * C. Bannwarth, E. Caldeweyher, S. Ehlert, A. Hansen, P. Pracht,
     J. Seibert, S. Spicher, S. Grimme, WIREs Comput. Mol. Sci., 2020, 11,
     e01493. DOI: 10.1002/wcms.1493
   
   for GFN2-xTB:
   * C. Bannwarth, S. Ehlert and S. Grimme., J. Chem. Theory Comput., 2019,
     15, 1652-1671. DOI: 10.1021/acs.jctc.8b01176
   for GFN1-xTB:
   * S. Grimme, C. Bannwarth, P. Shushkov, J. Chem. Theory Comput., 2017,
     13, 1989-2009. DOI: 10.1021/acs.jctc.7b00118
   for GFN0-xTB:
   * P. Pracht, E. Caldeweyher, S. Ehlert, S. Grimme, ChemRxiv, 2019, preprint.
     DOI: 10.26434/chemrxiv.8326202.v1
   for GFN-FF:
   * S. Spicher and S. Grimme, Angew. Chem. Int. Ed., 2020, 59, 15665-15673.
     DOI: 10.1002/anie.202004239
   
   for ALPB and GBSA implicit solvation:
   * S. Ehlert, M. Stahn, S. Spicher, S. Grimme, J. Chem. Theory Comput.,
     2021, 17, 4250-4261. DOI: 10.1021/acs.jctc.1c00471
   
   for DFT-D4:
   * E. Caldeweyher, C. Bannwarth and S. Grimme, J. Chem. Phys., 2017,
     147, 034112. DOI: 10.1063/1.4993215
   * E. Caldeweyher, S. Ehlert, A. Hansen, H. Neugebauer, S. Spicher,
     C. Bannwarth and S. Grimme, J. Chem. Phys., 2019, 150, 154122.
     DOI: 10.1063/1.5090222
   * E. Caldeweyher, J.-M. Mewes, S. Ehlert and S. Grimme, Phys. Chem. Chem. Phys.
     2020, 22, 8499-8512. DOI: 10.1039/D0CP00502A
   
   for sTDA-xTB:
   * S. Grimme and C. Bannwarth, J. Chem. Phys., 2016, 145, 054103.
     DOI: 10.1063/1.4959605
   
   in the mass-spec context:
   * V. Asgeirsson, C. Bauer and S. Grimme, Chem. Sci., 2017, 8, 4879.
     DOI: 10.1039/c7sc00601b
   * J. Koopman and S. Grimme, ACS Omega 2019, 4, 12, 15120-15133.
     DOI: 10.1021/acsomega.9b02011
   
   for metadynamics refer to:
   * S. Grimme, J. Chem. Theory Comput., 2019, 155, 2847-2862
     DOI: 10.1021/acs.jctc.9b00143
   
   for SPH calculations refer to:
   * S. Spicher and S. Grimme, J. Chem. Theory Comput., 2021, 17, 1701-1714
     DOI: 10.1021/acs.jctc.0c01306
   
   with help from (in alphabetical order)
   P. Atkinson, C. Bannwarth, F. Bohle, G. Brandenburg, E. Caldeweyher
   M. Checinski, S. Dohm, S. Ehlert, S. Ehrlich, I. Gerasimov, C. Hölzer
   A. Katbashev, J. Koopman, C. Lavigne, S. Lehtola, F. März, M. Müller,
   F. Musil, H. Neugebauer, J. Pisarek, C. Plett, P. Pracht, F. Pultar,
   J. Seibert, P. Shushkov, S. Spicher, M. Stahn, M. Steiner, T. Strunk,
   J. Stückrath, T. Rose, and J. Unsleber
   
 * started run on 2022/09/05 at 11:09:27.442     

           -------------------------------------------------
          |                Calculation Setup                |
           -------------------------------------------------

          program call               : xtb in.xyz --opt tight --input input
          hostname                   : web
          coordinate file            : in.xyz
          omp threads                :                    16

   ID    Z sym.   atoms
    1    6 C      1
    2    1 H      2-5
constraining angle 1 2 3 4 to  -35.3355885°, actual value:  -35.3355885°

           -------------------------------------------------
          |                 G F N 2 - x T B                 |
           -------------------------------------------------

        Reference                      10.1021/acs.jctc.8b01176
      * Hamiltonian:
        H0-scaling (s, p, d)           1.850000    2.230000    2.230000
        zeta-weighting                 0.500000
      * Dispersion:
        s8                             2.700000
        a1                             0.520000
        a2                             5.000000
        s9                             5.000000
      * Repulsion:
        kExp                           1.500000    1.000000
        rExp                           1.000000
      * Coulomb:
        alpha                          2.000000
        third order                    shell-resolved
        anisotropic                    true
        a3                             3.000000
        a5                             4.000000
        cn-shift                       1.200000
        cn-exp                         4.000000
        max-rad                        5.000000


          ...................................................
          :                      SETUP                      :
          :.................................................:
          :  # basis functions                   8          :
          :  # atomic orbitals                   8          :
          :  # shells                            6          :
          :  # electrons                         8          :
          :  max. iterations                   250          :
          :  Hamiltonian                  GFN2-xTB          :
          :  restarted?                      false          :
          :  GBSA solvation                  false          :
          :  PC potential                    false          :
          :  electronic temp.          300.0000000     K    :
          :  accuracy                    1.0000000          :
          :  -> integral cutoff          0.2500000E+02      :
          :  -> integral neglect         0.1000000E-07      :
          :  -> SCF convergence          0.1000000E-05 Eh   :
          :  -> wf. convergence          0.1000000E-03 e    :
          :  Broyden damping             0.4000000          :
          ...................................................

 iter      E             dE          RMSdq      gap      omega  full diag
   1     -4.2425395 -0.424254E+01  0.240E+00   18.33       0.0  T
   2     -4.2535445 -0.110049E-01  0.944E-01   18.14       1.0  T
   3     -4.2537288 -0.184373E-03  0.496E-01   18.04       1.0  T
   4     -4.2537662 -0.373428E-04  0.873E-02   17.94       1.0  T
   5     -4.2537660  0.155264E-06  0.774E-03   17.94       5.8  T
   6     -4.2537662 -0.177374E-06  0.215E-04   17.94     208.3  T
   7     -4.2537662 -0.101115E-09  0.768E-05   17.94     582.5  T

   *** convergence criteria satisfied after 7 iterations ***

         #    Occupation            Energy/Eh            Energy/eV
      -------------------------------------------------------------
         1        2.0000           -0.5838651             -15.8878
         2        2.0000           -0.4684912             -12.7483
         3        2.0000           -0.4683411             -12.7442
         4        2.0000           -0.4680739             -12.7369 (HOMO)
         5                          0.1911057               5.2003 (LUMO)
         6                          0.2431743               6.6171
         7                          0.2491727               6.7803
         8                          0.2524148               6.8686
      -------------------------------------------------------------
                  HL-Gap            0.6591796 Eh           17.9372 eV
             Fermi-level           -0.1384841 Eh           -3.7683 eV

 SCC (total)                   0 d,  0 h,  0 min,  0.001 sec
 SCC setup                      ...        0 min,  0.000 sec (  9.271%)
 Dispersion                     ...        0 min,  0.000 sec (  2.946%)
 classical contributions        ...        0 min,  0.000 sec (  1.060%)
 integral evaluation            ...        0 min,  0.000 sec (  9.127%)
 iterations                     ...        0 min,  0.001 sec ( 58.929%)
 molecular gradient             ...        0 min,  0.000 sec ( 12.738%)
 printout                       ...        0 min,  0.000 sec (  4.222%)

         :::::::::::::::::::::::::::::::::::::::::::::::::::::
         ::                     SUMMARY                     ::
         :::::::::::::::::::::::::::::::::::::::::::::::::::::
         :: total energy              -4.174846019197 Eh    ::
         :: gradient norm              0.017367789484 Eh/a0 ::
         :: HOMO-LUMO gap             17.937189142845 eV    ::
         ::.................................................::
         :: SCC energy                -4.253766198696 Eh    ::
         :: -> isotropic ES            0.002126496278 Eh    ::
         :: -> anisotropic ES          0.002098576699 Eh    ::
         :: -> anisotropic XC          0.003310811828 Eh    ::
         :: -> dispersion             -0.000659154884 Eh    ::
         :: repulsion energy           0.078920174312 Eh    ::
         :: add. restraining           0.000000000000 Eh    ::
         :: total charge               0.000000000000 e     ::
         :::::::::::::::::::::::::::::::::::::::::::::::::::::

      ----------------------------------------------------------- 
     |                   =====================                   |
     |                        A N C O P T                        |
     |                   =====================                   |
     |               Approximate Normal Coordinate               |
     |                Rational Function Optimizer                |
      ----------------------------------------------------------- 

          ...................................................
          :                      SETUP                      :
          :.................................................:
          :   optimization level             tight          :
          :   max. optcycles                   200          :
          :   ANC micro-cycles                  20          :
          :   degrees of freedom                 9          :
          :.................................................:
          :   RF solver                   davidson          :
          :   write xtbopt.log                true          :
          :   linear?                        false          :
          :   energy convergence         0.1000000E-05 Eh   :
          :   grad. convergence          0.8000000E-03 Eh/α :
          :   maximium RF displ.         1.0000000          :
          :   Hlow (freq-cutoff)         0.1000000E-01      :
          :   Hmax (freq-cutoff)         5.0000000          :
          :   S6 in model hess.         20.0000000          :
          ...................................................

generating ANC from model Hessian ...
Using Lindh-Hessian (1995)
 Shifting diagonal of input Hessian by   0.000000000000000E+000
 Lowest  eigenvalues of input Hessian
    0.000000    0.000000    0.000000    0.000000    0.000000    0.000000
    0.122292    0.127221    0.152335    0.152439    0.379007    0.448212
    1.202291    1.210531    2.006852
 Highest eigenvalues
    0.152439    0.379007    0.448212    1.202291    1.210531    2.006852
 

........................................................................
.............................. CYCLE    1 ..............................
........................................................................
   1     -4.2537662 -0.425377E+01  0.257E-06   17.94       0.0  T
   2     -4.2537662 -0.444089E-14  0.139E-06   17.94   32121.3  T
   3     -4.2537662  0.000000E+00  0.519E-07   17.94   86091.2  T
     SCC iter.                  ...        0 min,  0.000 sec
     gradient                   ...        0 min,  0.000 sec
 * total energy  :    -4.1748460 Eh     change       -0.1549605E-10 Eh
   gradient norm :     0.0173680 Eh/α   predicted     0.0000000E+00 (-100.00%)
   displ. norm   :     0.0373619 α      lambda       -0.6333216E-03
   maximum displ.:     0.0368020 α      in ANC's #6, #5, #4, ...

........................................................................
.............................. CYCLE    2 ..............................
........................................................................
   1     -4.2484587 -0.424846E+01  0.105E-01   17.46       0.0  T
   2     -4.2484655 -0.683369E-05  0.560E-02   17.45       1.0  T
   3     -4.2484658 -0.264772E-06  0.197E-02   17.45       2.3  T
   4     -4.2484658 -0.359035E-07  0.417E-03   17.44      10.7  T
   5     -4.2484658 -0.690754E-10  0.988E-05   17.44     452.7  T
   6     -4.2484658 -0.438494E-11  0.324E-05   17.44    1378.8  T
     SCC iter.                  ...        0 min,  0.000 sec
     gradient                   ...        0 min,  0.000 sec
 * total energy  :    -4.1752087 Eh     change       -0.3626822E-03 Eh
   gradient norm :     0.0028482 Eh/α   predicted    -0.3171047E-03 ( -12.57%)
   displ. norm   :     0.0067958 α      lambda       -0.1834149E-04
   maximum displ.:     0.0066431 α      in ANC's #6, #8, #5, ...

........................................................................
.............................. CYCLE    3 ..............................
........................................................................
   1     -4.2474969 -0.424750E+01  0.192E-02   17.36       0.0  T
   2     -4.2474972 -0.225655E-06  0.102E-02   17.36       4.4  T
   3     -4.2474972 -0.841229E-08  0.359E-03   17.35      12.4  T
   4     -4.2474972 -0.114198E-08  0.750E-04   17.35      59.6  T
   5     -4.2474972 -0.150902E-11  0.145E-05   17.35    3085.1  T
     SCC iter.                  ...        0 min,  0.000 sec
     gradient                   ...        0 min,  0.000 sec
 * total energy  :    -4.1752183 Eh     change       -0.9603675E-05 Eh
   gradient norm :     0.0003057 Eh/α   predicted    -0.9173199E-05 (  -4.48%)
   displ. norm   :     0.0007369 α      lambda       -0.1078474E-06
   maximum displ.:     0.0004009 α      in ANC's #4, #6, #8, ...

........................................................................
.............................. CYCLE    4 ..............................
........................................................................
   1     -4.2474389 -0.424744E+01  0.203E-03   17.35       0.0  T
   2     -4.2474389 -0.829693E-09  0.116E-03   17.35      38.4  T
   3     -4.2474389 -0.386766E-10  0.199E-04   17.35     224.5  T
   4     -4.2474389 -0.225064E-11  0.474E-05   17.35     944.4  T
     SCC iter.                  ...        0 min,  0.000 sec
     gradient                   ...        0 min,  0.000 sec
 * total energy  :    -4.1752184 Eh     change       -0.6693508E-07 Eh
   gradient norm :     0.0000687 Eh/α   predicted    -0.5454479E-07 ( -18.51%)
   displ. norm   :     0.0002000 α      lambda       -0.7941898E-08
   maximum displ.:     0.0001980 α      in ANC's #6, #9, #1, ...

   *** GEOMETRY OPTIMIZATION CONVERGED AFTER 4 ITERATIONS ***

------------------------------------------------------------------------
 total energy gain   :        -0.0003724 Eh       -0.2337 kcal/mol
 total RMSD          :         0.0199112 a0        0.0105 Å
 total power (kW/mol):        -0.2444030 (step) -304.4552 (real)
------------------------------------------------------------------------

 ANCopt (total)                0 d,  0 h,  0 min,  0.003 sec
 optimizer setup                ...        0 min,  0.000 sec (  2.855%)
 model hessian                  ...        0 min,  0.000 sec (  5.030%)
 ANC generation                 ...        0 min,  0.000 sec (  2.360%)
 coordinate transformation      ...        0 min,  0.000 sec (  0.658%)
 single point calculation       ...        0 min,  0.002 sec ( 70.212%)
 optimization log               ...        0 min,  0.000 sec (  5.237%)
 hessian update                 ...        0 min,  0.000 sec (  0.799%)
 rational function              ...        0 min,  0.000 sec (  6.391%)

================
 final structure:
================
5
 xtb: 6.5.1 (579679a)
C            4.29153210814905        3.65872443344174       -0.00166760400869
H            4.65268304928153        2.63856936321796       -0.00089371551462
H            4.65361759397918        4.17042898911509        0.88049049219652
H            4.65190154779630        4.16751242863961       -0.88632027582638
H            3.20936570079394        3.65876478558561       -0.00060889684683
 
 Bond Distances (Angstroems)
 ---------------------------
C1-H2=1.0822         C1-H3=1.0822         C1-H4=1.0823         C1-H5=1.0822         H2-C1=1.0822         H3-C1=1.0822         
H4-C1=1.0823         H5-C1=1.0822         
 C  H  Rav=1.0822 sigma=0.0000  Rmin=1.0822  Rmax=1.0823     4
 
 selected bond angles (degree)
 --------------------
H3-C1-H2=109.48                H4-C1-H2=109.43                H4-C1-H3=109.43                H5-C1-H2=109.50                
H5-C1-H3=109.50                H5-C1-H4=109.50                
 
 selected dihedral angles (degree)
 ---------------------------------

           -------------------------------------------------
          |                Final Singlepoint                |
           -------------------------------------------------

          ...................................................
          :                      SETUP                      :
          :.................................................:
          :  # basis functions                   8          :
          :  # atomic orbitals                   8          :
          :  # shells                            6          :
          :  # electrons                         8          :
          :  max. iterations                   250          :
          :  Hamiltonian                  GFN2-xTB          :
          :  restarted?                      false          :
          :  GBSA solvation                  false          :
          :  PC potential                    false          :
          :  electronic temp.          300.0000000     K    :
          :  accuracy                    1.0000000          :
          :  -> integral cutoff          0.2500000E+02      :
          :  -> integral neglect         0.1000000E-07      :
          :  -> SCF convergence          0.1000000E-05 Eh   :
          :  -> wf. convergence          0.1000000E-03 e    :
          :  Broyden damping             0.4000000          :
          ...................................................

 iter      E             dE          RMSdq      gap      omega  full diag
   1     -4.2474389 -0.424744E+01  0.318E-06   17.35       0.0  T
   2     -4.2474389 -0.355271E-14  0.162E-06   17.35   27589.3  T
   3     -4.2474389 -0.355271E-14  0.223E-07   17.35  100000.0  T

   *** convergence criteria satisfied after 3 iterations ***

         #    Occupation            Energy/Eh            Energy/eV
      -------------------------------------------------------------
         1        2.0000           -0.5818273             -15.8323
         2        2.0000           -0.4674949             -12.7212
         3        2.0000           -0.4674641             -12.7203
         4        2.0000           -0.4674037             -12.7187 (HOMO)
         5                          0.1701726               4.6306 (LUMO)
         6                          0.2288499               6.2273
         7                          0.2292387               6.2379
         8                          0.2294378               6.2433
      -------------------------------------------------------------
                  HL-Gap            0.6375763 Eh           17.3493 eV
             Fermi-level           -0.1486156 Eh           -4.0440 eV

 SCC (total)                   0 d,  0 h,  0 min,  0.001 sec
 SCC setup                      ...        0 min,  0.000 sec ( 12.627%)
 Dispersion                     ...        0 min,  0.000 sec (  3.367%)
 classical contributions        ...        0 min,  0.000 sec (  1.506%)
 integral evaluation            ...        0 min,  0.000 sec (  9.260%)
 iterations                     ...        0 min,  0.000 sec ( 37.705%)
 molecular gradient             ...        0 min,  0.000 sec ( 22.463%)
 printout                       ...        0 min,  0.000 sec (  8.906%)

         :::::::::::::::::::::::::::::::::::::::::::::::::::::
         ::                     SUMMARY                     ::
         :::::::::::::::::::::::::::::::::::::::::::::::::::::
         :: total energy              -4.175218372003 Eh    ::
         :: gradient norm              0.000068506372 Eh/a0 ::
         :: HOMO-LUMO gap             17.349334168542 eV    ::
         ::.................................................::
         :: SCC energy                -4.247438919919 Eh    ::
         :: -> isotropic ES            0.002035176230 Eh    ::
         :: -> anisotropic ES          0.002322537287 Eh    ::
         :: -> anisotropic XC          0.003586327370 Eh    ::
         :: -> dispersion             -0.000661019640 Eh    ::
         :: repulsion energy           0.072220514326 Eh    ::
         :: add. restraining           0.000000027998 Eh    ::
         :: total charge              -0.000000000000 e     ::
         :::::::::::::::::::::::::::::::::::::::::::::::::::::

           -------------------------------------------------
          |                Property Printout                |
           -------------------------------------------------

    * Orbital Energies and Occupations

         #    Occupation            Energy/Eh            Energy/eV
      -------------------------------------------------------------
         1        2.0000           -0.5818273             -15.8323
         2        2.0000           -0.4674949             -12.7212
         3        2.0000           -0.4674641             -12.7203
         4        2.0000           -0.4674037             -12.7187 (HOMO)
         5                          0.1701726               4.6306 (LUMO)
         6                          0.2288499               6.2273
         7                          0.2292387               6.2379
         8                          0.2294378               6.2433
      -------------------------------------------------------------
                  HL-Gap            0.6375763 Eh           17.3493 eV
             Fermi-level           -0.1486156 Eh           -4.0440 eV

     #   Z          covCN         q      C6AA      α(0)
     1   6 C        3.702    -0.156    23.687     6.959
     2   1 H        0.925     0.039     2.463     2.454
     3   1 H        0.925     0.039     2.463     2.454
     4   1 H        0.925     0.039     2.464     2.455
     5   1 H        0.925     0.039     2.463     2.454

 Mol. C6AA /au·bohr⁶  :        123.836168
 Mol. C8AA /au·bohr⁸  :       2297.154666
 Mol. α(0) /au        :         16.776734


Wiberg/Mayer (AO) data.
largest (>0.10) Wiberg bond orders for each atom

 ---------------------------------------------------------------------------
     #   Z sym  total        # sym  WBO       # sym  WBO       # sym  WBO
 ---------------------------------------------------------------------------
     1   6 C    3.994 --     4 H    0.998     3 H    0.998     2 H    0.998
                             5 H    0.998
     2   1 H    0.998 --     1 C    0.998
     3   1 H    0.998 --     1 C    0.998
     4   1 H    0.998 --     1 C    0.998
     5   1 H    0.998 --     1 C    0.998
 ---------------------------------------------------------------------------

Topologies differ in total number of bonds
Writing topology from bond orders to xtbtopo.mol

molecular dipole:
                 x           y           z       tot (Debye)
 q only:       -0.000      -0.000       0.000
   full:        0.000       0.000      -0.000       0.000
molecular quadrupole (traceless):
                xx          xy          yy          xz          yz          zz
 q only:        0.000      -0.000      -0.000       0.000       0.000      -0.000
  q+dip:        0.005       0.003      -0.001      -0.001       0.000      -0.003
   full:        0.004       0.002      -0.001      -0.001       0.000      -0.003

           -------------------------------------------------
          |                Geometry Summary                 |
           -------------------------------------------------

      molecular mass/u    :       16.0424989
   center of mass at/Å    :        4.2916229       3.6587485      -0.0017092
  moments of inertia/u·Å² :        0.3146987E+01   0.3147807E+01   0.3149056E+01
rotational constants/cm⁻¹ :        0.5356753E+01   0.5355357E+01   0.5353234E+01

 * 4 selected distances

     #   Z          #   Z                                           value/Å
     1   6 C        2   1 H                                       1.0821955
     1   6 C        3   1 H                                       1.0821971
     1   6 C        4   1 H                                       1.0822855 (max)
     1   6 C        5   1 H                                       1.0821670 (min)

 * 1 distinct bonds (by element types)

   Z      Z             #   av. dist./Å        max./Å        min./Å
   1 H    6 C           4     1.0822113     1.0822855     1.0821670


optimized geometry written to: xtbopt.xyz


           -------------------------------------------------
          | TOTAL ENERGY               -4.175218372003 Eh   |
          | GRADIENT NORM               0.000068506372 Eh/α |
          | HOMO-LUMO GAP              17.349334168542 eV   |
           -------------------------------------------------

------------------------------------------------------------------------
 * finished run on 2022/09/05 at 11:09:27.494     
------------------------------------------------------------------------
 total:
 * wall-time:     0 d,  0 h,  0 min,  0.052 sec
 *  cpu-time:     0 d,  0 h,  0 min,  0.734 sec
 * ratio c/w:    14.015 speedup
 SCF:
 * wall-time:     0 d,  0 h,  0 min,  0.001 sec
 *  cpu-time:     0 d,  0 h,  0 min,  0.023 sec
 * ratio c/w:    15.963 speedup
 ANC optimizer:
 * wall-time:     0 d,  0 h,  0 min,  0.004 sec
 *  cpu-time:     0 d,  0 h,  0 min,  0.068 sec
 * ratio c/w:    16.000 speedup

normal termination of xtb
