 Entering Gaussian System
 *********************************************
 Gaussian 98:
 frequency output generated by the xtb code
 *********************************************
                         Standard orientation:
 --------------------------------------------------------------------
  Center     Atomic     Atomic              Coordinates (Angstroms)
  Number     Number      Type              X           Y           Z
 --------------------------------------------------------------------
    1          6             0       -2.907692    1.663115    0.000007
    2          1             0       -2.550986    2.167515    0.873705
    3          1             0       -3.977692    1.663121    0.000011
    4          1             0       -2.550992    2.167512   -0.873695
 --------------------------------------------------------------------
     1 basis functions        1 primitive gaussians
     1 alpha electrons        1 beta electrons
 
 Harmonic frequencies (cm**-1), IR intensities (km*mol⁻¹),
 Raman scattering activities (A**4/amu), Raman depolarization ratios,
 reduced masses (AMU), force constants (mDyne/A) and normal coordinates:
                      1                      2                      3
                        a                      a                      a 
 Frequencies --  1010.4178              1104.8979              1106.2964
 Red. masses --     3.0040                 1.8101                 1.8096
 Frc consts  --     0.0000                 0.0000                 0.0000
 IR Inten    --    22.2954               149.2400               149.4514
 Raman Activ --     0.0000                 0.0000                 0.0000
 Depolar     --     0.0000                 0.0000                 0.0000
 Atom AN      X      Y      Z        X      Y      Z        X      Y      Z
   1   6     0.15  -0.40   0.00    -0.25  -0.10   0.00     0.00   0.00   0.27
   2   1    -0.26   0.43  -0.15     0.46   0.29  -0.38     0.42  -0.05  -0.09
   3   1     0.01   0.53  -0.00    -0.04  -0.24  -0.00    -0.00   0.00  -0.74
   4   1    -0.26   0.43   0.15     0.46   0.29   0.38    -0.42   0.05  -0.09
                      4                      5                      6
                        a                      a                      a 
 Frequencies --  3192.1494              3200.8934              3201.0194
 Red. masses --     1.2243                 2.0509                 2.0509
 Frc consts  --     0.0000                 0.0000                 0.0000
 IR Inten    --    33.9230               175.3409               175.3360
 Raman Activ --     0.0000                 0.0000                 0.0000
 Depolar     --     0.0000                 0.0000                 0.0000
 Atom AN      X      Y      Z        X      Y      Z        X      Y      Z
   1   6    -0.05   0.13  -0.00     0.00   0.00  -0.31     0.29   0.10   0.00
   2   1    -0.21  -0.24  -0.48     0.24   0.31   0.54    -0.11  -0.17  -0.33
   3   1     0.57   0.03  -0.00    -0.00  -0.00  -0.03    -0.78  -0.01   0.00
   4   1    -0.21  -0.24   0.48    -0.24  -0.31   0.54    -0.11  -0.17   0.33
