      -----------------------------------------------------------      
     |                   =====================                   |     
     |                           x T B                           |     
     |                   =====================                   |     
     |                         S. Grimme                         |     
     |          Mulliken Center for Theoretical Chemistry        |     
     |                    University of Bonn                     |     
      -----------------------------------------------------------      

   * xtb version 6.5.1 (579679a) compiled by 'ehlert@majestix' on 2022-07-11

   xtb is free software: you can redistribute it and/or modify it under
   the terms of the GNU Lesser General Public License as published by
   the Free Software Foundation, either version 3 of the License, or
   (at your option) any later version.
   
   xtb is distributed in the hope that it will be useful,
   but WITHOUT ANY WARRANTY; without even the implied warranty of
   MERCHANTABILITY or FITNESS FOR A PARTICULAR PURPOSE.  See the
   GNU Lesser General Public License for more details.
   
   Cite this work as:
   * C. Bannwarth, E. Caldeweyher, S. Ehlert, A. Hansen, P. Pracht,
     J. Seibert, S. Spicher, S. Grimme, WIREs Comput. Mol. Sci., 2020, 11,
     e01493. DOI: 10.1002/wcms.1493
   
   for GFN2-xTB:
   * C. Bannwarth, S. Ehlert and S. Grimme., J. Chem. Theory Comput., 2019,
     15, 1652-1671. DOI: 10.1021/acs.jctc.8b01176
   for GFN1-xTB:
   * S. Grimme, C. Bannwarth, P. Shushkov, J. Chem. Theory Comput., 2017,
     13, 1989-2009. DOI: 10.1021/acs.jctc.7b00118
   for GFN0-xTB:
   * P. Pracht, E. Caldeweyher, S. Ehlert, S. Grimme, ChemRxiv, 2019, preprint.
     DOI: 10.26434/chemrxiv.8326202.v1
   for GFN-FF:
   * S. Spicher and S. Grimme, Angew. Chem. Int. Ed., 2020, 59, 15665-15673.
     DOI: 10.1002/anie.202004239
   
   for ALPB and GBSA implicit solvation:
   * S. Ehlert, M. Stahn, S. Spicher, S. Grimme, J. Chem. Theory Comput.,
     2021, 17, 4250-4261. DOI: 10.1021/acs.jctc.1c00471
   
   for DFT-D4:
   * E. Caldeweyher, C. Bannwarth and S. Grimme, J. Chem. Phys., 2017,
     147, 034112. DOI: 10.1063/1.4993215
   * E. Caldeweyher, S. Ehlert, A. Hansen, H. Neugebauer, S. Spicher,
     C. Bannwarth and S. Grimme, J. Chem. Phys., 2019, 150, 154122.
     DOI: 10.1063/1.5090222
   * E. Caldeweyher, J.-M. Mewes, S. Ehlert and S. Grimme, Phys. Chem. Chem. Phys.
     2020, 22, 8499-8512. DOI: 10.1039/D0CP00502A
   
   for sTDA-xTB:
   * S. Grimme and C. Bannwarth, J. Chem. Phys., 2016, 145, 054103.
     DOI: 10.1063/1.4959605
   
   in the mass-spec context:
   * V. Asgeirsson, C. Bauer and S. Grimme, Chem. Sci., 2017, 8, 4879.
     DOI: 10.1039/c7sc00601b
   * J. Koopman and S. Grimme, ACS Omega 2019, 4, 12, 15120-15133.
     DOI: 10.1021/acsomega.9b02011
   
   for metadynamics refer to:
   * S. Grimme, J. Chem. Theory Comput., 2019, 155, 2847-2862
     DOI: 10.1021/acs.jctc.9b00143
   
   for SPH calculations refer to:
   * S. Spicher and S. Grimme, J. Chem. Theory Comput., 2021, 17, 1701-1714
     DOI: 10.1021/acs.jctc.0c01306
   
   with help from (in alphabetical order)
   P. Atkinson, C. Bannwarth, F. Bohle, G. Brandenburg, E. Caldeweyher
   M. Checinski, S. Dohm, S. Ehlert, S. Ehrlich, I. Gerasimov, C. Hölzer
   A. Katbashev, J. Koopman, C. Lavigne, S. Lehtola, F. März, M. Müller,
   F. Musil, H. Neugebauer, J. Pisarek, C. Plett, P. Pracht, F. Pultar,
   J. Seibert, P. Shushkov, S. Spicher, M. Stahn, M. Steiner, T. Strunk,
   J. Stückrath, T. Rose, and J. Unsleber
   
 * started run on 2022/09/05 at 10:30:36.982     

           -------------------------------------------------
          |                Calculation Setup                |
           -------------------------------------------------

          program call               : xtb in.xyz --opt tight
          hostname                   : web
          coordinate file            : in.xyz
          omp threads                :                    16

   ID    Z sym.   atoms
    1    1 H      1, 2

           -------------------------------------------------
          |                 G F N 2 - x T B                 |
           -------------------------------------------------

        Reference                      10.1021/acs.jctc.8b01176
      * Hamiltonian:
        H0-scaling (s, p, d)           1.850000    2.230000    2.230000
        zeta-weighting                 0.500000
      * Dispersion:
        s8                             2.700000
        a1                             0.520000
        a2                             5.000000
        s9                             5.000000
      * Repulsion:
        kExp                           1.500000    1.000000
        rExp                           1.000000
      * Coulomb:
        alpha                          2.000000
        third order                    shell-resolved
        anisotropic                    true
        a3                             3.000000
        a5                             4.000000
        cn-shift                       1.200000
        cn-exp                         4.000000
        max-rad                        5.000000


          ...................................................
          :                      SETUP                      :
          :.................................................:
          :  # basis functions                   2          :
          :  # atomic orbitals                   2          :
          :  # shells                            2          :
          :  # electrons                         2          :
          :  max. iterations                   250          :
          :  Hamiltonian                  GFN2-xTB          :
          :  restarted?                      false          :
          :  GBSA solvation                  false          :
          :  PC potential                    false          :
          :  electronic temp.          300.0000000     K    :
          :  accuracy                    1.0000000          :
          :  -> integral cutoff          0.2500000E+02      :
          :  -> integral neglect         0.1000000E-07      :
          :  -> SCF convergence          0.1000000E-05 Eh   :
          :  -> wf. convergence          0.1000000E-03 e    :
          :  Broyden damping             0.4000000          :
          ...................................................

 iter      E             dE          RMSdq      gap      omega  full diag
   1     -1.0465768 -0.104658E+01  0.317E+00   30.47       0.0  T
   2     -1.0465768 -0.444089E-15  0.190E+00   29.43       1.0  T
   3     -1.0465768  0.444089E-15  0.114E-04   27.88     619.7  T
   4     -1.0465768 -0.444089E-15  0.397E-11   27.88  100000.0  T

   *** convergence criteria satisfied after 4 iterations ***

         #    Occupation            Energy/Eh            Energy/eV
      -------------------------------------------------------------
         1        2.0000           -0.4958918             -13.4939 (HOMO)
         2                          0.5285706              14.3831 (LUMO)
      -------------------------------------------------------------
                  HL-Gap            1.0244625 Eh           27.8770 eV
             Fermi-level            0.0163394 Eh            0.4446 eV

 SCC (total)                   0 d,  0 h,  0 min,  0.005 sec
 SCC setup                      ...        0 min,  0.001 sec ( 16.166%)
 Dispersion                     ...        0 min,  0.000 sec (  1.283%)
 classical contributions        ...        0 min,  0.000 sec (  0.285%)
 integral evaluation            ...        0 min,  0.001 sec ( 16.678%)
 iterations                     ...        0 min,  0.002 sec ( 46.017%)
 molecular gradient             ...        0 min,  0.001 sec ( 13.283%)
 printout                       ...        0 min,  0.000 sec (  5.734%)

         :::::::::::::::::::::::::::::::::::::::::::::::::::::
         ::                     SUMMARY                     ::
         :::::::::::::::::::::::::::::::::::::::::::::::::::::
         :: total energy              -0.958996962849 Eh    ::
         :: gradient norm              0.252100312944 Eh/a0 ::
         :: HOMO-LUMO gap             27.877042329156 eV    ::
         ::.................................................::
         :: SCC energy                -1.046576772895 Eh    ::
         :: -> isotropic ES            0.000000000000 Eh    ::
         :: -> anisotropic ES          0.005070148733 Eh    ::
         :: -> anisotropic XC          0.006636765397 Eh    ::
         :: -> dispersion             -0.000052183879 Eh    ::
         :: repulsion energy           0.087579810046 Eh    ::
         :: add. restraining           0.000000000000 Eh    ::
         :: total charge              -0.000000000000 e     ::
         :::::::::::::::::::::::::::::::::::::::::::::::::::::

      ----------------------------------------------------------- 
     |                   =====================                   |
     |                        A N C O P T                        |
     |                   =====================                   |
     |               Approximate Normal Coordinate               |
     |                Rational Function Optimizer                |
      ----------------------------------------------------------- 

          ...................................................
          :                      SETUP                      :
          :.................................................:
          :   optimization level             tight          :
          :   max. optcycles                   200          :
          :   ANC micro-cycles                  20          :
          :   degrees of freedom                 1          :
          :.................................................:
          :   RF solver                   davidson          :
          :   write xtbopt.log                true          :
          :   linear (good luck)              true          :
          :   energy convergence         0.1000000E-05 Eh   :
          :   grad. convergence          0.8000000E-03 Eh/α :
          :   maximium RF displ.         1.0000000          :
          :   Hlow (freq-cutoff)         0.1000000E-01      :
          :   Hmax (freq-cutoff)         5.0000000          :
          :   S6 in model hess.         20.0000000          :
          ...................................................

generating ANC from model Hessian ...
Using Lindh-Hessian (1995)
 Shifting diagonal of input Hessian by   0.000000000000000E+000
 Lowest  eigenvalues of input Hessian
    0.000000    0.000000    0.000000    0.000000    0.000000    1.368599
 Highest eigenvalues
    0.000000    0.000000    0.000000    0.000000    0.000000    1.368599
 

........................................................................
.............................. CYCLE    1 ..............................
........................................................................
   1     -1.0465768 -0.104658E+01  0.212E-11   27.88       0.0  T
   2     -1.0465768  0.222045E-15  0.113E-11   27.88  100000.0  T
   3     -1.0465768  0.666134E-15  0.201E-14   27.88  100000.0  T
     SCC iter.                  ...        0 min,  0.000 sec
     gradient                   ...        0 min,  0.000 sec
 * total energy  :    -0.9589970 Eh     change        0.6661338E-15 Eh
   gradient norm :     0.2521003 Eh/α   predicted     0.0000000E+00 (-100.00%)
   displ. norm   :     0.1783444 α      lambda       -0.4496066E-01
   maximum displ.:     0.1783444 α      in ANC's #1, #1, #1, ...

........................................................................
.............................. CYCLE    2 ..............................
........................................................................
   1     -1.0226872 -0.102269E+01  0.861E-01   18.56       0.0  T
   2     -1.0226872  0.444089E-15  0.517E-01   18.43       1.0  T
   3     -1.0226872 -0.222045E-15  0.310E-05   18.23    2280.3  T
   4     -1.0226872  0.000000E+00  0.623E-12   18.23  100000.0  T
     SCC iter.                  ...        0 min,  0.000 sec
     gradient                   ...        0 min,  0.000 sec
 * total energy  :    -0.9816959 Eh     change       -0.2269898E-01 Eh
   gradient norm :     0.0360756 Eh/α   predicted    -0.2319536E-01 (   2.19%)
   displ. norm   :     0.0297567 α      lambda       -0.1073488E-02
   maximum displ.:     0.0297567 α      in ANC's #1, #1, #1, ...

........................................................................
.............................. CYCLE    3 ..............................
........................................................................
   1     -1.0187099 -0.101871E+01  0.142E-01   17.13       0.0  T
   2     -1.0187099 -0.222045E-15  0.854E-02   17.11       1.0  T
   3     -1.0187099  0.222045E-15  0.512E-06   17.09   13799.9  T
   4     -1.0187099 -0.222045E-15  0.153E-12   17.09  100000.0  T
     SCC iter.                  ...        0 min,  0.000 sec
     gradient                   ...        0 min,  0.000 sec
 * total energy  :    -0.9824653 Eh     change       -0.7693192E-03 Eh
   gradient norm :     0.0161531 Eh/α   predicted    -0.5372195E-03 ( -30.17%)
   displ. norm   :     0.0241127 α      lambda       -0.3894981E-03
   maximum displ.:     0.0241127 α      in ANC's #1, #1, #1, ...

........................................................................
.............................. CYCLE    4 ..............................
........................................................................
   1     -1.0155076 -0.101551E+01  0.115E-01   16.27       0.0  T
   2     -1.0155076  0.000000E+00  0.688E-02   16.25       1.0  T
   3     -1.0155076 -0.444089E-15  0.390E-06   16.23   18108.7  T
   4     -1.0155076  0.444089E-15  0.156E-12   16.23  100000.0  T
     SCC iter.                  ...        0 min,  0.000 sec
     gradient                   ...        0 min,  0.000 sec
 * total energy  :    -0.9826821 Eh     change       -0.2168076E-03 Eh
   gradient norm :     0.0021143 Eh/α   predicted    -0.1948610E-03 ( -10.12%)
   displ. norm   :     0.0036315 α      lambda       -0.7674937E-05
   maximum displ.:     0.0036315 α      in ANC's #1, #1, #1, ...

........................................................................
.............................. CYCLE    5 ..............................
........................................................................
   1     -1.0150270 -0.101503E+01  0.172E-02   16.11       0.0  T
   2     -1.0150270  0.222045E-15  0.103E-02   16.11       6.9  T
   3     -1.0150270  0.000000E+00  0.132E-08   16.11  100000.0  T
   4     -1.0150270 -0.222045E-15  0.230E-13   16.11  100000.0  T
     SCC iter.                  ...        0 min,  0.000 sec
     gradient                   ...        0 min,  0.000 sec
 * total energy  :    -0.9826862 Eh     change       -0.4087432E-05 Eh
   gradient norm :     0.0001426 Eh/α   predicted    -0.3839103E-05 (  -6.08%)
   displ. norm   :     0.0003941 α      lambda       -0.3676199E-07
   maximum displ.:     0.0003941 α      in ANC's #1, #1, #1, ...

........................................................................
.............................. CYCLE    6 ..............................
........................................................................
   1     -1.0149749 -0.101497E+01  0.187E-03   16.09       0.0  T
   2     -1.0149749  0.222045E-15  0.112E-03   16.09      63.2  T
   3     -1.0149749  0.000000E+00  0.168E-11   16.09  100000.0  T
   4     -1.0149749 -0.222045E-15  0.322E-14   16.09  100000.0  T
     SCC iter.                  ...        0 min,  0.000 sec
     gradient                   ...        0 min,  0.000 sec
 * total energy  :    -0.9826862 Eh     change       -0.1445332E-07 Eh
   gradient norm :     0.0000692 Eh/α   predicted    -0.1873726E-07 (  29.64%)
   displ. norm   :     0.0001288 α      lambda       -0.3120858E-08
   maximum displ.:     0.0001288 α      in ANC's #1, #1, #1, ...

   *** GEOMETRY OPTIMIZATION CONVERGED AFTER 6 ITERATIONS ***

------------------------------------------------------------------------
 total energy gain   :        -0.0236892 Eh      -14.8652 kcal/mol
 total RMSD          :         0.1670464 a0        0.0884 Å
 total power (kW/mol):       -10.3660010 (step)********** (real)
------------------------------------------------------------------------

 ANCopt (total)                0 d,  0 h,  0 min,  0.005 sec
 optimizer setup                ...        0 min,  0.001 sec ( 16.920%)
 model hessian                  ...        0 min,  0.000 sec (  9.968%)
 ANC generation                 ...        0 min,  0.000 sec (  1.750%)
 coordinate transformation      ...        0 min,  0.000 sec (  0.718%)
 single point calculation       ...        0 min,  0.002 sec ( 46.948%)
 optimization log               ...        0 min,  0.000 sec (  5.633%)
 hessian update                 ...        0 min,  0.000 sec (  0.897%)
 rational function              ...        0 min,  0.000 sec (  7.325%)

================
 final structure:
================
2
 xtb: 6.5.1 (579679a)
H           -1.35020285868768       -0.26820000000000        0.00000000000000
H           -2.12699714131232       -0.26820000000000        0.00000000000000
 
 Bond Distances (Angstroems)
 ---------------------------
H1-H2=0.7768         H2-H1=0.7768         
 H  H  Rav=0.7768 sigma=0.0000  Rmin=0.7768  Rmax=0.7768     1
 
 selected bond angles (degree)
 --------------------

 
 selected dihedral angles (degree)
 ---------------------------------

           -------------------------------------------------
          |                Final Singlepoint                |
           -------------------------------------------------

          ...................................................
          :                      SETUP                      :
          :.................................................:
          :  # basis functions                   2          :
          :  # atomic orbitals                   2          :
          :  # shells                            2          :
          :  # electrons                         2          :
          :  max. iterations                   250          :
          :  Hamiltonian                  GFN2-xTB          :
          :  restarted?                      false          :
          :  GBSA solvation                  false          :
          :  PC potential                    false          :
          :  electronic temp.          300.0000000     K    :
          :  accuracy                    1.0000000          :
          :  -> integral cutoff          0.2500000E+02      :
          :  -> integral neglect         0.1000000E-07      :
          :  -> SCF convergence          0.1000000E-05 Eh   :
          :  -> wf. convergence          0.1000000E-03 e    :
          :  Broyden damping             0.4000000          :
          ...................................................

 iter      E             dE          RMSdq      gap      omega  full diag
   1     -1.0149749 -0.101497E+01  0.109E-14   16.09       0.0  T
   2     -1.0149749  0.000000E+00  0.687E-15   16.09  100000.0  T
   3     -1.0149749  0.000000E+00  0.358E-15   16.09  100000.0  T

   *** convergence criteria satisfied after 3 iterations ***

         #    Occupation            Energy/Eh            Energy/eV
      -------------------------------------------------------------
         1        2.0000           -0.4647156             -12.6456 (HOMO)
         2                          0.1267375               3.4487 (LUMO)
      -------------------------------------------------------------
                  HL-Gap            0.5914531 Eh           16.0943 eV
             Fermi-level           -0.1689891 Eh           -4.5984 eV

 SCC (total)                   0 d,  0 h,  0 min,  0.000 sec
 SCC setup                      ...        0 min,  0.000 sec ( 25.942%)
 Dispersion                     ...        0 min,  0.000 sec (  4.138%)
 classical contributions        ...        0 min,  0.000 sec (  2.594%)
 integral evaluation            ...        0 min,  0.000 sec (  5.188%)
 iterations                     ...        0 min,  0.000 sec ( 33.169%)
 molecular gradient             ...        0 min,  0.000 sec ( 14.762%)
 printout                       ...        0 min,  0.000 sec (  9.080%)

         :::::::::::::::::::::::::::::::::::::::::::::::::::::
         ::                     SUMMARY                     ::
         :::::::::::::::::::::::::::::::::::::::::::::::::::::
         :: total energy              -0.982686170417 Eh    ::
         :: gradient norm              0.000069220815 Eh/a0 ::
         :: HOMO-LUMO gap             16.094258130480 eV    ::
         ::.................................................::
         :: SCC energy                -1.014974883734 Eh    ::
         :: -> isotropic ES            0.000000000000 Eh    ::
         :: -> anisotropic ES          0.008493081204 Eh    ::
         :: -> anisotropic XC          0.009180138248 Eh    ::
         :: -> dispersion             -0.000053151449 Eh    ::
         :: repulsion energy           0.032288713317 Eh    ::
         :: add. restraining           0.000000000000 Eh    ::
         :: total charge               0.000000000000 e     ::
         :::::::::::::::::::::::::::::::::::::::::::::::::::::

           -------------------------------------------------
          |                Property Printout                |
           -------------------------------------------------

    * Orbital Energies and Occupations

         #    Occupation            Energy/Eh            Energy/eV
      -------------------------------------------------------------
         1        2.0000           -0.4647156             -12.6456 (HOMO)
         2                          0.1267375               3.4487 (LUMO)
      -------------------------------------------------------------
                  HL-Gap            0.5914531 Eh           16.0943 eV
             Fermi-level           -0.1689891 Eh           -4.5984 eV

     #   Z          covCN         q      C6AA      α(0)
     1   1 H        0.813    -0.000     3.105     2.767
     2   1 H        0.813     0.000     3.105     2.767

 Mol. C6AA /au·bohr⁶  :         12.421644
 Mol. C8AA /au·bohr⁸  :        150.157181
 Mol. α(0) /au        :          5.533052


Wiberg/Mayer (AO) data.
largest (>0.10) Wiberg bond orders for each atom

 ---------------------------------------------------------------------------
     #   Z sym  total        # sym  WBO       # sym  WBO       # sym  WBO
 ---------------------------------------------------------------------------
     1   1 H    1.000 --     2 H    1.000
     2   1 H    1.000 --     1 H    1.000
 ---------------------------------------------------------------------------

Topologies differ in total number of bonds
Writing topology from bond orders to xtbtopo.mol

molecular dipole:
                 x           y           z       tot (Debye)
 q only:       -0.000      -0.000       0.000
   full:        0.000       0.000       0.000       0.000
molecular quadrupole (traceless):
                xx          xy          yy          xz          yz          zz
 q only:        0.000       0.000      -0.000       0.000       0.000      -0.000
  q+dip:        0.841      -0.000      -0.420       0.000       0.000      -0.420
   full:        0.338      -0.000      -0.169       0.000       0.000      -0.169

           -------------------------------------------------
          |                Geometry Summary                 |
           -------------------------------------------------

      molecular mass/u    :        2.0158815
   center of mass at/Å    :       -1.7386002      -0.2682000       0.0000000
  moments of inertia/u·Å² :        0.0000000E+00   0.3041005E+00   0.3041005E+00
rotational constants/cm⁻¹ :             Infinity   0.5543441E+02   0.5543441E+02

 * 1 selected distances

     #   Z          #   Z                                           value/Å
     0   0          0   0                                         0.0000000 (max)

 * 0 distinct bonds (by element types)

   Z      Z             #   av. dist./Å        max./Å        min./Å


optimized geometry written to: xtbopt.xyz


           -------------------------------------------------
          | TOTAL ENERGY               -0.982686170417 Eh   |
          | GRADIENT NORM               0.000069220815 Eh/α |
          | HOMO-LUMO GAP              16.094258130480 eV   |
           -------------------------------------------------

------------------------------------------------------------------------
 * finished run on 2022/09/05 at 10:30:37.045     
------------------------------------------------------------------------
 total:
 * wall-time:     0 d,  0 h,  0 min,  0.063 sec
 *  cpu-time:     0 d,  0 h,  0 min,  0.787 sec
 * ratio c/w:    12.517 speedup
 SCF:
 * wall-time:     0 d,  0 h,  0 min,  0.005 sec
 *  cpu-time:     0 d,  0 h,  0 min,  0.076 sec
 * ratio c/w:    14.990 speedup
 ANC optimizer:
 * wall-time:     0 d,  0 h,  0 min,  0.006 sec
 *  cpu-time:     0 d,  0 h,  0 min,  0.095 sec
 * ratio c/w:    15.792 speedup

normal termination of xtb
