      -----------------------------------------------------------      
     |                   =====================                   |     
     |                           x T B                           |     
     |                   =====================                   |     
     |                         S. Grimme                         |     
     |          Mulliken Center for Theoretical Chemistry        |     
     |                    University of Bonn                     |     
      -----------------------------------------------------------      

   * xtb version 6.5.1 (579679a) compiled by 'ehlert@majestix' on 2022-07-11

   xtb is free software: you can redistribute it and/or modify it under
   the terms of the GNU Lesser General Public License as published by
   the Free Software Foundation, either version 3 of the License, or
   (at your option) any later version.
   
   xtb is distributed in the hope that it will be useful,
   but WITHOUT ANY WARRANTY; without even the implied warranty of
   MERCHANTABILITY or FITNESS FOR A PARTICULAR PURPOSE.  See the
   GNU Lesser General Public License for more details.
   
   Cite this work as:
   * C. Bannwarth, E. Caldeweyher, S. Ehlert, A. Hansen, P. Pracht,
     J. Seibert, S. Spicher, S. Grimme, WIREs Comput. Mol. Sci., 2020, 11,
     e01493. DOI: 10.1002/wcms.1493
   
   for GFN2-xTB:
   * C. Bannwarth, S. Ehlert and S. Grimme., J. Chem. Theory Comput., 2019,
     15, 1652-1671. DOI: 10.1021/acs.jctc.8b01176
   for GFN1-xTB:
   * S. Grimme, C. Bannwarth, P. Shushkov, J. Chem. Theory Comput., 2017,
     13, 1989-2009. DOI: 10.1021/acs.jctc.7b00118
   for GFN0-xTB:
   * P. Pracht, E. Caldeweyher, S. Ehlert, S. Grimme, ChemRxiv, 2019, preprint.
     DOI: 10.26434/chemrxiv.8326202.v1
   for GFN-FF:
   * S. Spicher and S. Grimme, Angew. Chem. Int. Ed., 2020, 59, 15665-15673.
     DOI: 10.1002/anie.202004239
   
   for ALPB and GBSA implicit solvation:
   * S. Ehlert, M. Stahn, S. Spicher, S. Grimme, J. Chem. Theory Comput.,
     2021, 17, 4250-4261. DOI: 10.1021/acs.jctc.1c00471
   
   for DFT-D4:
   * E. Caldeweyher, C. Bannwarth and S. Grimme, J. Chem. Phys., 2017,
     147, 034112. DOI: 10.1063/1.4993215
   * E. Caldeweyher, S. Ehlert, A. Hansen, H. Neugebauer, S. Spicher,
     C. Bannwarth and S. Grimme, J. Chem. Phys., 2019, 150, 154122.
     DOI: 10.1063/1.5090222
   * E. Caldeweyher, J.-M. Mewes, S. Ehlert and S. Grimme, Phys. Chem. Chem. Phys.
     2020, 22, 8499-8512. DOI: 10.1039/D0CP00502A
   
   for sTDA-xTB:
   * S. Grimme and C. Bannwarth, J. Chem. Phys., 2016, 145, 054103.
     DOI: 10.1063/1.4959605
   
   in the mass-spec context:
   * V. Asgeirsson, C. Bauer and S. Grimme, Chem. Sci., 2017, 8, 4879.
     DOI: 10.1039/c7sc00601b
   * J. Koopman and S. Grimme, ACS Omega 2019, 4, 12, 15120-15133.
     DOI: 10.1021/acsomega.9b02011
   
   for metadynamics refer to:
   * S. Grimme, J. Chem. Theory Comput., 2019, 155, 2847-2862
     DOI: 10.1021/acs.jctc.9b00143
   
   for SPH calculations refer to:
   * S. Spicher and S. Grimme, J. Chem. Theory Comput., 2021, 17, 1701-1714
     DOI: 10.1021/acs.jctc.0c01306
   
   with help from (in alphabetical order)
   P. Atkinson, C. Bannwarth, F. Bohle, G. Brandenburg, E. Caldeweyher
   M. Checinski, S. Dohm, S. Ehlert, S. Ehrlich, I. Gerasimov, C. Hölzer
   A. Katbashev, J. Koopman, C. Lavigne, S. Lehtola, F. März, M. Müller,
   F. Musil, H. Neugebauer, J. Pisarek, C. Plett, P. Pracht, F. Pultar,
   J. Seibert, P. Shushkov, S. Spicher, M. Stahn, M. Steiner, T. Strunk,
   J. Stückrath, T. Rose, and J. Unsleber
   
 * started run on 2022/09/05 at 11:09:52.833     

           -------------------------------------------------
          |                Calculation Setup                |
           -------------------------------------------------

          program call               : xtb in.xyz --opt tight --input input
          hostname                   : web
          coordinate file            : in.xyz
          omp threads                :                    16

   ID    Z sym.   atoms
    1    6 C      1
    2    1 H      2-5
constraining bond 1 4 to    1.0749542 Å, actual value:    1.0749542 Å
constraining bond 2 3 to    1.7458217 Å, actual value:    1.7458217 Å

           -------------------------------------------------
          |                 G F N 2 - x T B                 |
           -------------------------------------------------

        Reference                      10.1021/acs.jctc.8b01176
      * Hamiltonian:
        H0-scaling (s, p, d)           1.850000    2.230000    2.230000
        zeta-weighting                 0.500000
      * Dispersion:
        s8                             2.700000
        a1                             0.520000
        a2                             5.000000
        s9                             5.000000
      * Repulsion:
        kExp                           1.500000    1.000000
        rExp                           1.000000
      * Coulomb:
        alpha                          2.000000
        third order                    shell-resolved
        anisotropic                    true
        a3                             3.000000
        a5                             4.000000
        cn-shift                       1.200000
        cn-exp                         4.000000
        max-rad                        5.000000


          ...................................................
          :                      SETUP                      :
          :.................................................:
          :  # basis functions                   8          :
          :  # atomic orbitals                   8          :
          :  # shells                            6          :
          :  # electrons                         8          :
          :  max. iterations                   250          :
          :  Hamiltonian                  GFN2-xTB          :
          :  restarted?                      false          :
          :  GBSA solvation                  false          :
          :  PC potential                    false          :
          :  electronic temp.          300.0000000     K    :
          :  accuracy                    1.0000000          :
          :  -> integral cutoff          0.2500000E+02      :
          :  -> integral neglect         0.1000000E-07      :
          :  -> SCF convergence          0.1000000E-05 Eh   :
          :  -> wf. convergence          0.1000000E-03 e    :
          :  Broyden damping             0.4000000          :
          ...................................................

 iter      E             dE          RMSdq      gap      omega  full diag
   1     -4.2425395 -0.424254E+01  0.240E+00   18.33       0.0  T
   2     -4.2535445 -0.110049E-01  0.944E-01   18.14       1.0  T
   3     -4.2537288 -0.184373E-03  0.496E-01   18.04       1.0  T
   4     -4.2537662 -0.373428E-04  0.873E-02   17.94       1.0  T
   5     -4.2537660  0.155264E-06  0.774E-03   17.94       5.8  T
   6     -4.2537662 -0.177374E-06  0.215E-04   17.94     208.3  T
   7     -4.2537662 -0.101115E-09  0.768E-05   17.94     582.5  T

   *** convergence criteria satisfied after 7 iterations ***

         #    Occupation            Energy/Eh            Energy/eV
      -------------------------------------------------------------
         1        2.0000           -0.5838651             -15.8878
         2        2.0000           -0.4684912             -12.7483
         3        2.0000           -0.4683411             -12.7442
         4        2.0000           -0.4680739             -12.7369 (HOMO)
         5                          0.1911057               5.2003 (LUMO)
         6                          0.2431743               6.6171
         7                          0.2491727               6.7803
         8                          0.2524148               6.8686
      -------------------------------------------------------------
                  HL-Gap            0.6591796 Eh           17.9372 eV
             Fermi-level           -0.1384841 Eh           -3.7683 eV

 SCC (total)                   0 d,  0 h,  0 min,  0.002 sec
 SCC setup                      ...        0 min,  0.000 sec (  8.079%)
 Dispersion                     ...        0 min,  0.000 sec (  2.723%)
 classical contributions        ...        0 min,  0.000 sec (  0.927%)
 integral evaluation            ...        0 min,  0.000 sec (  8.153%)
 iterations                     ...        0 min,  0.001 sec ( 60.854%)
 molecular gradient             ...        0 min,  0.000 sec ( 13.893%)
 printout                       ...        0 min,  0.000 sec (  3.826%)

         :::::::::::::::::::::::::::::::::::::::::::::::::::::
         ::                     SUMMARY                     ::
         :::::::::::::::::::::::::::::::::::::::::::::::::::::
         :: total energy              -4.174846019197 Eh    ::
         :: gradient norm              0.017367789484 Eh/a0 ::
         :: HOMO-LUMO gap             17.937189142845 eV    ::
         ::.................................................::
         :: SCC energy                -4.253766198696 Eh    ::
         :: -> isotropic ES            0.002126496278 Eh    ::
         :: -> anisotropic ES          0.002098576699 Eh    ::
         :: -> anisotropic XC          0.003310811828 Eh    ::
         :: -> dispersion             -0.000659154884 Eh    ::
         :: repulsion energy           0.078920174312 Eh    ::
         :: add. restraining           0.000000000000 Eh    ::
         :: total charge               0.000000000000 e     ::
         :::::::::::::::::::::::::::::::::::::::::::::::::::::

      ----------------------------------------------------------- 
     |                   =====================                   |
     |                        A N C O P T                        |
     |                   =====================                   |
     |               Approximate Normal Coordinate               |
     |                Rational Function Optimizer                |
      ----------------------------------------------------------- 

          ...................................................
          :                      SETUP                      :
          :.................................................:
          :   optimization level             tight          :
          :   max. optcycles                   200          :
          :   ANC micro-cycles                  20          :
          :   degrees of freedom                 9          :
          :.................................................:
          :   RF solver                   davidson          :
          :   write xtbopt.log                true          :
          :   linear?                        false          :
          :   energy convergence         0.1000000E-05 Eh   :
          :   grad. convergence          0.8000000E-03 Eh/α :
          :   maximium RF displ.         1.0000000          :
          :   Hlow (freq-cutoff)         0.1000000E-01      :
          :   Hmax (freq-cutoff)         5.0000000          :
          :   S6 in model hess.         20.0000000          :
          ...................................................

generating ANC from model Hessian ...
Using Lindh-Hessian (1995)
 Shifting diagonal of input Hessian by   0.000000000000000E+000
 Lowest  eigenvalues of input Hessian
    0.000000    0.000000    0.000000    0.000000    0.000000    0.000000
    0.122294    0.129308    0.152382    0.160129    0.390432    1.144196
    1.208897    4.341975    5.108914
 Highest eigenvalues
    0.160129    0.390432    1.144196    1.208897    4.341975    5.108914
 

........................................................................
.............................. CYCLE    1 ..............................
........................................................................
   1     -4.2537662 -0.425377E+01  0.257E-06   17.94       0.0  T
   2     -4.2537662 -0.444089E-14  0.139E-06   17.94   32121.3  T
   3     -4.2537662  0.000000E+00  0.519E-07   17.94   86091.2  T
     SCC iter.                  ...        0 min,  0.000 sec
     gradient                   ...        0 min,  0.000 sec
 * total energy  :    -4.1748460 Eh     change       -0.1549605E-10 Eh
   gradient norm :     0.0173680 Eh/α   predicted     0.0000000E+00 (-100.00%)
   displ. norm   :     0.0347656 α      lambda       -0.4624671E-03
   maximum displ.:     0.0316420 α      in ANC's #5, #4, #2, ...

........................................................................
.............................. CYCLE    2 ..............................
........................................................................
   1     -4.2500395 -0.425004E+01  0.948E-02   17.58       0.0  T
   2     -4.2500429 -0.334851E-05  0.528E-02   17.57       1.0  T
   3     -4.2500430 -0.158941E-06  0.136E-02   17.57       3.3  T
   4     -4.2500430 -0.139139E-07  0.308E-03   17.57      14.5  T
   5     -4.2500430 -0.189812E-09  0.216E-04   17.57     207.5  T
   6     -4.2500430 -0.139853E-10  0.178E-05   17.57    2519.2  T
     SCC iter.                  ...        0 min,  0.000 sec
     gradient                   ...        0 min,  0.000 sec
 * total energy  :    -4.1751165 Eh     change       -0.2705217E-03 Eh
   gradient norm :     0.0036982 Eh/α   predicted    -0.2315126E-03 ( -14.42%)
   displ. norm   :     0.0083517 α      lambda       -0.2222805E-04
   maximum displ.:     0.0079443 α      in ANC's #5, #2, #9, ...

........................................................................
.............................. CYCLE    3 ..............................
........................................................................
   1     -4.2492056 -0.424921E+01  0.228E-02   17.48       0.0  T
   2     -4.2492058 -0.159100E-06  0.128E-02   17.48       3.5  T
   3     -4.2492058 -0.741398E-08  0.288E-03   17.48      15.5  T
   4     -4.2492058 -0.586209E-09  0.662E-04   17.48      67.6  T
   5     -4.2492058 -0.360512E-11  0.278E-05   17.48    1606.2  T
     SCC iter.                  ...        0 min,  0.000 sec
     gradient                   ...        0 min,  0.000 sec
 * total energy  :    -4.1751283 Eh     change       -0.1176812E-04 Eh
   gradient norm :     0.0004905 Eh/α   predicted    -0.1111384E-04 (  -5.56%)
   displ. norm   :     0.0014014 α      lambda       -0.2285761E-06
   maximum displ.:     0.0011233 α      in ANC's #4, #5, #6, ...

........................................................................
.............................. CYCLE    4 ..............................
........................................................................
   1     -4.2491557 -0.424916E+01  0.384E-03   17.48       0.0  T
   2     -4.2491557 -0.735799E-09  0.226E-03   17.48      19.8  T
   3     -4.2491557 -0.972200E-10  0.152E-04   17.48     293.5  T
   4     -4.2491557 -0.382538E-11  0.656E-05   17.48     681.5  T
     SCC iter.                  ...        0 min,  0.000 sec
     gradient                   ...        0 min,  0.000 sec
 * total energy  :    -4.1751284 Eh     change       -0.1218061E-06 Eh
   gradient norm :     0.0001478 Eh/α   predicted    -0.1142112E-06 (  -6.24%)
   displ. norm   :     0.0003460 α      lambda       -0.1888708E-07
   maximum displ.:     0.0002738 α      in ANC's #5, #4, #2, ...

   *** GEOMETRY OPTIMIZATION CONVERGED AFTER 4 ITERATIONS ***

------------------------------------------------------------------------
 total energy gain   :        -0.0002824 Eh       -0.1772 kcal/mol
 total RMSD          :         0.0192029 a0        0.0102 Å
 total power (kW/mol):        -0.1853679 (step) -213.1276 (real)
------------------------------------------------------------------------

 ANCopt (total)                0 d,  0 h,  0 min,  0.003 sec
 optimizer setup                ...        0 min,  0.000 sec (  2.636%)
 model hessian                  ...        0 min,  0.000 sec (  4.617%)
 ANC generation                 ...        0 min,  0.000 sec (  2.179%)
 coordinate transformation      ...        0 min,  0.000 sec (  0.662%)
 single point calculation       ...        0 min,  0.003 sec ( 72.190%)
 optimization log               ...        0 min,  0.000 sec (  4.760%)
 hessian update                 ...        0 min,  0.000 sec (  0.779%)
 rational function              ...        0 min,  0.000 sec (  6.502%)

================
 final structure:
================
5
 xtb: 6.5.1 (579679a)
C            4.29014792776588        3.66139116028767       -0.00630983432209
H            4.65507510057864        2.64597169623216        0.00694286619851
H            4.65600403851798        4.15992595401545        0.87802476980212
H            4.64966675074117        4.16697535958682       -0.88537515094054
H            3.20820618239633        3.65973582987790       -0.00228265073801
 
 Bond Distances (Angstroems)
 ---------------------------
C1-H2=1.0791         C1-H3=1.0791         C1-H4=1.0759         C1-H5=1.0820         H2-C1=1.0791         H3-C1=1.0791         
H4-C1=1.0759         H5-C1=1.0820         
 C  H  Rav=1.0790 sigma=0.0021  Rmin=1.0759  Rmax=1.0820     4
 
 selected bond angles (degree)
 --------------------
H3-C1-H2=108.06                H4-C1-H2=109.83                H4-C1-H3=109.83                H5-C1-H2=109.68                
H5-C1-H3=109.68                H5-C1-H4=109.75                
 
 selected dihedral angles (degree)
 ---------------------------------

           -------------------------------------------------
          |                Final Singlepoint                |
           -------------------------------------------------

          ...................................................
          :                      SETUP                      :
          :.................................................:
          :  # basis functions                   8          :
          :  # atomic orbitals                   8          :
          :  # shells                            6          :
          :  # electrons                         8          :
          :  max. iterations                   250          :
          :  Hamiltonian                  GFN2-xTB          :
          :  restarted?                      false          :
          :  GBSA solvation                  false          :
          :  PC potential                    false          :
          :  electronic temp.          300.0000000     K    :
          :  accuracy                    1.0000000          :
          :  -> integral cutoff          0.2500000E+02      :
          :  -> integral neglect         0.1000000E-07      :
          :  -> SCF convergence          0.1000000E-05 Eh   :
          :  -> wf. convergence          0.1000000E-03 e    :
          :  Broyden damping             0.4000000          :
          ...................................................

 iter      E             dE          RMSdq      gap      omega  full diag
   1     -4.2491557 -0.424916E+01  0.783E-06   17.48       0.0  T
   2     -4.2491557 -0.444089E-14  0.466E-06   17.48    9606.1  T
   3     -4.2491557 -0.888178E-15  0.660E-07   17.48   67716.9  T

   *** convergence criteria satisfied after 3 iterations ***

         #    Occupation            Energy/Eh            Energy/eV
      -------------------------------------------------------------
         1        2.0000           -0.5823871             -15.8476
         2        2.0000           -0.4686868             -12.7536
         3        2.0000           -0.4677828             -12.7290
         4        2.0000           -0.4665617             -12.6958 (HOMO)
         5                          0.1756365               4.7793 (LUMO)
         6                          0.2283566               6.2139
         7                          0.2334203               6.3517
         8                          0.2415960               6.5742
      -------------------------------------------------------------
                  HL-Gap            0.6421981 Eh           17.4751 eV
             Fermi-level           -0.1454626 Eh           -3.9582 eV

 SCC (total)                   0 d,  0 h,  0 min,  0.001 sec
 SCC setup                      ...        0 min,  0.000 sec ( 11.020%)
 Dispersion                     ...        0 min,  0.000 sec (  3.294%)
 classical contributions        ...        0 min,  0.000 sec (  1.647%)
 integral evaluation            ...        0 min,  0.000 sec ( 12.980%)
 iterations                     ...        0 min,  0.000 sec ( 35.529%)
 molecular gradient             ...        0 min,  0.000 sec ( 24.196%)
 printout                       ...        0 min,  0.000 sec (  7.725%)

         :::::::::::::::::::::::::::::::::::::::::::::::::::::
         ::                     SUMMARY                     ::
         :::::::::::::::::::::::::::::::::::::::::::::::::::::
         :: total energy              -4.175128430886 Eh    ::
         :: gradient norm              0.000147968928 Eh/a0 ::
         :: HOMO-LUMO gap             17.475100917511 eV    ::
         ::.................................................::
         :: SCC energy                -4.249155704413 Eh    ::
         :: -> isotropic ES            0.002061552088 Eh    ::
         :: -> anisotropic ES          0.002260013656 Eh    ::
         :: -> anisotropic XC          0.003511742674 Eh    ::
         :: -> dispersion             -0.000660488587 Eh    ::
         :: repulsion energy           0.074021321652 Eh    ::
         :: add. restraining           0.000005946398 Eh    ::
         :: total charge               0.000000000000 e     ::
         :::::::::::::::::::::::::::::::::::::::::::::::::::::

           -------------------------------------------------
          |                Property Printout                |
           -------------------------------------------------

    * Orbital Energies and Occupations

         #    Occupation            Energy/Eh            Energy/eV
      -------------------------------------------------------------
         1        2.0000           -0.5823871             -15.8476
         2        2.0000           -0.4686868             -12.7536
         3        2.0000           -0.4677828             -12.7290
         4        2.0000           -0.4665617             -12.6958 (HOMO)
         5                          0.1756365               4.7793 (LUMO)
         6                          0.2283566               6.2139
         7                          0.2334203               6.3517
         8                          0.2415960               6.5742
      -------------------------------------------------------------
                  HL-Gap            0.6421981 Eh           17.4751 eV
             Fermi-level           -0.1454626 Eh           -3.9582 eV

     #   Z          covCN         q      C6AA      α(0)
     1   6 C        3.703    -0.157    23.708     6.962
     2   1 H        0.926     0.039     2.465     2.455
     3   1 H        0.926     0.039     2.465     2.455
     4   1 H        0.926     0.040     2.445     2.445
     5   1 H        0.925     0.039     2.461     2.453

 Mol. C6AA /au·bohr⁶  :        123.768335
 Mol. C8AA /au·bohr⁸  :       2296.537938
 Mol. α(0) /au        :         16.771037


Wiberg/Mayer (AO) data.
largest (>0.10) Wiberg bond orders for each atom

 ---------------------------------------------------------------------------
     #   Z sym  total        # sym  WBO       # sym  WBO       # sym  WBO
 ---------------------------------------------------------------------------
     1   6 C    3.993 --     5 H    0.998     3 H    0.998     2 H    0.998
                             4 H    0.998
     2   1 H    0.998 --     1 C    0.998
     3   1 H    0.998 --     1 C    0.998
     4   1 H    0.998 --     1 C    0.998
     5   1 H    0.998 --     1 C    0.998
 ---------------------------------------------------------------------------

Topologies differ in total number of bonds
Writing topology from bond orders to xtbtopo.mol

molecular dipole:
                 x           y           z       tot (Debye)
 q only:        0.001       0.000      -0.001
   full:        0.003      -0.001       0.002       0.010
molecular quadrupole (traceless):
                xx          xy          yy          xz          yz          zz
 q only:        0.015       0.016      -0.007      -0.011      -0.016      -0.008
  q+dip:        0.083       0.009      -0.076       0.037      -0.014      -0.007
   full:        0.072       0.012      -0.063       0.033      -0.001      -0.009

           -------------------------------------------------
          |                Geometry Summary                 |
           -------------------------------------------------

      molecular mass/u    :       16.0424989
   center of mass at/Å    :        4.2906736       3.6605775      -0.0048931
  moments of inertia/u·Å² :        0.3106454E+01   0.3125116E+01   0.3156502E+01
rotational constants/cm⁻¹ :        0.5426648E+01   0.5394242E+01   0.5340606E+01

 * 4 selected distances

     #   Z          #   Z                                           value/Å
     1   6 C        2   1 H                                       1.0790850
     1   6 C        3   1 H                                       1.0790901
     1   6 C        4   1 H                                       1.0759299 (min)
     1   6 C        5   1 H                                       1.0819506 (max)

 * 1 distinct bonds (by element types)

   Z      Z             #   av. dist./Å        max./Å        min./Å
   1 H    6 C           4     1.0790139     1.0819506     1.0759299


optimized geometry written to: xtbopt.xyz


           -------------------------------------------------
          | TOTAL ENERGY               -4.175128430886 Eh   |
          | GRADIENT NORM               0.000147968928 Eh/α |
          | HOMO-LUMO GAP              17.475100917511 eV   |
           -------------------------------------------------

------------------------------------------------------------------------
 * finished run on 2022/09/05 at 11:09:52.871     
------------------------------------------------------------------------
 total:
 * wall-time:     0 d,  0 h,  0 min,  0.038 sec
 *  cpu-time:     0 d,  0 h,  0 min,  0.550 sec
 * ratio c/w:    14.295 speedup
 SCF:
 * wall-time:     0 d,  0 h,  0 min,  0.002 sec
 *  cpu-time:     0 d,  0 h,  0 min,  0.028 sec
 * ratio c/w:    15.965 speedup
 ANC optimizer:
 * wall-time:     0 d,  0 h,  0 min,  0.005 sec
 *  cpu-time:     0 d,  0 h,  0 min,  0.073 sec
 * ratio c/w:    15.998 speedup

normal termination of xtb
