 Entering Gaussian System
 *********************************************
 Gaussian 98:
 frequency output generated by the xtb code
 *********************************************
                         Standard orientation:
 --------------------------------------------------------------------
  Center     Atomic     Atomic              Coordinates (Angstroms)
  Number     Number      Type              X           Y           Z
 --------------------------------------------------------------------
    1          6             0       -2.907692    1.663115    0.000007
    2          1             0       -2.550986    2.167515    0.873705
    3          1             0       -3.977692    1.663121    0.000011
    4          1             0       -2.550992    2.167512   -0.873695
 --------------------------------------------------------------------
     1 basis functions        1 primitive gaussians
     1 alpha electrons        1 beta electrons
 
 Harmonic frequencies (cm**-1), IR intensities (km*mol⁻¹),
 Raman scattering activities (A**4/amu), Raman depolarization ratios,
 reduced masses (AMU), force constants (mDyne/A) and normal coordinates:
                      1                      2                      3
                        a                      a                      a 
 Frequencies --  1017.2122              1113.5363              1113.6068
 Red. masses --     3.0060                 1.8109                 1.8102
 Frc consts  --     0.0000                 0.0000                 0.0000
 IR Inten    --    21.9493               146.5572               146.6869
 Raman Activ --     0.0000                 0.0000                 0.0000
 Depolar     --     0.0000                 0.0000                 0.0000
 Atom AN      X      Y      Z        X      Y      Z        X      Y      Z
   1   6     0.15  -0.40   0.00    -0.25  -0.10  -0.00    -0.00  -0.00   0.27
   2   1    -0.26   0.43  -0.15     0.46   0.29  -0.38     0.42  -0.05  -0.09
   3   1     0.01   0.53  -0.00    -0.04  -0.24   0.00    -0.00  -0.00  -0.74
   4   1    -0.26   0.43   0.15     0.46   0.29   0.38    -0.42   0.05  -0.09
                      4                      5                      6
                        a                      a                      a 
 Frequencies --  3197.8854              3202.8691              3203.0893
 Red. masses --     1.2264                 2.0460                 2.0502
 Frc consts  --     0.0000                 0.0000                 0.0000
 IR Inten    --    37.5691               176.6522               177.2662
 Raman Activ --     0.0000                 0.0000                 0.0000
 Depolar     --     0.0000                 0.0000                 0.0000
 Atom AN      X      Y      Z        X      Y      Z        X      Y      Z
   1   6    -0.07   0.12   0.00     0.29   0.11  -0.00     0.00   0.00   0.31
   2   1    -0.20  -0.23  -0.45    -0.13  -0.19  -0.36    -0.24  -0.31  -0.54
   3   1     0.62   0.03  -0.00    -0.73  -0.01   0.00    -0.00  -0.00   0.03
   4   1    -0.20  -0.23   0.45    -0.13  -0.19   0.36     0.24   0.31  -0.54
