
                                 *****************
                                 * O   R   C   A *
                                 *****************

                                            #,                                       
                                            ###                                      
                                            ####                                     
                                            #####                                    
                                            ######                                   
                                           ########,                                 
                                     ,,################,,,,,                         
                               ,,#################################,,                 
                          ,,##########################################,,             
                       ,#########################################, ''#####,          
                    ,#############################################,,   '####,        
                  ,##################################################,,,,####,       
                ,###########''''           ''''###############################       
              ,#####''   ,,,,##########,,,,          '''####'''          '####       
            ,##' ,,,,###########################,,,                        '##       
           ' ,,###''''                  '''############,,,                           
         ,,##''                                '''############,,,,        ,,,,,,###''
      ,#''                                            '''#######################'''  
     '                                                          ''''####''''         
             ,#######,   #######,   ,#######,      ##                                
            ,#'     '#,  ##    ##  ,#'     '#,    #''#        ######   ,####,        
            ##       ##  ##   ,#'  ##            #'  '#       #        #'  '#        
            ##       ##  #######   ##           ,######,      #####,   #    #        
            '#,     ,#'  ##    ##  '#,     ,#' ,#      #,         ##   #,  ,#        
             '#######'   ##     ##  '#######'  #'      '#     #####' # '####'        



                  #######################################################
                  #                        -***-                        #
                  #          Department of theory and spectroscopy      #
                  #    Directorship and core code : Frank Neese         #
                  #        Max Planck Institute fuer Kohlenforschung    #
                  #                Kaiser Wilhelm Platz 1               #
                  #                 D-45470 Muelheim/Ruhr               #
                  #                      Germany                        #
                  #                                                     #
                  #                  All rights reserved                #
                  #                        -***-                        #
                  #######################################################


                         Program Version 5.0.3 -  RELEASE  -


 With contributions from (in alphabetic order):
   Daniel Aravena         : Magnetic Suceptibility
   Michael Atanasov       : Ab Initio Ligand Field Theory (pilot matlab implementation)
   Alexander A. Auer      : GIAO ZORA, VPT2 properties, NMR spectrum
   Ute Becker             : Parallelization
   Giovanni Bistoni       : ED, misc. LED, open-shell LED, HFLD
   Martin Brehm           : Molecular dynamics
   Dmytro Bykov           : SCF Hessian
   Vijay G. Chilkuri      : MRCI spin determinant printing, contributions to CSF-ICE
   Dipayan Datta          : RHF DLPNO-CCSD density
   Achintya Kumar Dutta   : EOM-CC, STEOM-CC
   Dmitry Ganyushin       : Spin-Orbit,Spin-Spin,Magnetic field MRCI
   Miquel Garcia          : C-PCM and meta-GGA Hessian, CC/C-PCM, Gaussian charge scheme
   Yang Guo               : DLPNO-NEVPT2, F12-NEVPT2, CIM, IAO-localization
   Andreas Hansen         : Spin unrestricted coupled pair/coupled cluster methods
   Benjamin Helmich-Paris : MC-RPA, TRAH-SCF, COSX integrals
   Lee Huntington         : MR-EOM, pCC
   Robert Izsak           : Overlap fitted RIJCOSX, COSX-SCS-MP3, EOM
   Marcus Kettner         : VPT2
   Christian Kollmar      : KDIIS, OOCD, Brueckner-CCSD(T), CCSD density, CASPT2, CASPT2-K
   Simone Kossmann        : Meta GGA functionals, TD-DFT gradient, OOMP2, MP2 Hessian
   Martin Krupicka        : Initial AUTO-CI
   Lucas Lang             : DCDCAS
   Marvin Lechner         : AUTO-CI (C++ implementation), FIC-MRCC
   Dagmar Lenk            : GEPOL surface, SMD
   Dimitrios Liakos       : Extrapolation schemes; Compound Job, initial MDCI parallelization
   Dimitrios Manganas     : Further ROCIS development; embedding schemes
   Dimitrios Pantazis     : SARC Basis sets
   Anastasios Papadopoulos: AUTO-CI, single reference methods and gradients
   Taras Petrenko         : DFT Hessian,TD-DFT gradient, ASA, ECA, R-Raman, ABS, FL, XAS/XES, NRVS
   Peter Pinski           : DLPNO-MP2, DLPNO-MP2 Gradient
   Christoph Reimann      : Effective Core Potentials
   Marius Retegan         : Local ZFS, SOC
   Christoph Riplinger    : Optimizer, TS searches, QM/MM, DLPNO-CCSD(T), (RO)-DLPNO pert. Triples
   Tobias Risthaus        : Range-separated hybrids, TD-DFT gradient, RPA, STAB
   Michael Roemelt        : Original ROCIS implementation
   Masaaki Saitow         : Open-shell DLPNO-CCSD energy and density
   Barbara Sandhoefer     : DKH picture change effects
   Avijit Sen             : IP-ROCIS
   Kantharuban Sivalingam : CASSCF convergence, NEVPT2, FIC-MRCI
   Bernardo de Souza      : ESD, SOC TD-DFT
   Georgi Stoychev        : AutoAux, RI-MP2 NMR, DLPNO-MP2 response
   Willem Van den Heuvel  : Paramagnetic NMR
   Boris Wezisla          : Elementary symmetry handling
   Frank Wennmohs         : Technical directorship


 We gratefully acknowledge several colleagues who have allowed us to
 interface, adapt or use parts of their codes:
   Stefan Grimme, W. Hujo, H. Kruse, P. Pracht,  : VdW corrections, initial TS optimization,
                  C. Bannwarth, S. Ehlert          DFT functionals, gCP, sTDA/sTD-DF
   Ed Valeev, F. Pavosevic, A. Kumar             : LibInt (2-el integral package), F12 methods
   Garnet Chan, S. Sharma, J. Yang, R. Olivares  : DMRG
   Ulf Ekstrom                                   : XCFun DFT Library
   Mihaly Kallay                                 : mrcc  (arbitrary order and MRCC methods)
   Jiri Pittner, Ondrej Demel                    : Mk-CCSD
   Frank Weinhold                                : gennbo (NPA and NBO analysis)
   Christopher J. Cramer and Donald G. Truhlar   : smd solvation model
   Lars Goerigk                                  : TD-DFT with DH, B97 family of functionals
   V. Asgeirsson, H. Jonsson                     : NEB implementation
   FAccTs GmbH                                   : IRC, NEB, NEB-TS, DLPNO-Multilevel, CI-OPT
                                                   MM, QMMM, 2- and 3-layer-ONIOM, Crystal-QMMM,
                                                   LR-CPCM, SF, NACMEs, symmetry and pop. for TD-DFT,
                                                   nearIR, NL-DFT gradient (VV10), updates on ESD,
                                                   ML-optimized integration grids
   S Lehtola, MJT Oliveira, MAL Marques          : LibXC Library
   Liviu Ungur et al                             : ANISO software


 Your calculation uses the libint2 library for the computation of 2-el integrals
 For citations please refer to: http://libint.valeyev.net

 Your ORCA version has been built with support for libXC version: 5.1.0
 For citations please refer to: https://tddft.org/programs/libxc/

 This ORCA versions uses:
   CBLAS   interface :  Fast vector & matrix operations
   LAPACKE interface :  Fast linear algebra routines
   SCALAPACK package :  Parallel linear algebra routines
   Shared memory     :  Shared parallel matrices
   BLAS/LAPACK       :  OpenBLAS 0.3.15  USE64BITINT DYNAMIC_ARCH NO_AFFINITY Zen SINGLE_THREADED
        Core in use  :  Zen
   Copyright (c) 2011-2014, The OpenBLAS Project


================================================================================

----- Orbital basis set information -----
Your calculation utilizes the basis: def2-SVP
   F. Weigend and R. Ahlrichs, Phys. Chem. Chem. Phys. 7, 3297 (2005).

================================================================================
                                        WARNINGS
                       Please study these warnings very carefully!
================================================================================


INFO   : the flag for use of the SHARK integral package has been found!

================================================================================
                                       INPUT FILE
================================================================================
NAME = calc.inp
|  1> !SP HF Def2-SVP CPCM(methanol)
|  2> *xyz 0 1
|  3> H   -1.43860000  -0.26820000   0.00000000
|  4> H   -2.03860000  -0.26820000   0.00000000
|  5> *
|  6> %MaxCore 2000
|  7> %pal
|  8> nprocs 1
|  9> endd                         ****END OF INPUT****
================================================================================

                       ****************************
                       * Single Point Calculation *
                       ****************************

---------------------------------
CARTESIAN COORDINATES (ANGSTROEM)
---------------------------------
  H     -1.438600   -0.268200    0.000000
  H     -2.038600   -0.268200    0.000000

----------------------------
CARTESIAN COORDINATES (A.U.)
----------------------------
  NO LB      ZA    FRAG     MASS         X           Y           Z
   0 H     1.0000    0     1.008   -2.718560   -0.506825    0.000000
   1 H     1.0000    0     1.008   -3.852396   -0.506825    0.000000

--------------------------------
INTERNAL COORDINATES (ANGSTROEM)
--------------------------------
 H      0   0   0     0.000000000000     0.00000000     0.00000000
 H      1   0   0     0.600000000000     0.00000000     0.00000000

---------------------------
INTERNAL COORDINATES (A.U.)
---------------------------
 H      0   0   0     0.000000000000     0.00000000     0.00000000
 H      1   0   0     1.133835680353     0.00000000     0.00000000

---------------------
BASIS SET INFORMATION
---------------------
There are 1 groups of distinct atoms

 Group   1 Type H   : 4s1p contracted to 2s1p pattern {31/1}

Atom   0H    basis set group =>   1
Atom   1H    basis set group =>   1
------------------------------------------------------------------------------
                           ORCA GTO INTEGRAL CALCULATION
------------------------------------------------------------------------------
------------------------------------------------------------------------------
                   ___                                                        
                  /   \      - P O W E R E D   B Y -                         
                 /     \                                                     
                 |  |  |   _    _      __       _____    __    __             
                 |  |  |  | |  | |    /  \     |  _  \  |  |  /  |          
                  \  \/   | |  | |   /    \    | | | |  |  | /  /          
                 / \  \   | |__| |  /  /\  \   | |_| |  |  |/  /          
                |  |  |   |  __  | /  /__\  \  |    /   |      \           
                |  |  |   | |  | | |   __   |  |    \   |  |\   \          
                \     /   | |  | | |  |  |  |  | |\  \  |  | \   \       
                 \___/    |_|  |_| |__|  |__|  |_| \__\ |__|  \__/        
                                                                              
                      - O R C A' S   B I G   F R I E N D -                    
                                      &                                       
                       - I N T E G R A L  F E E D E R -                       
                                                                              
 v1 FN, 2020, v2 2021                                                         
------------------------------------------------------------------------------


Reading SHARK input file calc.SHARKINP.tmp ... ok
----------------------
SHARK INTEGRAL PACKAGE
----------------------

Number of atoms                             ...      2
Number of basis functions                   ...     10
Number of shells                            ...      6
Maximum angular momentum                    ...      1
Integral batch strategy                     ... SHARK/LIBINT Hybrid
RI-J (if used) integral strategy            ... SPLIT-RIJ (Revised 2003 algorithm where possible)
Printlevel                                  ...      1
Contraction scheme used                     ... SEGMENTED contraction
Coulomb Range Separation                    ... NOT USED
Exchange Range Separation                   ... NOT USED
Finite Nucleus Model                        ... NOT USED
Auxiliary Coulomb fitting basis             ... NOT available
Auxiliary J/K fitting basis                 ... NOT available
Auxiliary Correlation fitting basis         ... NOT available
Auxiliary 'external' fitting basis          ... NOT available
Integral threshold                          ...     1.000000e-10
Primitive cut-off                           ...     1.000000e-11
Primitive pair pre-selection threshold      ...     1.000000e-11

Calculating pre-screening integrals         ... done (  0.0 sec) Dimension = 6
Organizing shell pair data                  ... done (  0.0 sec)
Shell pair information
Total number of shell pairs                 ...        21
Shell pairs after pre-screening             ...        21
Total number of primitive shell pairs       ...        61
Primitive shell pairs kept                  ...        61
          la=0 lb=0:     10 shell pairs
          la=1 lb=0:      8 shell pairs
          la=1 lb=1:      3 shell pairs

Calculating one electron integrals          ... done (  0.0 sec)
Calculating Nuclear repulsion               ... done (  0.0 sec) ENN=      0.881962013833 Eh

SHARK setup successfully completed in   0.0 seconds

Maximum memory used throughout the entire GTOINT-calculation: 3.9 MB
-------------------------------------------------------------------------------
                                 ORCA SCF
-------------------------------------------------------------------------------

------------
SCF SETTINGS
------------
Hamiltonian:
 Ab initio Hamiltonian  Method          .... Hartree-Fock(GTOs)


General Settings:
 Integral files         IntName         .... calc
 Hartree-Fock type      HFTyp           .... RHF
 Total Charge           Charge          ....    0
 Multiplicity           Mult            ....    1
 Number of Electrons    NEL             ....    2
 Basis Dimension        Dim             ....   10
 Nuclear Repulsion      ENuc            ....      0.8819620138 Eh

Convergence Acceleration:
 DIIS                   CNVDIIS         .... on
   Start iteration      DIISMaxIt       ....    12
   Startup error        DIISStart       ....  0.200000
   # of expansion vecs  DIISMaxEq       ....     5
   Bias factor          DIISBfac        ....   1.050
   Max. coefficient     DIISMaxC        ....  10.000
 Trust-Rad. Augm. Hess. CNVTRAH         .... auto
   Auto Start mean grad. ratio tolernc. ....  1.125000
   Auto Start start iteration           ....    20
   Auto Start num. interpolation iter.  ....    10
   Max. Number of Micro iterations      ....    16
   Max. Number of Macro iterations      .... Maxiter - #DIIS iter
   Number of Davidson start vectors     ....     2
   Converg. threshold I  (grad. norm)   ....   5.000e-05
   Converg. threshold II (energy diff.) ....   1.000e-06
   Grad. Scal. Fac. for Micro threshold ....   0.100
   Minimum threshold for Micro iter.    ....   0.010
   NR start threshold (gradient norm)   ....   0.001
   Initial trust radius                 ....   0.400
   Minimum AH scaling param. (alpha)    ....   1.000
   Maximum AH scaling param. (alpha)    .... 1000.000
   Orbital update algorithm             .... Taylor
   White noise on init. David. guess    .... on
   Maximum white noise                  ....   0.010
   Quad. conv. algorithm                .... NR
 SOSCF                  CNVSOSCF        .... on
   Start iteration      SOSCFMaxIt      ....   150
   Startup grad/error   SOSCFStart      ....  0.003300
 Level Shifting         CNVShift        .... on
   Level shift para.    LevelShift      ....    0.2500
   Turn off err/grad.   ShiftErr        ....    0.0010
 Zerner damping         CNVZerner       .... off
 Static damping         CNVDamp         .... on
   Fraction old density DampFac         ....    0.7000
   Max. Damping (<1)    DampMax         ....    0.9800
   Min. Damping (>=0)   DampMin         ....    0.0000
   Turn off err/grad.   DampErr         ....    0.1000
 Fernandez-Rico         CNVRico         .... off

SCF Procedure:
 Maximum # iterations   MaxIter         ....   125
 SCF integral mode      SCFMode         .... Direct
   Integral package                     .... SHARK and LIBINT hybrid scheme
 Reset frequency        DirectResetFreq ....    20
 Integral Threshold     Thresh          ....  1.000e-10 Eh
 Primitive CutOff       TCut            ....  1.000e-11 Eh

Convergence Tolerance:
 Convergence Check Mode ConvCheckMode   .... Total+1el-Energy
 Convergence forced     ConvForced      .... 0
 Energy Change          TolE            ....  1.000e-06 Eh
 1-El. energy change                    ....  1.000e-03 Eh
 Orbital Gradient       TolG            ....  5.000e-05
 Orbital Rotation angle TolX            ....  5.000e-05
 DIIS Error             TolErr          ....  1.000e-06


Diagonalization of the overlap matrix:
Smallest eigenvalue                        ... 1.975e-02
Time for diagonalization                   ...    0.000 sec
Threshold for overlap eigenvalues          ... 1.000e-08
Number of eigenvalues below threshold      ... 0
Time for construction of square roots      ...    0.000 sec
Total time needed                          ...    0.000 sec

Time for model grid setup =    0.004 sec

------------------------------
INITIAL GUESS: MODEL POTENTIAL
------------------------------
Loading Hartree-Fock densities                     ... done
Calculating cut-offs                               ... done
Initializing the effective Hamiltonian             ... done
Setting up the integral package (SHARK)            ... done
Starting the Coulomb interaction                   ... done (   0.0 sec)
Reading the grid                                   ... done
Mapping shells                                     ... done
Starting the XC term evaluation                    ... done (   0.0 sec)
Transforming the Hamiltonian                       ... done (   0.0 sec)
Diagonalizing the Hamiltonian                      ... done (   0.0 sec)
Back transforming the eigenvectors                 ... done (   0.0 sec)
Now organizing SCF variables                       ... done
                      ------------------
                      INITIAL GUESS DONE (   0.0 sec)
                      ------------------

--------------------
CPCM SOLVATION MODEL
--------------------
CPCM parameters:
  Epsilon                                         ...      32.6300
  Refrac                                          ...       1.3290
  Rsolv                                           ...       1.3000
  Surface type                                    ... GAUSSIAN VDW
  Epsilon function type                           ...         CPCM
Radii:
 Radius for H  used is    2.4944 Bohr (=   1.3200 Ang.)
Calculating surface                               ...        done! (  0.0s)
GEPOL surface points                              ...          194
GEPOL Volume                                      ...      86.7312
GEPOL Surface-area                                ...      95.9892
Calculating surface distance matrix               ...        done! (  0.0s)
Performing Cholesky decomposition & store         ...        done! (  0.0s)
Overall time for CPCM initialization              ...                 0.0s
--------------
SCF ITERATIONS
--------------
ITER       Energy         Delta-E        Max-DP      RMS-DP      [F,P]     Damp
               ***  Starting incremental Fock matrix formation  ***
  0     -1.1046878681   0.000000000000 0.00770936  0.00152504  0.0437102 0.7000
  1     -1.1054006487  -0.000712780614 0.00733910  0.00144110  0.0351548 0.7000
                               ***Turning on DIIS***
  2     -1.1059773159  -0.000576667141 0.01959798  0.00383525  0.0271339 0.0000
  3     -1.1087956932  -0.002818377339 0.00435531  0.00083507  0.0057820 0.0000
                      *** Initiating the SOSCF procedure ***
                           *** Shutting down DIIS ***
                      *** Re-Reading the Fockian *** 
                      *** Removing any level shift *** 
ITER      Energy       Delta-E        Grad      Rot      Max-DP    RMS-DP
  4     -1.10789845   0.0008972394  0.001259  0.001259  0.001082  0.000205
               *** Restarting incremental Fock matrix formation ***
  5     -1.10760154   0.0002969169  0.000224  0.000207  0.000238  0.000045
                 **** Energy Check signals convergence ****
              ***Rediagonalizing the Fockian in SOSCF/NRSCF***

               *****************************************************
               *                     SUCCESS                       *
               *           SCF CONVERGED AFTER   6 CYCLES          *
               *****************************************************


----------------
TOTAL SCF ENERGY
----------------

Total Energy       :           -1.10760165 Eh             -30.13937 eV

Components:
Nuclear Repulsion  :            0.88196201 Eh              23.99941 eV
Electronic Energy  :           -1.98956366 Eh             -54.13878 eV
One Electron Energy:           -2.70112553 Eh             -73.50136 eV
Two Electron Energy:            0.71156187 Eh              19.36258 eV
CPCM Dielectric    :           -0.00023621 Eh              -0.00643 eV

Virial components:
Potential Energy   :           -2.35022348 Eh             -63.95283 eV
Kinetic Energy     :            1.24262183 Eh              33.81346 eV
Virial Ratio       :            1.89134250

CPCM Solvation Model Properties:
Surface-charge          :           -0.01193100
Charge-correction       :            0.00004844 Eh               0.00132 eV
Free-energy (cav+disp)  :  This term is not implemented in the current solvation scheme

---------------
SCF CONVERGENCE
---------------

  Last Energy change         ...   -1.1232e-07  Tolerance :   1.0000e-06
  Last MAX-Density change    ...    6.0294e-05  Tolerance :   1.0000e-05
  Last RMS-Density change    ...    1.1374e-05  Tolerance :   1.0000e-06
  Last Orbital Gradient      ...    4.3761e-05  Tolerance :   5.0000e-05
  Last Orbital Rotation      ...    5.0398e-05  Tolerance :   5.0000e-05

             **** THE GBW FILE WAS UPDATED (calc.gbw) ****
             **** DENSITY calc.scfp WAS UPDATED ****
             **** ENERGY FILE WAS UPDATED (calc.en.tmp) ****
             **** THE GBW FILE WAS UPDATED (calc.gbw) ****
             **** DENSITY calc.scfp WAS UPDATED ****
----------------
ORBITAL ENERGIES
----------------

  NO   OCC          E(Eh)            E(eV) 
   0   2.0000      -0.636027       -17.3072 
   1   0.0000       0.228189         6.2093 
   2   0.0000       0.448129        12.1942 
   3   0.0000       1.099543        29.9201 
   4   0.0000       1.443852        39.2892 
   5   0.0000       1.443852        39.2892 
   6   0.0000       2.242533        61.0224 
   7   0.0000       2.333718        63.5037 
   8   0.0000       2.333718        63.5037 
   9   0.0000       4.967687       135.1776 

                    ********************************
                    * MULLIKEN POPULATION ANALYSIS *
                    ********************************

-----------------------
MULLIKEN ATOMIC CHARGES
-----------------------
   0 H :   -0.000000
   1 H :    0.000000
Sum of atomic charges:   -0.0000000

--------------------------------
MULLIKEN REDUCED ORBITAL CHARGES
--------------------------------
  0 H s       :     0.986305  s :     0.986305
      pz      :     0.000000  p :     0.013695
      px      :     0.013695
      py      :     0.000000
  1 H s       :     0.986305  s :     0.986305
      pz      :     0.000000  p :     0.013695
      px      :     0.013695
      py      :     0.000000


                     *******************************
                     * LOEWDIN POPULATION ANALYSIS *
                     *******************************

----------------------
LOEWDIN ATOMIC CHARGES
----------------------
   0 H :   -0.000000
   1 H :    0.000000

-------------------------------
LOEWDIN REDUCED ORBITAL CHARGES
-------------------------------
  0 H s       :     0.966396  s :     0.966396
      pz      :     0.000000  p :     0.033604
      px      :     0.033604
      py      :     0.000000
  1 H s       :     0.966396  s :     0.966396
      pz      :     0.000000  p :     0.033604
      px      :     0.033604
      py      :     0.000000


                      *****************************
                      * MAYER POPULATION ANALYSIS *
                      *****************************

  NA   - Mulliken gross atomic population
  ZA   - Total nuclear charge
  QA   - Mulliken gross atomic charge
  VA   - Mayer's total valence
  BVA  - Mayer's bonded valence
  FA   - Mayer's free valence

  ATOM       NA         ZA         QA         VA         BVA        FA
  0 H      1.0000     1.0000    -0.0000     1.0000     1.0000    -0.0000
  1 H      1.0000     1.0000     0.0000     1.0000     1.0000    -0.0000

  Mayer bond orders larger than 0.100000
B(  0-H ,  1-H ) :   1.0000 

-------
TIMINGS
-------

Total SCF time: 0 days 0 hours 0 min 0 sec 

Total time                  ....       0.155 sec
Sum of individual times     ....       0.086 sec  ( 55.5%)

Fock matrix formation       ....       0.080 sec  ( 51.6%)
Diagonalization             ....       0.000 sec  (  0.1%)
Density matrix formation    ....       0.000 sec  (  0.0%)
Population analysis         ....       0.000 sec  (  0.2%)
Initial guess               ....       0.002 sec  (  1.2%)
Orbital Transformation      ....       0.000 sec  (  0.0%)
Orbital Orthonormalization  ....       0.000 sec  (  0.0%)
DIIS solution               ....       0.000 sec  (  0.1%)
SOSCF solution              ....       0.000 sec  (  0.0%)

Maximum memory used throughout the entire SCF-calculation: 223.5 MB

-------------------------   --------------------
FINAL SINGLE POINT ENERGY        -1.107601649249
-------------------------   --------------------


                            ***************************************
                            *     ORCA property calculations      *
                            ***************************************

                                    ---------------------
                                    Active property flags
                                    ---------------------
   (+) Dipole Moment


------------------------------------------------------------------------------
                       ORCA ELECTRIC PROPERTIES CALCULATION
------------------------------------------------------------------------------

Dipole Moment Calculation                       ... on
Quadrupole Moment Calculation                   ... off
Polarizability Calculation                      ... off
GBWName                                         ... calc.gbw
Electron density                                ... calc.scfp
The origin for moment calculation is the CENTER OF MASS  = (-3.285478, -0.506825  0.000000)

-------------
DIPOLE MOMENT
-------------
                                X             Y             Z
Electronic contribution:     -0.00000       0.00000       0.00000
Nuclear contribution   :      0.00000       0.00000       0.00000
                        -----------------------------------------
Total Dipole Moment    :     -0.00000       0.00000       0.00000
                        -----------------------------------------
Magnitude (a.u.)       :      0.00000
Magnitude (Debye)      :      0.00000



--------------------
Rotational spectrum 
--------------------
 
Rotational constants in cm-1:     0.000000    92.910300    92.910300 
Rotational constants in MHz :     0.000000 2785380.730206 2785380.730206 

 Dipole components along the rotational axes: 
x,y,z [a.u.] :    -0.000000     0.000000     0.000000 
x,y,z [Debye]:    -0.000000     0.000000     0.000000 

 

Timings for individual modules:

Sum of individual times         ...        0.224 sec (=   0.004 min)
GTO integral calculation        ...        0.055 sec (=   0.001 min)  24.3 %
SCF iterations                  ...        0.170 sec (=   0.003 min)  75.7 %
                             ****ORCA TERMINATED NORMALLY****
TOTAL RUN TIME: 0 days 0 hours 0 minutes 0 seconds 284 msec
