
                                 *****************
                                 * O   R   C   A *
                                 *****************

                                            #,                                       
                                            ###                                      
                                            ####                                     
                                            #####                                    
                                            ######                                   
                                           ########,                                 
                                     ,,################,,,,,                         
                               ,,#################################,,                 
                          ,,##########################################,,             
                       ,#########################################, ''#####,          
                    ,#############################################,,   '####,        
                  ,##################################################,,,,####,       
                ,###########''''           ''''###############################       
              ,#####''   ,,,,##########,,,,          '''####'''          '####       
            ,##' ,,,,###########################,,,                        '##       
           ' ,,###''''                  '''############,,,                           
         ,,##''                                '''############,,,,        ,,,,,,###''
      ,#''                                            '''#######################'''  
     '                                                          ''''####''''         
             ,#######,   #######,   ,#######,      ##                                
            ,#'     '#,  ##    ##  ,#'     '#,    #''#        ######   ,####,        
            ##       ##  ##   ,#'  ##            #'  '#       #        #'  '#        
            ##       ##  #######   ##           ,######,      #####,   #    #        
            '#,     ,#'  ##    ##  '#,     ,#' ,#      #,         ##   #,  ,#        
             '#######'   ##     ##  '#######'  #'      '#     #####' # '####'        



                  #######################################################
                  #                        -***-                        #
                  #          Department of theory and spectroscopy      #
                  #    Directorship and core code : Frank Neese         #
                  #        Max Planck Institute fuer Kohlenforschung    #
                  #                Kaiser Wilhelm Platz 1               #
                  #                 D-45470 Muelheim/Ruhr               #
                  #                      Germany                        #
                  #                                                     #
                  #                  All rights reserved                #
                  #                        -***-                        #
                  #######################################################


                         Program Version 5.0.3 -  RELEASE  -


 With contributions from (in alphabetic order):
   Daniel Aravena         : Magnetic Suceptibility
   Michael Atanasov       : Ab Initio Ligand Field Theory (pilot matlab implementation)
   Alexander A. Auer      : GIAO ZORA, VPT2 properties, NMR spectrum
   Ute Becker             : Parallelization
   Giovanni Bistoni       : ED, misc. LED, open-shell LED, HFLD
   Martin Brehm           : Molecular dynamics
   Dmytro Bykov           : SCF Hessian
   Vijay G. Chilkuri      : MRCI spin determinant printing, contributions to CSF-ICE
   Dipayan Datta          : RHF DLPNO-CCSD density
   Achintya Kumar Dutta   : EOM-CC, STEOM-CC
   Dmitry Ganyushin       : Spin-Orbit,Spin-Spin,Magnetic field MRCI
   Miquel Garcia          : C-PCM and meta-GGA Hessian, CC/C-PCM, Gaussian charge scheme
   Yang Guo               : DLPNO-NEVPT2, F12-NEVPT2, CIM, IAO-localization
   Andreas Hansen         : Spin unrestricted coupled pair/coupled cluster methods
   Benjamin Helmich-Paris : MC-RPA, TRAH-SCF, COSX integrals
   Lee Huntington         : MR-EOM, pCC
   Robert Izsak           : Overlap fitted RIJCOSX, COSX-SCS-MP3, EOM
   Marcus Kettner         : VPT2
   Christian Kollmar      : KDIIS, OOCD, Brueckner-CCSD(T), CCSD density, CASPT2, CASPT2-K
   Simone Kossmann        : Meta GGA functionals, TD-DFT gradient, OOMP2, MP2 Hessian
   Martin Krupicka        : Initial AUTO-CI
   Lucas Lang             : DCDCAS
   Marvin Lechner         : AUTO-CI (C++ implementation), FIC-MRCC
   Dagmar Lenk            : GEPOL surface, SMD
   Dimitrios Liakos       : Extrapolation schemes; Compound Job, initial MDCI parallelization
   Dimitrios Manganas     : Further ROCIS development; embedding schemes
   Dimitrios Pantazis     : SARC Basis sets
   Anastasios Papadopoulos: AUTO-CI, single reference methods and gradients
   Taras Petrenko         : DFT Hessian,TD-DFT gradient, ASA, ECA, R-Raman, ABS, FL, XAS/XES, NRVS
   Peter Pinski           : DLPNO-MP2, DLPNO-MP2 Gradient
   Christoph Reimann      : Effective Core Potentials
   Marius Retegan         : Local ZFS, SOC
   Christoph Riplinger    : Optimizer, TS searches, QM/MM, DLPNO-CCSD(T), (RO)-DLPNO pert. Triples
   Tobias Risthaus        : Range-separated hybrids, TD-DFT gradient, RPA, STAB
   Michael Roemelt        : Original ROCIS implementation
   Masaaki Saitow         : Open-shell DLPNO-CCSD energy and density
   Barbara Sandhoefer     : DKH picture change effects
   Avijit Sen             : IP-ROCIS
   Kantharuban Sivalingam : CASSCF convergence, NEVPT2, FIC-MRCI
   Bernardo de Souza      : ESD, SOC TD-DFT
   Georgi Stoychev        : AutoAux, RI-MP2 NMR, DLPNO-MP2 response
   Willem Van den Heuvel  : Paramagnetic NMR
   Boris Wezisla          : Elementary symmetry handling
   Frank Wennmohs         : Technical directorship


 We gratefully acknowledge several colleagues who have allowed us to
 interface, adapt or use parts of their codes:
   Stefan Grimme, W. Hujo, H. Kruse, P. Pracht,  : VdW corrections, initial TS optimization,
                  C. Bannwarth, S. Ehlert          DFT functionals, gCP, sTDA/sTD-DF
   Ed Valeev, F. Pavosevic, A. Kumar             : LibInt (2-el integral package), F12 methods
   Garnet Chan, S. Sharma, J. Yang, R. Olivares  : DMRG
   Ulf Ekstrom                                   : XCFun DFT Library
   Mihaly Kallay                                 : mrcc  (arbitrary order and MRCC methods)
   Jiri Pittner, Ondrej Demel                    : Mk-CCSD
   Frank Weinhold                                : gennbo (NPA and NBO analysis)
   Christopher J. Cramer and Donald G. Truhlar   : smd solvation model
   Lars Goerigk                                  : TD-DFT with DH, B97 family of functionals
   V. Asgeirsson, H. Jonsson                     : NEB implementation
   FAccTs GmbH                                   : IRC, NEB, NEB-TS, DLPNO-Multilevel, CI-OPT
                                                   MM, QMMM, 2- and 3-layer-ONIOM, Crystal-QMMM,
                                                   LR-CPCM, SF, NACMEs, symmetry and pop. for TD-DFT,
                                                   nearIR, NL-DFT gradient (VV10), updates on ESD,
                                                   ML-optimized integration grids
   S Lehtola, MJT Oliveira, MAL Marques          : LibXC Library
   Liviu Ungur et al                             : ANISO software


 Your calculation uses the libint2 library for the computation of 2-el integrals
 For citations please refer to: http://libint.valeyev.net

 Your ORCA version has been built with support for libXC version: 5.1.0
 For citations please refer to: https://tddft.org/programs/libxc/

 This ORCA versions uses:
   CBLAS   interface :  Fast vector & matrix operations
   LAPACKE interface :  Fast linear algebra routines
   SCALAPACK package :  Parallel linear algebra routines
   Shared memory     :  Shared parallel matrices
   BLAS/LAPACK       :  OpenBLAS 0.3.15  USE64BITINT DYNAMIC_ARCH NO_AFFINITY Zen SINGLE_THREADED
        Core in use  :  Zen
   Copyright (c) 2011-2014, The OpenBLAS Project


================================================================================

----- Orbital basis set information -----
Your calculation utilizes the basis: def2-SVP
   F. Weigend and R. Ahlrichs, Phys. Chem. Chem. Phys. 7, 3297 (2005).

================================================================================
                                        WARNINGS
                       Please study these warnings very carefully!
================================================================================


INFO   : the flag for use of the SHARK integral package has been found!

================================================================================
                                       INPUT FILE
================================================================================
NAME = calc.inp
|  1> !SP HF Def2-SVP
|  2> *xyz 1 1
|  3> C   -2.90770000   1.66310000   0.00000000
|  4> H   -2.55100000   2.16750000   0.87370000
|  5> H   -3.97770000   1.66310000   0.00000000
|  6> H   -2.55100000   2.16750000  -0.87370000
|  7> *
|  8> %plots
|  9> dim1 45
| 10> dim2 45
| 11> dim3 45
| 12> min1 0
| 13> max1 0
| 14> min2 0
| 15> max2 0
| 16> min3 0
| 17> max3 0
| 18> Format Gaussian_Cube
| 19> MO("in-HOMO.cube",3,0);
| 20> MO("in-LUMO.cube",4,0);
| 21> MO("in-LUMOA.cube",5,0);
| 22> MO("in-LUMOB.cube",6,0);
| 23> end
| 24> 
| 25> %MaxCore 2000
| 26> %pal
| 27> nprocs 1
| 28> endd                         ****END OF INPUT****
================================================================================

                       ****************************
                       * Single Point Calculation *
                       ****************************

---------------------------------
CARTESIAN COORDINATES (ANGSTROEM)
---------------------------------
  C     -2.907700    1.663100    0.000000
  H     -2.551000    2.167500    0.873700
  H     -3.977700    1.663100    0.000000
  H     -2.551000    2.167500   -0.873700

----------------------------
CARTESIAN COORDINATES (A.U.)
----------------------------
  NO LB      ZA    FRAG     MASS         X           Y           Z
   0 C     6.0000    0    12.011   -5.494757    3.142804    0.000000
   1 H     1.0000    0     1.008   -4.820691    4.095981    1.651054
   2 H     1.0000    0     1.008   -7.516764    3.142804    0.000000
   3 H     1.0000    0     1.008   -4.820691    4.095981   -1.651054

--------------------------------
INTERNAL COORDINATES (ANGSTROEM)
--------------------------------
 C      0   0   0     0.000000000000     0.00000000     0.00000000
 H      1   0   0     1.070049503528     0.00000000     0.00000000
 H      1   2   0     1.070000000000   109.47217659     0.00000000
 H      1   2   3     1.070049503528   109.47274885   120.00269215

---------------------------
INTERNAL COORDINATES (A.U.)
---------------------------
 C      0   0   0     0.000000000000     0.00000000     0.00000000
 H      1   0   0     2.022100511406     0.00000000     0.00000000
 H      1   2   0     2.022006963296   109.47217659     0.00000000
 H      1   2   3     2.022100511406   109.47274885   120.00269215

---------------------
BASIS SET INFORMATION
---------------------
There are 2 groups of distinct atoms

 Group   1 Type C   : 7s4p1d contracted to 3s2p1d pattern {511/31/1}
 Group   2 Type H   : 4s1p contracted to 2s1p pattern {31/1}

Atom   0C    basis set group =>   1
Atom   1H    basis set group =>   2
Atom   2H    basis set group =>   2
Atom   3H    basis set group =>   2
------------------------------------------------------------------------------
                           ORCA GTO INTEGRAL CALCULATION
------------------------------------------------------------------------------
------------------------------------------------------------------------------
                   ___                                                        
                  /   \      - P O W E R E D   B Y -                         
                 /     \                                                     
                 |  |  |   _    _      __       _____    __    __             
                 |  |  |  | |  | |    /  \     |  _  \  |  |  /  |          
                  \  \/   | |  | |   /    \    | | | |  |  | /  /          
                 / \  \   | |__| |  /  /\  \   | |_| |  |  |/  /          
                |  |  |   |  __  | /  /__\  \  |    /   |      \           
                |  |  |   | |  | | |   __   |  |    \   |  |\   \          
                \     /   | |  | | |  |  |  |  | |\  \  |  | \   \       
                 \___/    |_|  |_| |__|  |__|  |_| \__\ |__|  \__/        
                                                                              
                      - O R C A' S   B I G   F R I E N D -                    
                                      &                                       
                       - I N T E G R A L  F E E D E R -                       
                                                                              
 v1 FN, 2020, v2 2021                                                         
------------------------------------------------------------------------------


Reading SHARK input file calc.SHARKINP.tmp ... ok
----------------------
SHARK INTEGRAL PACKAGE
----------------------

Number of atoms                             ...      4
Number of basis functions                   ...     29
Number of shells                            ...     15
Maximum angular momentum                    ...      2
Integral batch strategy                     ... SHARK/LIBINT Hybrid
RI-J (if used) integral strategy            ... SPLIT-RIJ (Revised 2003 algorithm where possible)
Printlevel                                  ...      1
Contraction scheme used                     ... SEGMENTED contraction
Coulomb Range Separation                    ... NOT USED
Exchange Range Separation                   ... NOT USED
Finite Nucleus Model                        ... NOT USED
Auxiliary Coulomb fitting basis             ... NOT available
Auxiliary J/K fitting basis                 ... NOT available
Auxiliary Correlation fitting basis         ... NOT available
Auxiliary 'external' fitting basis          ... NOT available
Integral threshold                          ...     1.000000e-10
Primitive cut-off                           ...     1.000000e-11
Primitive pair pre-selection threshold      ...     1.000000e-11

Calculating pre-screening integrals         ... done (  0.0 sec) Dimension = 15
Organizing shell pair data                  ... done (  0.0 sec)
Shell pair information
Total number of shell pairs                 ...       120
Shell pairs after pre-screening             ...       120
Total number of primitive shell pairs       ...       400
Primitive shell pairs kept                  ...       388
          la=0 lb=0:     45 shell pairs
          la=1 lb=0:     45 shell pairs
          la=1 lb=1:     15 shell pairs
          la=2 lb=0:      9 shell pairs
          la=2 lb=1:      5 shell pairs
          la=2 lb=2:      1 shell pairs

Calculating one electron integrals          ... done (  0.0 sec)
Calculating Nuclear repulsion               ... done (  0.0 sec) ENN=      9.810298803803 Eh

SHARK setup successfully completed in   0.1 seconds

Maximum memory used throughout the entire GTOINT-calculation: 6.8 MB
-------------------------------------------------------------------------------
                                 ORCA SCF
-------------------------------------------------------------------------------

------------
SCF SETTINGS
------------
Hamiltonian:
 Ab initio Hamiltonian  Method          .... Hartree-Fock(GTOs)


General Settings:
 Integral files         IntName         .... calc
 Hartree-Fock type      HFTyp           .... RHF
 Total Charge           Charge          ....    1
 Multiplicity           Mult            ....    1
 Number of Electrons    NEL             ....    8
 Basis Dimension        Dim             ....   29
 Nuclear Repulsion      ENuc            ....      9.8102988038 Eh

Convergence Acceleration:
 DIIS                   CNVDIIS         .... on
   Start iteration      DIISMaxIt       ....    12
   Startup error        DIISStart       ....  0.200000
   # of expansion vecs  DIISMaxEq       ....     5
   Bias factor          DIISBfac        ....   1.050
   Max. coefficient     DIISMaxC        ....  10.000
 Trust-Rad. Augm. Hess. CNVTRAH         .... auto
   Auto Start mean grad. ratio tolernc. ....  1.125000
   Auto Start start iteration           ....    20
   Auto Start num. interpolation iter.  ....    10
   Max. Number of Micro iterations      ....    16
   Max. Number of Macro iterations      .... Maxiter - #DIIS iter
   Number of Davidson start vectors     ....     2
   Converg. threshold I  (grad. norm)   ....   5.000e-05
   Converg. threshold II (energy diff.) ....   1.000e-06
   Grad. Scal. Fac. for Micro threshold ....   0.100
   Minimum threshold for Micro iter.    ....   0.010
   NR start threshold (gradient norm)   ....   0.001
   Initial trust radius                 ....   0.400
   Minimum AH scaling param. (alpha)    ....   1.000
   Maximum AH scaling param. (alpha)    .... 1000.000
   Orbital update algorithm             .... Taylor
   White noise on init. David. guess    .... on
   Maximum white noise                  ....   0.010
   Quad. conv. algorithm                .... NR
 SOSCF                  CNVSOSCF        .... on
   Start iteration      SOSCFMaxIt      ....   150
   Startup grad/error   SOSCFStart      ....  0.003300
 Level Shifting         CNVShift        .... on
   Level shift para.    LevelShift      ....    0.2500
   Turn off err/grad.   ShiftErr        ....    0.0010
 Zerner damping         CNVZerner       .... off
 Static damping         CNVDamp         .... on
   Fraction old density DampFac         ....    0.7000
   Max. Damping (<1)    DampMax         ....    0.9800
   Min. Damping (>=0)   DampMin         ....    0.0000
   Turn off err/grad.   DampErr         ....    0.1000
 Fernandez-Rico         CNVRico         .... off

SCF Procedure:
 Maximum # iterations   MaxIter         ....   125
 SCF integral mode      SCFMode         .... Direct
   Integral package                     .... SHARK and LIBINT hybrid scheme
 Reset frequency        DirectResetFreq ....    20
 Integral Threshold     Thresh          ....  1.000e-10 Eh
 Primitive CutOff       TCut            ....  1.000e-11 Eh

Convergence Tolerance:
 Convergence Check Mode ConvCheckMode   .... Total+1el-Energy
 Convergence forced     ConvForced      .... 0
 Energy Change          TolE            ....  1.000e-06 Eh
 1-El. energy change                    ....  1.000e-03 Eh
 Orbital Gradient       TolG            ....  5.000e-05
 Orbital Rotation angle TolX            ....  5.000e-05
 DIIS Error             TolErr          ....  1.000e-06


Diagonalization of the overlap matrix:
Smallest eigenvalue                        ... 1.724e-02
Time for diagonalization                   ...    0.000 sec
Threshold for overlap eigenvalues          ... 1.000e-08
Number of eigenvalues below threshold      ... 0
Time for construction of square roots      ...    0.000 sec
Total time needed                          ...    0.000 sec

Time for model grid setup =    0.006 sec

------------------------------
INITIAL GUESS: MODEL POTENTIAL
------------------------------
Loading Hartree-Fock densities                     ... done
Calculating cut-offs                               ... done
Initializing the effective Hamiltonian             ... done
Setting up the integral package (SHARK)            ... done
Starting the Coulomb interaction                   ... done (   0.0 sec)
Reading the grid                                   ... done
Mapping shells                                     ... done
Starting the XC term evaluation                    ... done (   0.0 sec)
Transforming the Hamiltonian                       ... done (   0.0 sec)
Diagonalizing the Hamiltonian                      ... done (   0.0 sec)
Back transforming the eigenvectors                 ... done (   0.0 sec)
Now organizing SCF variables                       ... done
                      ------------------
                      INITIAL GUESS DONE (   0.0 sec)
                      ------------------
--------------
SCF ITERATIONS
--------------
ITER       Energy         Delta-E        Max-DP      RMS-DP      [F,P]     Damp
               ***  Starting incremental Fock matrix formation  ***
  0    -39.1393650181   0.000000000000 0.01729451  0.00130814  0.0716729 0.7000
  1    -39.1424828888  -0.003117870669 0.01295460  0.00114933  0.0562544 0.7000
                               ***Turning on DIIS***
  2    -39.1448219901  -0.002339101319 0.03048385  0.00297310  0.0426425 0.0000
  3    -39.1482279452  -0.003405955106 0.00556885  0.00071210  0.0088628 0.0000
  4    -39.1525917814  -0.004363836149 0.00235315  0.00023209  0.0044660 0.0000
                      *** Initiating the SOSCF procedure ***
                           *** Shutting down DIIS ***
                      *** Re-Reading the Fockian *** 
                      *** Removing any level shift *** 
ITER      Energy       Delta-E        Grad      Rot      Max-DP    RMS-DP
  5    -39.15059753   0.0019942547  0.001170  0.001170  0.000727  0.000056
               *** Restarting incremental Fock matrix formation ***
  6    -39.15094853  -0.0003509991  0.000239  0.000248  0.000217  0.000016
                 **** Energy Check signals convergence ****
              ***Rediagonalizing the Fockian in SOSCF/NRSCF***

               *****************************************************
               *                     SUCCESS                       *
               *           SCF CONVERGED AFTER   7 CYCLES          *
               *****************************************************


----------------
TOTAL SCF ENERGY
----------------

Total Energy       :          -39.15094871 Eh           -1065.35148 eV

Components:
Nuclear Repulsion  :            9.81029880 Eh             266.95180 eV
Electronic Energy  :          -48.96124752 Eh           -1332.30328 eV
One Electron Energy:          -68.19433314 Eh           -1855.66214 eV
Two Electron Energy:           19.23308562 Eh             523.35887 eV

Virial components:
Potential Energy   :          -78.19152005 Eh           -2127.69943 eV
Kinetic Energy     :           39.04057133 Eh            1062.34795 eV
Virial Ratio       :            2.00282725


---------------
SCF CONVERGENCE
---------------

  Last Energy change         ...   -1.8832e-07  Tolerance :   1.0000e-06
  Last MAX-Density change    ...    1.0352e-04  Tolerance :   1.0000e-05
  Last RMS-Density change    ...    8.9254e-06  Tolerance :   1.0000e-06
  Last Orbital Gradient      ...    7.5682e-05  Tolerance :   5.0000e-05
  Last Orbital Rotation      ...    1.2651e-04  Tolerance :   5.0000e-05

             **** THE GBW FILE WAS UPDATED (calc.gbw) ****
             **** DENSITY calc.scfp WAS UPDATED ****
             **** ENERGY FILE WAS UPDATED (calc.en.tmp) ****
             **** THE GBW FILE WAS UPDATED (calc.gbw) ****
             **** DENSITY calc.scfp WAS UPDATED ****
----------------
ORBITAL ENERGIES
----------------

  NO   OCC          E(Eh)            E(eV) 
   0   2.0000     -11.693068      -318.1845 
   1   2.0000      -1.283985       -34.9390 
   2   2.0000      -0.943498       -25.6739 
   3   2.0000      -0.943487       -25.6736 
   4   0.0000      -0.320717        -8.7272 
   5   0.0000      -0.050938        -1.3861 
   6   0.0000       0.005072         0.1380 
   7   0.0000       0.005080         0.1382 
   8   0.0000       0.280728         7.6390 
   9   0.0000       0.280735         7.6392 
  10   0.0000       0.358930         9.7670 
  11   0.0000       0.469672        12.7804 
  12   0.0000       0.583854        15.8875 
  13   0.0000       0.584118        15.8947 
  14   0.0000       0.584140        15.8952 
  15   0.0000       1.043149        28.3855 
  16   0.0000       1.043154        28.3857 
  17   0.0000       1.455275        39.6001 
  18   0.0000       1.472910        40.0799 
  19   0.0000       1.607059        43.7303 
  20   0.0000       1.607082        43.7309 
  21   0.0000       1.904600        51.8268 
  22   0.0000       1.904639        51.8279 
  23   0.0000       2.118747        57.6540 
  24   0.0000       2.395350        65.1808 
  25   0.0000       2.395374        65.1814 
  26   0.0000       2.717505        73.9471 
  27   0.0000       2.909401        79.1688 
  28   0.0000       2.909467        79.1706 

                    ********************************
                    * MULLIKEN POPULATION ANALYSIS *
                    ********************************

-----------------------
MULLIKEN ATOMIC CHARGES
-----------------------
   0 C :    0.365450
   1 H :    0.211526
   2 H :    0.211497
   3 H :    0.211526
Sum of atomic charges:    1.0000000

--------------------------------
MULLIKEN REDUCED ORBITAL CHARGES
--------------------------------
  0 C s       :     3.234678  s :     3.234678
      pz      :     1.178767  p :     2.379008
      px      :     1.050206
      py      :     0.150036
      dz2     :     0.005708  d :     0.020864
      dxz     :     0.003856
      dyz     :     0.005751
      dx2y2   :     0.004925
      dxy     :     0.000624
  1 H s       :     0.758128  s :     0.758128
      pz      :     0.017269  p :     0.030346
      px      :     0.005767
      py      :     0.007309
  2 H s       :     0.758156  s :     0.758156
      pz      :     0.004978  p :     0.030347
      px      :     0.024926
      py      :     0.000444
  3 H s       :     0.758128  s :     0.758128
      pz      :     0.017269  p :     0.030346
      px      :     0.005767
      py      :     0.007309


                     *******************************
                     * LOEWDIN POPULATION ANALYSIS *
                     *******************************

----------------------
LOEWDIN ATOMIC CHARGES
----------------------
   0 C :    0.681487
   1 H :    0.106180
   2 H :    0.106153
   3 H :    0.106180

-------------------------------
LOEWDIN REDUCED ORBITAL CHARGES
-------------------------------
  0 C s       :     2.946613  s :     2.946613
      pz      :     1.156666  p :     2.331536
      px      :     1.030204
      py      :     0.144667
      dz2     :     0.010872  d :     0.040363
      dxz     :     0.007493
      dyz     :     0.011728
      dx2y2   :     0.009302
      dxy     :     0.000968
  1 H s       :     0.812741  s :     0.812741
      pz      :     0.044880  p :     0.081079
      px      :     0.015973
      py      :     0.020226
  2 H s       :     0.812762  s :     0.812762
      pz      :     0.014718  p :     0.081086
      px      :     0.064734
      py      :     0.001634
  3 H s       :     0.812741  s :     0.812741
      pz      :     0.044880  p :     0.081079
      px      :     0.015973
      py      :     0.020226


                      *****************************
                      * MAYER POPULATION ANALYSIS *
                      *****************************

  NA   - Mulliken gross atomic population
  ZA   - Total nuclear charge
  QA   - Mulliken gross atomic charge
  VA   - Mayer's total valence
  BVA  - Mayer's bonded valence
  FA   - Mayer's free valence

  ATOM       NA         ZA         QA         VA         BVA        FA
  0 C      5.6345     6.0000     0.3655     2.8627     2.8627     0.0000
  1 H      0.7885     1.0000     0.2115     0.9583     0.9583     0.0000
  2 H      0.7885     1.0000     0.2115     0.9584     0.9584     0.0000
  3 H      0.7885     1.0000     0.2115     0.9583     0.9583    -0.0000

  Mayer bond orders larger than 0.100000
B(  0-C ,  1-H ) :   0.9542 B(  0-C ,  2-H ) :   0.9543 B(  0-C ,  3-H ) :   0.9542 


-------
TIMINGS
-------

Total SCF time: 0 days 0 hours 0 min 0 sec 

Total time                  ....       0.108 sec
Sum of individual times     ....       0.052 sec  ( 47.8%)

Fock matrix formation       ....       0.040 sec  ( 37.4%)
Diagonalization             ....       0.001 sec  (  0.5%)
Density matrix formation    ....       0.000 sec  (  0.0%)
Population analysis         ....       0.000 sec  (  0.4%)
Initial guess               ....       0.004 sec  (  3.5%)
Orbital Transformation      ....       0.000 sec  (  0.0%)
Orbital Orthonormalization  ....       0.000 sec  (  0.0%)
DIIS solution               ....       0.000 sec  (  0.2%)
SOSCF solution              ....       0.000 sec  (  0.1%)

Maximum memory used throughout the entire SCF-calculation: 224.6 MB

-------------------------   --------------------
FINAL SINGLE POINT ENERGY       -39.150948714107
-------------------------   --------------------

MakePlots. Basename = [calc]

---------------
PLOT GENERATION
---------------
choosing x-range =   -14.516764 ..     2.179309
choosing y-range =    -3.857196 ..    11.095981
choosing z-range =    -8.651054 ..     8.651054

GBW-File       ... calc.gbw
PlotType       ... MO-PLOT
MO/Operator    ... 3 0
Output file    ... in-HOMO.cube
Format         ... Gaussian-Cube
Resolution     ... 45 45 45
Boundaries     ...   -14.516764     2.179309 (x direction)
                      -3.857196    11.095981 (y direction)
                      -8.651054     8.651054 (z direction)
Entering PlotGrid3d with Plottype =1
choosing x-range =   -14.516764 ..     2.179309
choosing y-range =    -3.857196 ..    11.095981
choosing z-range =    -8.651054 ..     8.651054

GBW-File       ... calc.gbw
PlotType       ... MO-PLOT
MO/Operator    ... 4 0
Output file    ... in-LUMO.cube
Format         ... Gaussian-Cube
Resolution     ... 45 45 45
Boundaries     ...   -14.516764     2.179309 (x direction)
                      -3.857196    11.095981 (y direction)
                      -8.651054     8.651054 (z direction)
Entering PlotGrid3d with Plottype =1
choosing x-range =   -14.516764 ..     2.179309
choosing y-range =    -3.857196 ..    11.095981
choosing z-range =    -8.651054 ..     8.651054

GBW-File       ... calc.gbw
PlotType       ... MO-PLOT
MO/Operator    ... 5 0
Output file    ... in-LUMOA.cube
Format         ... Gaussian-Cube
Resolution     ... 45 45 45
Boundaries     ...   -14.516764     2.179309 (x direction)
                      -3.857196    11.095981 (y direction)
                      -8.651054     8.651054 (z direction)
Entering PlotGrid3d with Plottype =1
choosing x-range =   -14.516764 ..     2.179309
choosing y-range =    -3.857196 ..    11.095981
choosing z-range =    -8.651054 ..     8.651054

GBW-File       ... calc.gbw
PlotType       ... MO-PLOT
MO/Operator    ... 6 0
Output file    ... in-LUMOB.cube
Format         ... Gaussian-Cube
Resolution     ... 45 45 45
Boundaries     ...   -14.516764     2.179309 (x direction)
                      -3.857196    11.095981 (y direction)
                      -8.651054     8.651054 (z direction)
Entering PlotGrid3d with Plottype =1

                            ***************************************
                            *     ORCA property calculations      *
                            ***************************************

                                    ---------------------
                                    Active property flags
                                    ---------------------
   (+) Dipole Moment


------------------------------------------------------------------------------
                       ORCA ELECTRIC PROPERTIES CALCULATION
------------------------------------------------------------------------------

Dipole Moment Calculation                       ... on
Quadrupole Moment Calculation                   ... off
Polarizability Calculation                      ... off
GBWName                                         ... calc.gbw
Electron density                                ... calc.scfp
The origin for moment calculation is the CENTER OF MASS  = (-5.539936,  3.270612  0.000000)

-------------
DIPOLE MOMENT
-------------
                                X             Y             Z
Electronic contribution:      0.24843      -0.70276      -0.00000
Nuclear contribution   :     -0.26726       0.75608       0.00000
                        -----------------------------------------
Total Dipole Moment    :     -0.01883       0.05332      -0.00000
                        -----------------------------------------
Magnitude (a.u.)       :      0.05655
Magnitude (Debye)      :      0.14373



--------------------
Rotational spectrum 
--------------------
 
Rotational constants in cm-1:     9.131461     9.130920     5.477308 
Rotational constants in MHz : 273754.325982 273738.102198 164205.556177 

 Dipole components along the rotational axes: 
x,y,z [a.u.] :    -0.000000    -0.000016     0.056548 
x,y,z [Debye]:    -0.000000    -0.000040     0.143734 

 

Timings for individual modules:

Sum of individual times         ...        0.424 sec (=   0.007 min)
GTO integral calculation        ...        0.065 sec (=   0.001 min)  15.4 %
SCF iterations                  ...        0.122 sec (=   0.002 min)  28.9 %
Orbital/Density plot generation ...        0.237 sec (=   0.004 min)  55.8 %
                             ****ORCA TERMINATED NORMALLY****
TOTAL RUN TIME: 0 days 0 hours 0 minutes 0 seconds 497 msec
