      -----------------------------------------------------------      
     |                   =====================                   |     
     |                           x T B                           |     
     |                   =====================                   |     
     |                         S. Grimme                         |     
     |          Mulliken Center for Theoretical Chemistry        |     
     |                    University of Bonn                     |     
      -----------------------------------------------------------      

   * xtb version 6.5.1 (579679a) compiled by 'ehlert@majestix' on 2022-07-11

   xtb is free software: you can redistribute it and/or modify it under
   the terms of the GNU Lesser General Public License as published by
   the Free Software Foundation, either version 3 of the License, or
   (at your option) any later version.
   
   xtb is distributed in the hope that it will be useful,
   but WITHOUT ANY WARRANTY; without even the implied warranty of
   MERCHANTABILITY or FITNESS FOR A PARTICULAR PURPOSE.  See the
   GNU Lesser General Public License for more details.
   
   Cite this work as:
   * C. Bannwarth, E. Caldeweyher, S. Ehlert, A. Hansen, P. Pracht,
     J. Seibert, S. Spicher, S. Grimme, WIREs Comput. Mol. Sci., 2020, 11,
     e01493. DOI: 10.1002/wcms.1493
   
   for GFN2-xTB:
   * C. Bannwarth, S. Ehlert and S. Grimme., J. Chem. Theory Comput., 2019,
     15, 1652-1671. DOI: 10.1021/acs.jctc.8b01176
   for GFN1-xTB:
   * S. Grimme, C. Bannwarth, P. Shushkov, J. Chem. Theory Comput., 2017,
     13, 1989-2009. DOI: 10.1021/acs.jctc.7b00118
   for GFN0-xTB:
   * P. Pracht, E. Caldeweyher, S. Ehlert, S. Grimme, ChemRxiv, 2019, preprint.
     DOI: 10.26434/chemrxiv.8326202.v1
   for GFN-FF:
   * S. Spicher and S. Grimme, Angew. Chem. Int. Ed., 2020, 59, 15665-15673.
     DOI: 10.1002/anie.202004239
   
   for ALPB and GBSA implicit solvation:
   * S. Ehlert, M. Stahn, S. Spicher, S. Grimme, J. Chem. Theory Comput.,
     2021, 17, 4250-4261. DOI: 10.1021/acs.jctc.1c00471
   
   for DFT-D4:
   * E. Caldeweyher, C. Bannwarth and S. Grimme, J. Chem. Phys., 2017,
     147, 034112. DOI: 10.1063/1.4993215
   * E. Caldeweyher, S. Ehlert, A. Hansen, H. Neugebauer, S. Spicher,
     C. Bannwarth and S. Grimme, J. Chem. Phys., 2019, 150, 154122.
     DOI: 10.1063/1.5090222
   * E. Caldeweyher, J.-M. Mewes, S. Ehlert and S. Grimme, Phys. Chem. Chem. Phys.
     2020, 22, 8499-8512. DOI: 10.1039/D0CP00502A
   
   for sTDA-xTB:
   * S. Grimme and C. Bannwarth, J. Chem. Phys., 2016, 145, 054103.
     DOI: 10.1063/1.4959605
   
   in the mass-spec context:
   * V. Asgeirsson, C. Bauer and S. Grimme, Chem. Sci., 2017, 8, 4879.
     DOI: 10.1039/c7sc00601b
   * J. Koopman and S. Grimme, ACS Omega 2019, 4, 12, 15120-15133.
     DOI: 10.1021/acsomega.9b02011
   
   for metadynamics refer to:
   * S. Grimme, J. Chem. Theory Comput., 2019, 155, 2847-2862
     DOI: 10.1021/acs.jctc.9b00143
   
   for SPH calculations refer to:
   * S. Spicher and S. Grimme, J. Chem. Theory Comput., 2021, 17, 1701-1714
     DOI: 10.1021/acs.jctc.0c01306
   
   with help from (in alphabetical order)
   P. Atkinson, C. Bannwarth, F. Bohle, G. Brandenburg, E. Caldeweyher
   M. Checinski, S. Dohm, S. Ehlert, S. Ehrlich, I. Gerasimov, C. Hölzer
   A. Katbashev, J. Koopman, C. Lavigne, S. Lehtola, F. März, M. Müller,
   F. Musil, H. Neugebauer, J. Pisarek, C. Plett, P. Pracht, F. Pultar,
   J. Seibert, P. Shushkov, S. Spicher, M. Stahn, M. Steiner, T. Strunk,
   J. Stückrath, T. Rose, and J. Unsleber
   
 * started run on 2023/02/08 at 19:03:22.511     

           -------------------------------------------------
          |                Calculation Setup                |
           -------------------------------------------------

          program call               : xtb in.xyz --gfn 1
          hostname                   : web
          coordinate file            : in.xyz
          omp threads                :                    16

   ID    Z sym.   atoms
    1    6 C      1
    2    1 H      2-5

           -------------------------------------------------
          |                 G F N 1 - x T B                 |
           -------------------------------------------------

        Reference                      10.1021/acs.jctc.7b00118
      * Hamiltonian:
        H0-scaling (s, p, d)           1.850000    2.250000    2.000000
        zeta-weighting                 0.000000
      * Dispersion:
        s8                             2.400000
        a1                             0.630000
        a2                             5.000000
        s9                             0.000000
      * Repulsion:
        kExp                           1.500000
        rExp                           1.000000
      * Coulomb:
        alpha                          2.000000
        third order                    atomic
        anisotropic                    false
      * Halogen bond correction:
        rad-scale                      1.300000
        damping                        0.440000


          ...................................................
          :                      SETUP                      :
          :.................................................:
          :  # basis functions                  12          :
          :  # atomic orbitals                  12          :
          :  # shells                           10          :
          :  # electrons                         8          :
          :  # halogen bonds                     0          :
          :  max. iterations                   250          :
          :  Hamiltonian                  GFN1-xTB          :
          :  restarted?                      false          :
          :  GBSA solvation                  false          :
          :  PC potential                    false          :
          :  electronic temp.          300.0000000     K    :
          :  accuracy                    1.0000000          :
          :  -> integral cutoff          0.2500000E+02      :
          :  -> integral neglect         0.1000000E-07      :
          :  -> SCF convergence          0.1000000E-05 Eh   :
          :  -> wf. convergence          0.2000000E-04 e    :
          :  Broyden damping             0.4000000          :
          ...................................................

 iter      E             dE          RMSdq      gap      omega  full diag
   1     -4.3484174 -0.434842E+01  0.687E+00    9.81       0.0  T
   2     -4.3497393 -0.132194E-02  0.415E+00    9.89       1.0  T
   3     -4.3500445 -0.305189E-03  0.440E-01   10.03       1.0  T
   4     -4.3501226 -0.781471E-04  0.350E-01    9.94       1.0  T
   5     -4.3501960 -0.733694E-04  0.137E-02    9.97       3.3  T
   6     -4.3501961 -0.127544E-06  0.515E-04    9.97      86.8  T
   7     -4.3501961 -0.133511E-09  0.277E-04    9.97     161.7  T
   8     -4.3501961 -0.518972E-10  0.756E-07    9.97   59125.4  T
   9     -4.3501961 -0.355271E-14  0.539E-07    9.97   82901.8  T

   *** convergence criteria satisfied after 9 iterations ***

         #    Occupation            Energy/Eh            Energy/eV
      -------------------------------------------------------------
         1        2.0000           -0.6286275             -17.1058
         2        2.0000           -0.5135291             -13.9738
         3        2.0000           -0.5133543             -13.9691
         4        2.0000           -0.5130740             -13.9615 (HOMO)
         5                         -0.1465034              -3.9866 (LUMO)
         6                         -0.0581534              -1.5824
         7                         -0.0580106              -1.5785
         8                         -0.0579551              -1.5770
         9                          0.2964148               8.0659
       ...                                ...                  ...
        12                          0.5852617              15.9258
      -------------------------------------------------------------
                  HL-Gap            0.3665706 Eh            9.9749 eV
             Fermi-level           -0.3297887 Eh           -8.9740 eV

 SCC (total)                   0 d,  0 h,  0 min,  0.002 sec
 SCC setup                      ...        0 min,  0.000 sec (  7.684%)
 Dispersion                     ...        0 min,  0.000 sec (  8.910%)
 classical contributions        ...        0 min,  0.000 sec (  3.648%)
 integral evaluation            ...        0 min,  0.000 sec ( 13.210%)
 iterations                     ...        0 min,  0.001 sec ( 42.906%)
 molecular gradient             ...        0 min,  0.000 sec ( 16.936%)
 printout                       ...        0 min,  0.000 sec (  5.464%)

         :::::::::::::::::::::::::::::::::::::::::::::::::::::
         ::                     SUMMARY                     ::
         :::::::::::::::::::::::::::::::::::::::::::::::::::::
         :: total energy              -4.273626288598 Eh    ::
         :: gradient norm              0.022537687580 Eh/a0 ::
         :: HOMO-LUMO gap              9.974893152994 eV    ::
         ::.................................................::
         :: SCC energy                -4.350196144161 Eh    ::
         :: -> electrostatic           0.000104472433 Eh    ::
         :: repulsion energy           0.077024586055 Eh    ::
         :: dispersion energy         -0.000454730492 Eh    ::
         :: halogen bond corr.         0.000000000000 Eh    ::
         :: add. restraining           0.000000000000 Eh    ::
         :: total charge               0.000000000000 e     ::
         :::::::::::::::::::::::::::::::::::::::::::::::::::::

           -------------------------------------------------
          |                Property Printout                |
           -------------------------------------------------

    * Orbital Energies and Occupations

         #    Occupation            Energy/Eh            Energy/eV
      -------------------------------------------------------------
         1        2.0000           -0.6286275             -17.1058
         2        2.0000           -0.5135291             -13.9738
         3        2.0000           -0.5133543             -13.9691
         4        2.0000           -0.5130740             -13.9615 (HOMO)
         5                         -0.1465034              -3.9866 (LUMO)
         6                         -0.0581534              -1.5824
         7                         -0.0580106              -1.5785
         8                         -0.0579551              -1.5770
         9                          0.2964148               8.0659
        10                          0.3035478               8.2600
        11                          0.3070915               8.3564
        12                          0.5852617              15.9258
      -------------------------------------------------------------
                  HL-Gap            0.3665706 Eh            9.9749 eV
             Fermi-level           -0.3297887 Eh           -8.9740 eV

  Mulliken/CM5 charges         n(s)   n(p)   n(d)
     1C    -0.13978 -0.34027   0.978  3.162  0.000
     2H     0.03500  0.08520   0.965  0.000  0.000
     3H     0.03529  0.08579   0.965  0.000  0.000
     4H     0.03448  0.08407   0.966  0.000  0.000
     5H     0.03500  0.08520   0.965  0.000  0.000

Wiberg/Mayer (AO) data.
largest (>0.10) Wiberg bond orders for each atom

 ---------------------------------------------------------------------------
     #   Z sym  total        # sym  WBO       # sym  WBO       # sym  WBO
 ---------------------------------------------------------------------------
     1   6 C    3.991 --     3 H    0.998     5 H    0.998     2 H    0.998
                             4 H    0.998
     2   1 H    1.001 --     1 C    0.998
     3   1 H    1.001 --     1 C    0.998
     4   1 H    1.001 --     1 C    0.998
     5   1 H    1.001 --     1 C    0.998
 ---------------------------------------------------------------------------

Topologies differ in total number of bonds
Writing topology from bond orders to xtbtopo.mol

 dipole moment from electron density (au)
     X       Y       Z   
  -0.0003  -0.0005   0.0005  total (Debye):    0.002


           -------------------------------------------------
          | TOTAL ENERGY               -4.273626288598 Eh   |
          | GRADIENT NORM               0.022537687580 Eh/α |
          | HOMO-LUMO GAP               9.974893152994 eV   |
           -------------------------------------------------

------------------------------------------------------------------------
 * finished run on 2023/02/08 at 19:03:22.536     
------------------------------------------------------------------------
 total:
 * wall-time:     0 d,  0 h,  0 min,  0.025 sec
 *  cpu-time:     0 d,  0 h,  0 min,  0.317 sec
 * ratio c/w:    12.473 speedup
 SCF:
 * wall-time:     0 d,  0 h,  0 min,  0.002 sec
 *  cpu-time:     0 d,  0 h,  0 min,  0.025 sec
 * ratio c/w:    15.235 speedup

normal termination of xtb
