 Entering Gaussian System
 *********************************************
 Gaussian 98:
 frequency output generated by the xtb code
 *********************************************
                         Standard orientation:
 --------------------------------------------------------------------
  Center     Atomic     Atomic              Coordinates (Angstroms)
  Number     Number      Type              X           Y           Z
 --------------------------------------------------------------------
    1          1             0       -1.350204   -0.268193    0.000005
    2          1             0       -2.126999   -0.268189    0.000008
 --------------------------------------------------------------------
     1 basis functions        1 primitive gaussians
     1 alpha electrons        1 beta electrons
 
 Harmonic frequencies (cm**-1), IR intensities (km*mol⁻¹),
 Raman scattering activities (A**4/amu), Raman depolarization ratios,
 reduced masses (AMU), force constants (mDyne/A) and normal coordinates:
                      1
                        a 
 Frequencies --  3752.5744
 Red. masses --     1.0079
 Frc consts  --     0.0000
 IR Inten    --     0.0000
 Raman Activ --     0.0000
 Depolar     --     0.0000
 Atom AN      X      Y      Z        X      Y      Z        X      Y      Z
   1   1     0.71  -0.00  -0.00
   2   1    -0.71   0.00   0.00
